******************************************************************************
             TMS320C2000 Linker PC v22.6.1                     
******************************************************************************
>> Linked Wed Mar  5 11:47:57 2025

OUTPUT FILE NAME:   <single_inverterDCAC.out>
ENTRY POINT SYMBOL: "_c_int00"  address: 003f5057


MEMORY CONFIGURATION

         name            origin    length      used     unused   attr    fill
----------------------  --------  ---------  --------  --------  ----  --------
PAGE 0:
  RAML0                 00008000   00000800  0000034d  000004b3  RWIX
  RAML1                 00008800   00000400  00000000  00000400  RWIX
  OTP                   003d7800   00000400  00000000  00000400  RWIX
  FLASHH                003d8000   00004000  00000000  00004000  RWIX
  FLASHG                003dc000   00004000  00000000  00004000  RWIX
  FLASHF                003e0000   00004000  00000000  00004000  RWIX
  FLASHE                003e4000   00004000  00000000  00004000  RWIX
  FLASHD                003e8000   00004000  0000034d  00003cb3  RWIX
  FLASHC                003ec000   00004000  00000000  00004000  RWIX
  FLASHA                003f4000   00003f80  00001689  000028f7  RWIX
  CSM_RSVD              003f7f80   00000076  00000076  00000000  RWIX
  BEGIN                 003f7ff6   00000002  00000002  00000000  RWIX
  CSM_PWL_P0            003f7ff8   00000008  00000008  00000000  RWIX
  FPUTABLES             003fd860   000006a0  00000000  000006a0  RWIX
  IQTABLES              003fdf00   00000b50  00000000  00000b50  RWIX
  IQTABLES2             003fea50   0000008c  00000000  0000008c  RWIX
  IQTABLES3             003feadc   000000aa  00000000  000000aa  RWIX
  ROM                   003ff3b0   00000c10  00000000  00000c10  RWIX
  RESET                 003fffc0   00000002  00000000  00000002  RWIX
  VECTORS               003fffc2   0000003e  00000000  0000003e  RWIX

PAGE 1:
  BOOT_RSVD             00000000   00000050  00000000  00000050  RWIX
  RAMM0                 00000050   000003b0  00000300  000000b0  RWIX
  RAMM1                 00000400   00000400  00000000  00000400  RWIX
  DEV_EMU               00000880   00000105  00000004  00000101  RWIX
  SYS_PWR_CTL           00000985   00000003  00000003  00000000  RWIX
  FLASH_REGS            00000a80   00000060  00000008  00000058  RWIX
  CSM                   00000ae0   00000020  00000010  00000010  RWIX
  ADC_RESULT            00000b00   00000020  00000010  00000010  RWIX
  CPU_TIMER0            00000c00   00000008  00000008  00000000  RWIX
  CPU_TIMER1            00000c08   00000008  00000008  00000000  RWIX
  CPU_TIMER2            00000c10   00000008  00000008  00000000  RWIX
  PIE_CTRL              00000ce0   00000020  0000001a  00000006  RWIX
  PIE_VECT              00000d00   00000100  00000100  00000000  RWIX
  DMA                   00001000   00000200  000000e0  00000120  RWIX
  CLA1                  00001400   00000080  00000040  00000040  RWIX
  McBSPA                00005000   00000040  00000024  0000001c  RWIX
  ECANA                 00006000   00000040  00000034  0000000c  RWIX
  ECANA_LAM             00006040   00000040  00000040  00000000  RWIX
  ECANA_MOTS            00006080   00000040  00000040  00000000  RWIX
  ECANA_MOTO            000060c0   00000040  00000040  00000000  RWIX
  ECANA_MBOX            00006100   00000100  00000100  00000000  RWIX
  COMP1                 00006400   00000020  00000014  0000000c  RWIX
  COMP2                 00006420   00000020  00000014  0000000c  RWIX
  COMP3                 00006440   00000020  00000014  0000000c  RWIX
  EPWM1                 00006800   00000040  00000040  00000000  RWIX
  EPWM2                 00006840   00000040  00000040  00000000  RWIX
  EPWM3                 00006880   00000040  00000040  00000000  RWIX
  EPWM4                 000068c0   00000040  00000040  00000000  RWIX
  EPWM5                 00006900   00000040  00000040  00000000  RWIX
  EPWM6                 00006940   00000040  00000040  00000000  RWIX
  EPWM7                 00006980   00000040  00000040  00000000  RWIX
  EPWM8                 000069c0   00000040  00000040  00000000  RWIX
  ECAP1                 00006a00   00000020  00000020  00000000  RWIX
  ECAP2                 00006a20   00000020  00000020  00000000  RWIX
  ECAP3                 00006a40   00000020  00000020  00000000  RWIX
  EQEP1                 00006b00   00000040  00000022  0000001e  RWIX
  EQEP2                 00006b40   00000040  00000022  0000001e  RWIX
  GPIOCTRL              00006f80   00000040  00000040  00000000  RWIX
  GPIODAT               00006fc0   00000020  00000020  00000000  RWIX
  GPIOINT               00006fe0   00000020  00000020  00000000  RWIX
  SYSTEM                00007010   00000030  00000030  00000000  RWIX
  SPIA                  00007040   00000010  00000010  00000000  RWIX
  SCIA                  00007050   00000010  00000010  00000000  RWIX
  NMIINTRUPT            00007060   00000010  00000010  00000000  RWIX
  XINTRUPT              00007070   00000010  00000010  00000000  RWIX
  ADC                   00007100   00000080  00000050  00000030  RWIX
  SPIB                  00007740   00000010  00000010  00000000  RWIX
  SCIB                  00007750   00000010  00000010  00000000  RWIX
  I2CA                  00007900   00000040  00000022  0000001e  RWIX
  RAML2                 00008c00   00000400  00000000  00000400  RWIX
  RAML3                 00009000   00001000  00000000  00001000  RWIX
  RAML4                 0000a000   00002000  000004c4  00001b3c  RWIX
  RAML5                 0000c000   00002000  00000000  00002000  RWIX
  RAML6                 0000e000   00002000  00000000  00002000  RWIX
  RAML7                 00010000   00002000  00000000  00002000  RWIX
  RAML8                 00012000   00002000  00000000  00002000  RWIX
  USB_RAM               00040000   00000800  00000000  00000800  RWIX
  PARTID                003d7e80   00000001  00000001  00000000  RWIX
  FLASHB                003f0000   00004000  00000000  00004000  RWIX
  CSM_PWL               003f7ff8   00000008  00000008  00000000  RWIX


SECTION ALLOCATION MAP

 output                                  attributes/
section   page    origin      length       input sections
--------  ----  ----------  ----------   ----------------
.cinit     0    003f5289    000002f8     
                  003f5289    000001d0     main.obj (.cinit)
                  003f5459    000000c1     main.obj (.cinit:_pid1)
                  003f551a    00000033     main.obj (.cinit:_park)
                  003f554d    0000000a     EPWM.obj (.cinit)
                  003f5557    0000000a     rts2800_fpu32.lib : _lock.obj (.cinit)
                  003f5561    0000000a                       : exit.obj (.cinit)
                  003f556b    00000004     main.obj (.cinit:_key1_flag)
                  003f556f    00000004     main.obj (.cinit:_key2_flag)
                  003f5573    00000004     main.obj (.cinit:_key3_flag)
                  003f5577    00000004     main.obj (.cinit:_key4_flag)
                  003f557b    00000004     rts2800_fpu32.lib : errno.obj (.cinit)
                  003f557f    00000002     --HOLE-- [fill = 0]

.pinit     0    003f4000    00000000     UNINITIALIZED

ramfuncs   0    003e8000    0000034d     RUN ADDR = 00008000
                  003e8000    0000032e     main.obj (ramfuncs:retain)
                  003e832e    0000001b     F2806x_SysCtrl.obj (ramfuncs)
                  003e8349    00000004     F2806x_usDelay.obj (ramfuncs)

.text      0    003f4000    00001289     
                  003f4000    0000039b     F2806x_DefaultIsr.obj (.text:retain)
                  003f439b    00000227     main.obj (.text)
                  003f45c2    0000018a     F2806x_SysCtrl.obj (.text)
                  003f474c    0000015d     EPWM.obj (.text)
                  003f48a9    0000010c     Adc.obj (.text)
                  003f49b5    000000f0     pid_reg3.obj (.text)
                  003f4aa5    000000c3     rts2800_fpu32.lib : atan2.obj (.text)
                  003f4b68    000000bb     SOGI.obj (.text)
                  003f4c23    000000aa     ADC_Get_Value.obj (.text)
                  003f4ccd    000000a3     Gpio.obj (.text)
                  003f4d70    00000088     rts2800_fpu32.lib : fs_div.obj (.text)
                  003f4df8    0000007a     FLL.obj (.text)
                  003f4e72    00000079     rampgen.obj (.text)
                  003f4eeb    0000005f     rts2800_fpu32.lib : tan.obj (.text)
                  003f4f4a    0000005e                       : cos.obj (.text)
                  003f4fa8    0000005c                       : sin.obj (.text)
                  003f5004    00000053     System_Init.obj (.text)
                  003f5057    00000046     rts2800_fpu32.lib : boot.obj (.text)
                  003f509d    00000045     Power_cal.obj (.text)
                  003f50e2    00000039     ipark.obj (.text)
                  003f511b    00000036     park.obj (.text)
                  003f5151    00000034     Xian_Xiang.obj (.text)
                  003f5185    00000028     F2806x_PieCtrl.obj (.text)
                  003f51ad    00000026     F2806x_PieVect.obj (.text)
                  003f51d3    00000001     --HOLE-- [fill = 0]
                  003f51d4    00000020     rts2800_fpu32.lib : sqrt.obj (.text)
                  003f51f4    0000001f     low_pass_filter.obj (.text)
                  003f5213    0000001b     rts2800_fpu32.lib : args_main.obj (.text)
                  003f522e    00000019                       : exit.obj (.text)
                  003f5247    00000016                       : frexp.obj (.text)
                  003f525d    00000011     DMA.obj (.text:retain)
                  003f526e    00000009     rts2800_fpu32.lib : _lock.obj (.text)
                  003f5277    00000008     F2806x_CodeStartBranch.obj (.text)
                  003f527f    00000007     F2806x_DisInt.obj (.text)
                  003f5286    00000003     F2806x_DBGIER.obj (.text)

csm_rsvd   0    003f7f80    00000076     
                  003f7f80    00000076     F2806x_CSMPasswords.obj (csm_rsvd)

codestart 
*          0    003f7ff6    00000002     
                  003f7ff6    00000002     F2806x_CodeStartBranch.obj (codestart)

csmpasswds 
*          0    003f7ff8    00000008     
                  003f7ff8    00000008     F2806x_CSMPasswords.obj (csmpasswds)

.stack     1    00000050    00000300     UNINITIALIZED
                  00000050    00000300     --HOLE--

.ebss      1    0000a000    000004c4     UNINITIALIZED
                  0000a000    00000190     main.obj (.ebss:_temp1)
                  0000a190    00000030     main.obj (.ebss:_park)
                  0000a1c0    00000140     main.obj (.ebss)
                  0000a300    000000ca     SCI.obj (.ebss)
                  0000a3ca    00000018     F2806x_CpuTimers.obj (.ebss)
                  0000a3e2    00000008     EPWM.obj (.ebss)
                  0000a3ea    00000004     main.obj (.ebss:_key1_flag)
                  0000a3ee    00000004     main.obj (.ebss:_key2_flag)
                  0000a3f2    00000004     main.obj (.ebss:_key3_flag)
                  0000a3f6    00000004     main.obj (.ebss:_key4_flag)
                  0000a3fa    00000004     rts2800_fpu32.lib : _lock.obj (.ebss)
                  0000a3fe    00000001                       : errno.obj (.ebss)
                  0000a3ff    00000001     --HOLE--
                  0000a400    000000be     main.obj (.ebss:_pid1)
                  0000a4be    00000002     --HOLE--
                  0000a4c0    00000004     rts2800_fpu32.lib : exit.obj (.ebss)

.econst    0    003f5582    00000108     
                  003f5582    00000100     F2806x_PieVect.obj (.econst:_PieVectTableInit)
                  003f5682    00000008     rts2800_fpu32.lib : atan2.obj (.econst:_a$1)

.reset     0    003fffc0    00000002     DSECT
                  003fffc0    00000002     rts2800_fpu32.lib : boot.obj (.reset)

vectors    0    003fffc2    00000000     DSECT

DevEmuRegsFile 
*          1    00000880    00000004     UNINITIALIZED
                  00000880    00000004     F2806x_GlobalVariableDefs.obj (DevEmuRegsFile)

SysPwrCtrlRegsFile 
*          1    00000985    00000003     UNINITIALIZED
                  00000985    00000003     F2806x_GlobalVariableDefs.obj (SysPwrCtrlRegsFile)

FlashRegsFile 
*          1    00000a80    00000008     UNINITIALIZED
                  00000a80    00000008     F2806x_GlobalVariableDefs.obj (FlashRegsFile)

CsmRegsFile 
*          1    00000ae0    00000010     UNINITIALIZED
                  00000ae0    00000010     F2806x_GlobalVariableDefs.obj (CsmRegsFile)

AdcResultFile 
*          1    00000b00    00000010     UNINITIALIZED
                  00000b00    00000010     F2806x_GlobalVariableDefs.obj (AdcResultFile)

CpuTimer0RegsFile 
*          1    00000c00    00000008     UNINITIALIZED
                  00000c00    00000008     F2806x_GlobalVariableDefs.obj (CpuTimer0RegsFile)

CpuTimer1RegsFile 
*          1    00000c08    00000008     UNINITIALIZED
                  00000c08    00000008     F2806x_GlobalVariableDefs.obj (CpuTimer1RegsFile)

CpuTimer2RegsFile 
*          1    00000c10    00000008     UNINITIALIZED
                  00000c10    00000008     F2806x_GlobalVariableDefs.obj (CpuTimer2RegsFile)

PieCtrlRegsFile 
*          1    00000ce0    0000001a     UNINITIALIZED
                  00000ce0    0000001a     F2806x_GlobalVariableDefs.obj (PieCtrlRegsFile)

PieVectTableFile 
*          1    00000d00    00000100     UNINITIALIZED
                  00000d00    00000100     F2806x_GlobalVariableDefs.obj (PieVectTableFile)

EmuKeyVar 
*          1    00000d00    00000001     UNINITIALIZED
                  00000d00    00000001     F2806x_GlobalVariableDefs.obj (EmuKeyVar)

EmuBModeVar 
*          1    00000d01    00000001     UNINITIALIZED
                  00000d01    00000001     F2806x_GlobalVariableDefs.obj (EmuBModeVar)

FlashCallbackVar 
*          1    00000d02    00000002     UNINITIALIZED
                  00000d02    00000002     F2806x_GlobalVariableDefs.obj (FlashCallbackVar)

FlashScalingVar 
*          1    00000d04    00000002     UNINITIALIZED
                  00000d04    00000002     F2806x_GlobalVariableDefs.obj (FlashScalingVar)

DmaRegsFile 
*          1    00001000    000000e0     UNINITIALIZED
                  00001000    000000e0     F2806x_GlobalVariableDefs.obj (DmaRegsFile)

Cla1RegsFile 
*          1    00001400    00000040     UNINITIALIZED
                  00001400    00000040     F2806x_GlobalVariableDefs.obj (Cla1RegsFile)

McbspaRegsFile 
*          1    00005000    00000024     UNINITIALIZED
                  00005000    00000024     F2806x_GlobalVariableDefs.obj (McbspaRegsFile)

ECanaRegsFile 
*          1    00006000    00000034     UNINITIALIZED
                  00006000    00000034     F2806x_GlobalVariableDefs.obj (ECanaRegsFile)

ECanaLAMRegsFile 
*          1    00006040    00000040     UNINITIALIZED
                  00006040    00000040     F2806x_GlobalVariableDefs.obj (ECanaLAMRegsFile)

ECanaMOTSRegsFile 
*          1    00006080    00000040     UNINITIALIZED
                  00006080    00000040     F2806x_GlobalVariableDefs.obj (ECanaMOTSRegsFile)

ECanaMOTORegsFile 
*          1    000060c0    00000040     UNINITIALIZED
                  000060c0    00000040     F2806x_GlobalVariableDefs.obj (ECanaMOTORegsFile)

ECanaMboxesFile 
*          1    00006100    00000100     UNINITIALIZED
                  00006100    00000100     F2806x_GlobalVariableDefs.obj (ECanaMboxesFile)

Comp1RegsFile 
*          1    00006400    00000014     UNINITIALIZED
                  00006400    00000014     F2806x_GlobalVariableDefs.obj (Comp1RegsFile)

Comp2RegsFile 
*          1    00006420    00000014     UNINITIALIZED
                  00006420    00000014     F2806x_GlobalVariableDefs.obj (Comp2RegsFile)

Comp3RegsFile 
*          1    00006440    00000014     UNINITIALIZED
                  00006440    00000014     F2806x_GlobalVariableDefs.obj (Comp3RegsFile)

EPwm1RegsFile 
*          1    00006800    00000040     UNINITIALIZED
                  00006800    00000040     F2806x_GlobalVariableDefs.obj (EPwm1RegsFile)

EPwm2RegsFile 
*          1    00006840    00000040     UNINITIALIZED
                  00006840    00000040     F2806x_GlobalVariableDefs.obj (EPwm2RegsFile)

EPwm3RegsFile 
*          1    00006880    00000040     UNINITIALIZED
                  00006880    00000040     F2806x_GlobalVariableDefs.obj (EPwm3RegsFile)

EPwm4RegsFile 
*          1    000068c0    00000040     UNINITIALIZED
                  000068c0    00000040     F2806x_GlobalVariableDefs.obj (EPwm4RegsFile)

EPwm5RegsFile 
*          1    00006900    00000040     UNINITIALIZED
                  00006900    00000040     F2806x_GlobalVariableDefs.obj (EPwm5RegsFile)

EPwm6RegsFile 
*          1    00006940    00000040     UNINITIALIZED
                  00006940    00000040     F2806x_GlobalVariableDefs.obj (EPwm6RegsFile)

EPwm7RegsFile 
*          1    00006980    00000040     UNINITIALIZED
                  00006980    00000040     F2806x_GlobalVariableDefs.obj (EPwm7RegsFile)

EPwm8RegsFile 
*          1    000069c0    00000040     UNINITIALIZED
                  000069c0    00000040     F2806x_GlobalVariableDefs.obj (EPwm8RegsFile)

ECap1RegsFile 
*          1    00006a00    00000020     UNINITIALIZED
                  00006a00    00000020     F2806x_GlobalVariableDefs.obj (ECap1RegsFile)

ECap2RegsFile 
*          1    00006a20    00000020     UNINITIALIZED
                  00006a20    00000020     F2806x_GlobalVariableDefs.obj (ECap2RegsFile)

ECap3RegsFile 
*          1    00006a40    00000020     UNINITIALIZED
                  00006a40    00000020     F2806x_GlobalVariableDefs.obj (ECap3RegsFile)

EQep1RegsFile 
*          1    00006b00    00000022     UNINITIALIZED
                  00006b00    00000022     F2806x_GlobalVariableDefs.obj (EQep1RegsFile)

EQep2RegsFile 
*          1    00006b40    00000022     UNINITIALIZED
                  00006b40    00000022     F2806x_GlobalVariableDefs.obj (EQep2RegsFile)

GpioCtrlRegsFile 
*          1    00006f80    00000040     UNINITIALIZED
                  00006f80    00000040     F2806x_GlobalVariableDefs.obj (GpioCtrlRegsFile)

GpioDataRegsFile 
*          1    00006fc0    00000020     UNINITIALIZED
                  00006fc0    00000020     F2806x_GlobalVariableDefs.obj (GpioDataRegsFile)

GpioIntRegsFile 
*          1    00006fe0    00000020     UNINITIALIZED
                  00006fe0    00000020     F2806x_GlobalVariableDefs.obj (GpioIntRegsFile)

SysCtrlRegsFile 
*          1    00007010    00000030     UNINITIALIZED
                  00007010    00000030     F2806x_GlobalVariableDefs.obj (SysCtrlRegsFile)

SpiaRegsFile 
*          1    00007040    00000010     UNINITIALIZED
                  00007040    00000010     F2806x_GlobalVariableDefs.obj (SpiaRegsFile)

SciaRegsFile 
*          1    00007050    00000010     UNINITIALIZED
                  00007050    00000010     F2806x_GlobalVariableDefs.obj (SciaRegsFile)

NmiIntruptRegsFile 
*          1    00007060    00000010     UNINITIALIZED
                  00007060    00000010     F2806x_GlobalVariableDefs.obj (NmiIntruptRegsFile)

XIntruptRegsFile 
*          1    00007070    00000010     UNINITIALIZED
                  00007070    00000010     F2806x_GlobalVariableDefs.obj (XIntruptRegsFile)

AdcRegsFile 
*          1    00007100    00000050     UNINITIALIZED
                  00007100    00000050     F2806x_GlobalVariableDefs.obj (AdcRegsFile)

SpibRegsFile 
*          1    00007740    00000010     UNINITIALIZED
                  00007740    00000010     F2806x_GlobalVariableDefs.obj (SpibRegsFile)

ScibRegsFile 
*          1    00007750    00000010     UNINITIALIZED
                  00007750    00000010     F2806x_GlobalVariableDefs.obj (ScibRegsFile)

I2caRegsFile 
*          1    00007900    00000022     UNINITIALIZED
                  00007900    00000022     F2806x_GlobalVariableDefs.obj (I2caRegsFile)

PartIdRegsFile 
*          1    003d7e80    00000001     UNINITIALIZED
                  003d7e80    00000001     F2806x_GlobalVariableDefs.obj (PartIdRegsFile)

CsmPwlFile 
*          1    003f7ff8    00000008     UNINITIALIZED
                  003f7ff8    00000008     F2806x_GlobalVariableDefs.obj (CsmPwlFile)

MODULE SUMMARY

       Module                          code   initialized data   uninitialized data
       ------                          ----   ----------------   ------------------
    .\
       main.obj                        2179   724                974               
       F2806x_GlobalVariableDefs.obj   0      0                  2314              
       F2806x_DefaultIsr.obj           923    0                  0                 
       F2806x_SysCtrl.obj              448    0                  0                 
       EPWM.obj                        349    10                 8                 
       F2806x_PieVect.obj              38     256                0                 
       Adc.obj                         268    0                  0                 
       pid_reg3.obj                    240    0                  0                 
       SCI.obj                         0      0                  202               
       SOGI.obj                        187    0                  0                 
       ADC_Get_Value.obj               170    0                  0                 
       Gpio.obj                        163    0                  0                 
       F2806x_CSMPasswords.obj         0      126                0                 
       FLL.obj                         122    0                  0                 
       rampgen.obj                     121    0                  0                 
       System_Init.obj                 83     0                  0                 
       Power_cal.obj                   69     0                  0                 
       ipark.obj                       57     0                  0                 
       park.obj                        54     0                  0                 
       Xian_Xiang.obj                  52     0                  0                 
       F2806x_PieCtrl.obj              40     0                  0                 
       low_pass_filter.obj             31     0                  0                 
       F2806x_CpuTimers.obj            0      0                  24                
       DMA.obj                         17     0                  0                 
       F2806x_CodeStartBranch.obj      10     0                  0                 
       F2806x_usDelay.obj              8      0                  0                 
       F2806x_DisInt.obj               7      0                  0                 
       F2806x_DBGIER.obj               3      0                  0                 
    +--+-------------------------------+------+------------------+--------------------+
       Total:                          5639   1116               3522              
                                                                                   
    ../rts2800_fpu32.lib
       atan2.obj                       195    8                  0                 
       fs_div.obj                      136    0                  0                 
       tan.obj                         95     0                  0                 
       cos.obj                         94     0                  0                 
       sin.obj                         92     0                  0                 
       boot.obj                        70     0                  0                 
       exit.obj                        25     10                 4                 
       sqrt.obj                        32     0                  0                 
       args_main.obj                   27     0                  0                 
       _lock.obj                       9      10                 4                 
       frexp.obj                       22     0                  0                 
       errno.obj                       0      4                  1                 
    +--+-------------------------------+------+------------------+--------------------+
       Total:                          797    32                 9                 
                                                                                   
       Stack:                          0      0                  768               
    +--+-------------------------------+------+------------------+--------------------+
       Grand Total:                    6436   1148               4299              


GLOBAL DATA SYMBOLS: SORTED BY DATA PAGE

address     data page           name
--------    ----------------    ----
00000050       1 (00000040)     __stack

00000880      22 (00000880)     _DevEmuRegs

00000985      26 (00000980)     _SysPwrCtrlRegs

00000a80      2a (00000a80)     _FlashRegs

00000ae0      2b (00000ac0)     _CsmRegs

00000b00      2c (00000b00)     _AdcResult

00000c00      30 (00000c00)     _CpuTimer0Regs
00000c08      30 (00000c00)     _CpuTimer1Regs
00000c10      30 (00000c00)     _CpuTimer2Regs

00000ce0      33 (00000cc0)     _PieCtrlRegs

00000d00      34 (00000d00)     _EmuKey
00000d00      34 (00000d00)     _PieVectTable
00000d01      34 (00000d00)     _EmuBMode
00000d02      34 (00000d00)     _Flash_CallbackPtr
00000d04      34 (00000d00)     _Flash_CPUScaleFactor

00001000      40 (00001000)     _DmaRegs

00001400      50 (00001400)     _Cla1Regs

00005000     140 (00005000)     _McbspaRegs

00006000     180 (00006000)     _ECanaRegs

00006040     181 (00006040)     _ECanaLAMRegs

00006080     182 (00006080)     _ECanaMOTSRegs

000060c0     183 (000060c0)     _ECanaMOTORegs

00006100     184 (00006100)     _ECanaMboxes

00006400     190 (00006400)     _Comp1Regs
00006420     190 (00006400)     _Comp2Regs

00006440     191 (00006440)     _Comp3Regs

00006800     1a0 (00006800)     _EPwm1Regs

00006840     1a1 (00006840)     _EPwm2Regs

00006880     1a2 (00006880)     _EPwm3Regs

000068c0     1a3 (000068c0)     _EPwm4Regs

00006900     1a4 (00006900)     _EPwm5Regs

00006940     1a5 (00006940)     _EPwm6Regs

00006980     1a6 (00006980)     _EPwm7Regs

000069c0     1a7 (000069c0)     _EPwm8Regs

00006a00     1a8 (00006a00)     _ECap1Regs
00006a20     1a8 (00006a00)     _ECap2Regs

00006a40     1a9 (00006a40)     _ECap3Regs

00006b00     1ac (00006b00)     _EQep1Regs

00006b40     1ad (00006b40)     _EQep2Regs

00006f80     1be (00006f80)     _GpioCtrlRegs

00006fc0     1bf (00006fc0)     _GpioDataRegs
00006fe0     1bf (00006fc0)     _GpioIntRegs

00007010     1c0 (00007000)     _SysCtrlRegs

00007040     1c1 (00007040)     _SpiaRegs
00007050     1c1 (00007040)     _SciaRegs
00007060     1c1 (00007040)     _NmiIntruptRegs
00007070     1c1 (00007040)     _XIntruptRegs

00007100     1c4 (00007100)     _AdcRegs

00007740     1dd (00007740)     _SpibRegs
00007750     1dd (00007740)     _ScibRegs

00007900     1e4 (00007900)     _I2caRegs

0000a000     280 (0000a000)     _temp1

0000a190     286 (0000a180)     _park

0000a1c0     287 (0000a1c0)     _Button_flag
0000a1c1     287 (0000a1c0)     _Watch_count
0000a1c2     287 (0000a1c0)     _data_test1
0000a1c3     287 (0000a1c0)     _data_test2
0000a1c4     287 (0000a1c0)     _data_test3
0000a1c5     287 (0000a1c0)     _data_test4
0000a1c6     287 (0000a1c0)     _pwmen_flag
0000a1c7     287 (0000a1c0)     _pwmdis_flag
0000a1c8     287 (0000a1c0)     _switch_flag
0000a1c9     287 (0000a1c0)     _key2_test
0000a1ca     287 (0000a1c0)     _key3_test
0000a1cb     287 (0000a1c0)     _key4_test
0000a1cc     287 (0000a1c0)     _Overcurrent_flag
0000a1cd     287 (0000a1c0)     _EnableFlag
0000a1ce     287 (0000a1c0)     _RunFlag
0000a1d0     287 (0000a1c0)     _Ud
0000a1d2     287 (0000a1c0)     _Umag
0000a1d4     287 (0000a1c0)     _R
0000a1d6     287 (0000a1c0)     _Idref
0000a1d8     287 (0000a1c0)     _Iqref
0000a1da     287 (0000a1c0)     _PLL_delay
0000a1dc     287 (0000a1c0)     _DT_com
0000a1de     287 (0000a1c0)     _P_ref
0000a1e0     287 (0000a1c0)     _Q_ref
0000a1e2     287 (0000a1c0)     _V_ref
0000a1e4     287 (0000a1c0)     _V_mod
0000a1e6     287 (0000a1c0)     _det_I
0000a1e8     287 (0000a1c0)     _T
0000a1ea     287 (0000a1c0)     _tao
0000a1ec     287 (0000a1c0)     _Uds
0000a1ee     287 (0000a1c0)     _Grid_Ang
0000a1f0     287 (0000a1c0)     _Ang1
0000a1f2     287 (0000a1c0)     _Ang
0000a1f4     287 (0000a1c0)     _Ang2
0000a1f6     287 (0000a1c0)     _K_ang
0000a1f8     287 (0000a1c0)     _Wt1
0000a1fa     287 (0000a1c0)     _I_Ang
0000a1fc     287 (0000a1c0)     _w_count
0000a1fe     287 (0000a1c0)     _Ut

0000a200     288 (0000a200)     _Ualpha1
0000a202     288 (0000a200)     _Ubeta1
0000a204     288 (0000a200)     _key1_test
0000a206     288 (0000a200)     _ipark1
0000a212     288 (0000a200)     _xianxiang1
0000a220     288 (0000a200)     _xianxiang2
0000a22e     288 (0000a200)     _Power_calc1

0000a240     289 (0000a240)     _filter1
0000a24e     289 (0000a240)     _P_filter
0000a25c     289 (0000a240)     _Q_filter
0000a26a     289 (0000a240)     _rampgen1

0000a280     28a (0000a280)     _rampgen2
0000a290     28a (0000a280)     _FLL1
0000a2a2     28a (0000a280)     _ADC_Get_Value1

0000a2c0     28b (0000a2c0)     _sogi1
0000a2e0     28b (0000a2c0)     _sogi2

0000a300     28c (0000a300)     _Scia_Handle

0000a380     28e (0000a380)     _Scib_Handle

0000a3ca     28f (0000a3c0)     _CpuTimer0
0000a3d2     28f (0000a3c0)     _CpuTimer1
0000a3da     28f (0000a3c0)     _CpuTimer2
0000a3e2     28f (0000a3c0)     _PWMshow
0000a3e4     28f (0000a3c0)     _PWMtest
0000a3e6     28f (0000a3c0)     _SVPWM_Handle
0000a3ea     28f (0000a3c0)     _key1_flag
0000a3ee     28f (0000a3c0)     _key2_flag
0000a3f2     28f (0000a3c0)     _key3_flag
0000a3f6     28f (0000a3c0)     _key4_flag
0000a3fa     28f (0000a3c0)     __unlock
0000a3fc     28f (0000a3c0)     __lock
0000a3fe     28f (0000a3c0)     _errno

0000a400     290 (0000a400)     _pid1

0000a4c0     293 (0000a4c0)     __cleanup_ptr
0000a4c2     293 (0000a4c0)     __dtors_ptr

003d7e80    f5fa (003d7e80)     _PartIdRegs

003f5582    fd56 (003f5580)     _PieVectTableInit

003f7ff8    fdff (003f7fc0)     _CsmPwl


GLOBAL SYMBOLS: SORTED ALPHABETICALLY BY Name 

page  address   name                 
----  -------   ----                 
0     003f4000  .text                
0     003f522e  C$$EXIT              
0     003f4d70  FS$$DIV              
0     003f40be  _ADCINT1_ISR         
0     003f40c8  _ADCINT2_ISR         
0     003f42d0  _ADCINT3_ISR         
0     003f42da  _ADCINT4_ISR         
0     003f42e4  _ADCINT5_ISR         
0     003f42ee  _ADCINT6_ISR         
0     003f42f8  _ADCINT7_ISR         
0     003f4302  _ADCINT8_ISR         
0     003f40e6  _ADCINT9_ISR         
0     003f49a3  _ADCTrig             
1     0000a2a2  _ADC_Get_Value1      
0     003f4c23  _ADC_Get_Value_calc  
0     003f48a9  _ADC_Init            
0     00008000  _AdcISR              
1     00007100  _AdcRegs             
1     00000b00  _AdcResult           
1     0000a1f2  _Ang                 
1     0000a1f0  _Ang1                
1     0000a1f4  _Ang2                
1     0000a1c0  _Button_flag         
0     003f430c  _CLA1_INT1_ISR       
0     003f4316  _CLA1_INT2_ISR       
0     003f4320  _CLA1_INT3_ISR       
0     003f432a  _CLA1_INT4_ISR       
0     003f4334  _CLA1_INT5_ISR       
0     003f433e  _CLA1_INT6_ISR       
0     003f4348  _CLA1_INT7_ISR       
0     003f4352  _CLA1_INT8_ISR       
1     00001400  _Cla1Regs            
1     00006400  _Comp1Regs           
1     00006420  _Comp2Regs           
1     00006440  _Comp3Regs           
1     0000a3ca  _CpuTimer0           
1     00000c00  _CpuTimer0Regs       
1     0000a3d2  _CpuTimer1           
1     00000c08  _CpuTimer1Regs       
1     0000a3da  _CpuTimer2           
1     00000c10  _CpuTimer2Regs       
1     003f7ff8  _CsmPwl              
1     00000ae0  _CsmRegs             
0     003f46c6  _CsmUnlock           
0     003f4014  _DATALOG_ISR         
0     003f4244  _DINTCH1_ISR         
0     003f424e  _DINTCH2_ISR         
0     003f4258  _DINTCH3_ISR         
0     003f4262  _DINTCH4_ISR         
0     003f426c  _DINTCH5_ISR         
0     003f4276  _DINTCH6_ISR         
0     003f525d  _DMA_CH1_ISR         
0     003f527f  _DSP28x_DisableInt   
0     003f5283  _DSP28x_RestoreInt   
0     00008349  _DSP28x_usDelay      
1     0000a1dc  _DT_com              
1     00000880  _DevEmuRegs          
0     003f45e6  _DisableDog          
1     00001000  _DmaRegs             
0     003f42bc  _ECAN0INTA_ISR       
0     003f42c6  _ECAN1INTA_ISR       
0     003f41a4  _ECAP1_INT_ISR       
0     003f41ae  _ECAP2_INT_ISR       
0     003f41b8  _ECAP3_INT_ISR       
1     00006040  _ECanaLAMRegs        
1     000060c0  _ECanaMOTORegs       
1     00006080  _ECanaMOTSRegs       
1     00006100  _ECanaMboxes         
1     00006000  _ECanaRegs           
1     00006a00  _ECap1Regs           
1     00006a20  _ECap2Regs           
1     00006a40  _ECap3Regs           
0     003f437a  _EMPTY_ISR           
0     003f4028  _EMUINT_ISR          
0     003f4154  _EPWM1_INT_ISR       
0     003f4104  _EPWM1_TZINT_ISR     
0     003f415e  _EPWM2_INT_ISR       
0     003f410e  _EPWM2_TZINT_ISR     
0     003f4168  _EPWM3_INT_ISR       
0     003f4118  _EPWM3_TZINT_ISR     
0     003f4172  _EPWM4_INT_ISR       
0     003f4122  _EPWM4_TZINT_ISR     
0     003f417c  _EPWM5_INT_ISR       
0     003f412c  _EPWM5_TZINT_ISR     
0     003f4186  _EPWM6_INT_ISR       
0     003f4136  _EPWM6_TZINT_ISR     
0     003f4190  _EPWM7_INT_ISR       
0     003f4140  _EPWM7_TZINT_ISR     
0     003f419a  _EPWM8_INT_ISR       
0     003f414a  _EPWM8_TZINT_ISR     
1     00006800  _EPwm1Regs           
1     00006840  _EPwm2Regs           
1     00006880  _EPwm3Regs           
1     000068c0  _EPwm4Regs           
1     00006900  _EPwm5Regs           
1     00006940  _EPwm6Regs           
1     00006980  _EPwm7Regs           
1     000069c0  _EPwm8Regs           
0     003f41d6  _EQEP1_INT_ISR       
0     003f41e0  _EQEP2_INT_ISR       
1     00006b00  _EQep1Regs           
1     00006b40  _EQep2Regs           
1     00000d01  _EmuBMode            
1     00000d00  _EmuKey              
1     0000a1cd  _EnableFlag          
0     003f51a4  _EnableInterrupts    
0     003f4736  _ExtOscSel           
1     0000a290  _FLL1                
0     003f4df8  _FLL_angle_calc      
1     00000a80  _FlashRegs           
1     00000d04  _Flash_CPUScaleFactor
1     00000d02  _Flash_CallbackPtr   
0     003f501e  _Function_Module_Init
0     003f4ccd  _GPIOInit            
1     00006f80  _GpioCtrlRegs        
1     00006fc0  _GpioDataRegs        
1     00006fe0  _GpioIntRegs         
1     0000a1ee  _Grid_Ang            
0     003f41c2  _HRCAP1_INT_ISR      
0     003f41cc  _HRCAP2_INT_ISR      
0     003f41ea  _HRCAP3_INT_ISR      
0     003f41f4  _HRCAP4_INT_ISR      
0     003f4280  _I2CINT1A_ISR        
0     003f428a  _I2CINT2A_ISR        
1     00007900  _I2caRegs            
0     003f403c  _ILLEGAL_ISR         
0     003f4000  _INT13_ISR           
0     003f400a  _INT14_ISR           
1     0000a1fa  _I_Ang               
1     0000a1d6  _Idref               
0     0000832e  _InitFlash           
0     003f4670  _InitPeripheralClocks
0     003f5185  _InitPieCtrl         
0     003f51ad  _InitPieVectTable    
0     003f45ee  _InitPll             
0     003f4642  _InitPll2            
0     003f45c2  _InitSysCtrl         
0     003f46f7  _IntOsc1Sel          
0     003f4707  _IntOsc2Sel          
1     0000a1d8  _Iqref               
1     0000a1f6  _K_ang               
0     003f4370  _LUF_ISR             
0     003f4366  _LVF_ISR             
0     003f4230  _MRINTA_ISR          
0     003f423a  _MXINTA_ISR          
0     003f474c  _Master_EPWM_Init    
1     00005000  _McbspaRegs          
0     003f5044  _MemCopy             
0     003f4032  _NMI_ISR             
1     00007060  _NmiIntruptRegs      
1     0000a1cc  _Overcurrent_flag    
0     003f4387  _PIE_RESERVED        
1     0000a1da  _PLL_delay           
0     003f4877  _PWMDis_SS           
0     003f483d  _PWMEn               
1     0000a3e2  _PWMshow             
1     0000a3e4  _PWMtest             
1     0000a24e  _P_filter            
1     0000a1de  _P_ref               
1     003d7e80  _PartIdRegs          
1     00000ce0  _PieCtrlRegs         
1     00000d00  _PieVectTable        
0     003f5582  _PieVectTableInit    
0     003f509d  _Power_calc          
1     0000a22e  _Power_calc1         
1     0000a25c  _Q_filter            
1     0000a1e0  _Q_ref               
1     0000a1d4  _R                   
0     003f401e  _RTOSINT_ISR         
0     003e834d  _RamfuncsLoadEnd     
0     003e8000  _RamfuncsLoadStart   
0     00008000  _RamfuncsRunStart    
1     0000a1ce  _RunFlag             
0     003f4294  _SCIRXINTA_ISR       
0     003f42a8  _SCIRXINTB_ISR       
0     003f429e  _SCITXINTA_ISR       
0     003f42b2  _SCITXINTB_ISR       
0     003f4b68  _SOGI_calc           
0     003f4208  _SPIRXINTA_ISR       
0     003f421c  _SPIRXINTB_ISR       
0     003f4212  _SPITXINTA_ISR       
0     003f4226  _SPITXINTB_ISR       
1     0000a3e6  _SVPWM_Handle        
1     00007050  _SciaRegs            
1     0000a300  _Scia_Handle         
1     00007750  _ScibRegs            
1     0000a380  _Scib_Handle         
0     003f45dc  _ServiceDog          
0     003f5286  _SetDBGIER           
0     003f47a0  _Slave_EPWM_Init     
1     00007040  _SpiaRegs            
1     00007740  _SpibRegs            
1     00007010  _SysCtrlRegs         
0     003f5004  _SysCtrl_Init        
1     00000985  _SysPwrCtrlRegs      
1     0000a1e8  _T                   
0     003f40f0  _TINT0_ISR           
0     003f41fe  _USB0_INT_ISR        
0     003f40a0  _USER10_ISR          
0     003f40aa  _USER11_ISR          
0     003f40b4  _USER12_ISR          
0     003f4046  _USER1_ISR           
0     003f4050  _USER2_ISR           
0     003f405a  _USER3_ISR           
0     003f4064  _USER4_ISR           
0     003f406e  _USER5_ISR           
0     003f4078  _USER6_ISR           
0     003f4082  _USER7_ISR           
0     003f408c  _USER8_ISR           
0     003f4096  _USER9_ISR           
1     0000a200  _Ualpha1             
1     0000a202  _Ubeta1              
1     0000a1d0  _Ud                  
1     0000a1ec  _Uds                 
1     0000a1d2  _Umag                
1     0000a1fe  _Ut                  
1     0000a1e4  _V_mod               
1     0000a1e2  _V_ref               
0     003f40fa  _WAKEINT_ISR         
1     0000a1c1  _Watch_count         
1     0000a1f8  _Wt1                 
0     003f40d2  _XINT1_ISR           
0     003f40dc  _XINT2_ISR           
0     003f435c  _XINT3_ISR           
1     00007070  _XIntruptRegs        
0     003f5151  _Xian_Xiang_calc     
0     003f471b  _XtalOscSel          
1     00000350  __STACK_END          
abs   00000300  __STACK_SIZE         
abs   00000001  __TI_args_main       
abs   ffffffff  ___TI_pprof_out_hndl 
abs   ffffffff  ___TI_prof_data_size 
abs   ffffffff  ___TI_prof_data_start
abs   ffffffff  ___binit__           
abs   ffffffff  ___c_args__          
0     003f5289  ___cinit__           
0     003f5289  ___etext__           
abs   ffffffff  ___pinit__           
0     003f4000  ___text__            
0     003f5213  __args_main          
1     0000a4c0  __cleanup_ptr        
1     0000a4c2  __dtors_ptr          
1     0000a3fc  __lock               
0     003f5276  __nop                
0     003f5272  __register_lock      
0     003f526e  __register_unlock    
1     00000050  __stack              
1     0000a3fa  __unlock             
0     003f522e  _abort               
0     003f4aa5  _atan2               
0     003f5057  _c_int00             
0     003f4f4a  _cos                 
1     0000a1c2  _data_test1          
1     0000a1c3  _data_test2          
1     0000a1c4  _data_test3          
1     0000a1c5  _data_test4          
1     0000a1e6  _det_I               
1     0000a3fe  _errno               
0     003f5230  _exit                
1     0000a240  _filter1             
0     003f5247  _frexp               
1     0000a206  _ipark1              
0     003f50e2  _ipark_calc          
1     0000a3ea  _key1_flag           
1     0000a204  _key1_test           
1     0000a3ee  _key2_flag           
1     0000a1c9  _key2_test           
1     0000a3f2  _key3_flag           
1     0000a1ca  _key3_test           
1     0000a3f6  _key4_flag           
1     0000a1cb  _key4_test           
0     003f51f4  _low_pass_filter_calc
0     003f439b  _main                
1     0000a190  _park                
0     003f511b  _park_calc           
1     0000a400  _pid1                
0     003f49b5  _pid_reg3_calc       
1     0000a1c7  _pwmdis_flag         
1     0000a1c6  _pwmen_flag          
1     0000a26a  _rampgen1            
1     0000a280  _rampgen2            
0     003f4e72  _rampgen_calc        
0     003f4391  _rsvd_ISR            
0     003f4fa8  _sin                 
1     0000a2c0  _sogi1               
1     0000a2e0  _sogi2               
0     003f51d4  _sqrt                
1     0000a1c8  _switch_flag         
0     003f4eeb  _tan                 
1     0000a1ea  _tao                 
1     0000a000  _temp1               
1     0000a1fc  _w_count             
1     0000a212  _xianxiang1          
1     0000a220  _xianxiang2          
abs   ffffffff  binit                
0     003f5289  cinit                
0     003f7ff6  code_start           
0     003f5289  etext                
abs   ffffffff  pinit                


GLOBAL SYMBOLS: SORTED BY Symbol Address 

page  address   name                 
----  -------   ----                 
0     00008000  _AdcISR              
0     00008000  _RamfuncsRunStart    
0     0000832e  _InitFlash           
0     00008349  _DSP28x_usDelay      
0     003e8000  _RamfuncsLoadStart   
0     003e834d  _RamfuncsLoadEnd     
0     003f4000  .text                
0     003f4000  _INT13_ISR           
0     003f4000  ___text__            
0     003f400a  _INT14_ISR           
0     003f4014  _DATALOG_ISR         
0     003f401e  _RTOSINT_ISR         
0     003f4028  _EMUINT_ISR          
0     003f4032  _NMI_ISR             
0     003f403c  _ILLEGAL_ISR         
0     003f4046  _USER1_ISR           
0     003f4050  _USER2_ISR           
0     003f405a  _USER3_ISR           
0     003f4064  _USER4_ISR           
0     003f406e  _USER5_ISR           
0     003f4078  _USER6_ISR           
0     003f4082  _USER7_ISR           
0     003f408c  _USER8_ISR           
0     003f4096  _USER9_ISR           
0     003f40a0  _USER10_ISR          
0     003f40aa  _USER11_ISR          
0     003f40b4  _USER12_ISR          
0     003f40be  _ADCINT1_ISR         
0     003f40c8  _ADCINT2_ISR         
0     003f40d2  _XINT1_ISR           
0     003f40dc  _XINT2_ISR           
0     003f40e6  _ADCINT9_ISR         
0     003f40f0  _TINT0_ISR           
0     003f40fa  _WAKEINT_ISR         
0     003f4104  _EPWM1_TZINT_ISR     
0     003f410e  _EPWM2_TZINT_ISR     
0     003f4118  _EPWM3_TZINT_ISR     
0     003f4122  _EPWM4_TZINT_ISR     
0     003f412c  _EPWM5_TZINT_ISR     
0     003f4136  _EPWM6_TZINT_ISR     
0     003f4140  _EPWM7_TZINT_ISR     
0     003f414a  _EPWM8_TZINT_ISR     
0     003f4154  _EPWM1_INT_ISR       
0     003f415e  _EPWM2_INT_ISR       
0     003f4168  _EPWM3_INT_ISR       
0     003f4172  _EPWM4_INT_ISR       
0     003f417c  _EPWM5_INT_ISR       
0     003f4186  _EPWM6_INT_ISR       
0     003f4190  _EPWM7_INT_ISR       
0     003f419a  _EPWM8_INT_ISR       
0     003f41a4  _ECAP1_INT_ISR       
0     003f41ae  _ECAP2_INT_ISR       
0     003f41b8  _ECAP3_INT_ISR       
0     003f41c2  _HRCAP1_INT_ISR      
0     003f41cc  _HRCAP2_INT_ISR      
0     003f41d6  _EQEP1_INT_ISR       
0     003f41e0  _EQEP2_INT_ISR       
0     003f41ea  _HRCAP3_INT_ISR      
0     003f41f4  _HRCAP4_INT_ISR      
0     003f41fe  _USB0_INT_ISR        
0     003f4208  _SPIRXINTA_ISR       
0     003f4212  _SPITXINTA_ISR       
0     003f421c  _SPIRXINTB_ISR       
0     003f4226  _SPITXINTB_ISR       
0     003f4230  _MRINTA_ISR          
0     003f423a  _MXINTA_ISR          
0     003f4244  _DINTCH1_ISR         
0     003f424e  _DINTCH2_ISR         
0     003f4258  _DINTCH3_ISR         
0     003f4262  _DINTCH4_ISR         
0     003f426c  _DINTCH5_ISR         
0     003f4276  _DINTCH6_ISR         
0     003f4280  _I2CINT1A_ISR        
0     003f428a  _I2CINT2A_ISR        
0     003f4294  _SCIRXINTA_ISR       
0     003f429e  _SCITXINTA_ISR       
0     003f42a8  _SCIRXINTB_ISR       
0     003f42b2  _SCITXINTB_ISR       
0     003f42bc  _ECAN0INTA_ISR       
0     003f42c6  _ECAN1INTA_ISR       
0     003f42d0  _ADCINT3_ISR         
0     003f42da  _ADCINT4_ISR         
0     003f42e4  _ADCINT5_ISR         
0     003f42ee  _ADCINT6_ISR         
0     003f42f8  _ADCINT7_ISR         
0     003f4302  _ADCINT8_ISR         
0     003f430c  _CLA1_INT1_ISR       
0     003f4316  _CLA1_INT2_ISR       
0     003f4320  _CLA1_INT3_ISR       
0     003f432a  _CLA1_INT4_ISR       
0     003f4334  _CLA1_INT5_ISR       
0     003f433e  _CLA1_INT6_ISR       
0     003f4348  _CLA1_INT7_ISR       
0     003f4352  _CLA1_INT8_ISR       
0     003f435c  _XINT3_ISR           
0     003f4366  _LVF_ISR             
0     003f4370  _LUF_ISR             
0     003f437a  _EMPTY_ISR           
0     003f4387  _PIE_RESERVED        
0     003f4391  _rsvd_ISR            
0     003f439b  _main                
0     003f45c2  _InitSysCtrl         
0     003f45dc  _ServiceDog          
0     003f45e6  _DisableDog          
0     003f45ee  _InitPll             
0     003f4642  _InitPll2            
0     003f4670  _InitPeripheralClocks
0     003f46c6  _CsmUnlock           
0     003f46f7  _IntOsc1Sel          
0     003f4707  _IntOsc2Sel          
0     003f471b  _XtalOscSel          
0     003f4736  _ExtOscSel           
0     003f474c  _Master_EPWM_Init    
0     003f47a0  _Slave_EPWM_Init     
0     003f483d  _PWMEn               
0     003f4877  _PWMDis_SS           
0     003f48a9  _ADC_Init            
0     003f49a3  _ADCTrig             
0     003f49b5  _pid_reg3_calc       
0     003f4aa5  _atan2               
0     003f4b68  _SOGI_calc           
0     003f4c23  _ADC_Get_Value_calc  
0     003f4ccd  _GPIOInit            
0     003f4d70  FS$$DIV              
0     003f4df8  _FLL_angle_calc      
0     003f4e72  _rampgen_calc        
0     003f4eeb  _tan                 
0     003f4f4a  _cos                 
0     003f4fa8  _sin                 
0     003f5004  _SysCtrl_Init        
0     003f501e  _Function_Module_Init
0     003f5044  _MemCopy             
0     003f5057  _c_int00             
0     003f509d  _Power_calc          
0     003f50e2  _ipark_calc          
0     003f511b  _park_calc           
0     003f5151  _Xian_Xiang_calc     
0     003f5185  _InitPieCtrl         
0     003f51a4  _EnableInterrupts    
0     003f51ad  _InitPieVectTable    
0     003f51d4  _sqrt                
0     003f51f4  _low_pass_filter_calc
0     003f5213  __args_main          
0     003f522e  C$$EXIT              
0     003f522e  _abort               
0     003f5230  _exit                
0     003f5247  _frexp               
0     003f525d  _DMA_CH1_ISR         
0     003f526e  __register_unlock    
0     003f5272  __register_lock      
0     003f5276  __nop                
0     003f527f  _DSP28x_DisableInt   
0     003f5283  _DSP28x_RestoreInt   
0     003f5286  _SetDBGIER           
0     003f5289  ___cinit__           
0     003f5289  ___etext__           
0     003f5289  cinit                
0     003f5289  etext                
0     003f5582  _PieVectTableInit    
0     003f7ff6  code_start           
1     00000050  __stack              
1     00000350  __STACK_END          
1     00000880  _DevEmuRegs          
1     00000985  _SysPwrCtrlRegs      
1     00000a80  _FlashRegs           
1     00000ae0  _CsmRegs             
1     00000b00  _AdcResult           
1     00000c00  _CpuTimer0Regs       
1     00000c08  _CpuTimer1Regs       
1     00000c10  _CpuTimer2Regs       
1     00000ce0  _PieCtrlRegs         
1     00000d00  _EmuKey              
1     00000d00  _PieVectTable        
1     00000d01  _EmuBMode            
1     00000d02  _Flash_CallbackPtr   
1     00000d04  _Flash_CPUScaleFactor
1     00001000  _DmaRegs             
1     00001400  _Cla1Regs            
1     00005000  _McbspaRegs          
1     00006000  _ECanaRegs           
1     00006040  _ECanaLAMRegs        
1     00006080  _ECanaMOTSRegs       
1     000060c0  _ECanaMOTORegs       
1     00006100  _ECanaMboxes         
1     00006400  _Comp1Regs           
1     00006420  _Comp2Regs           
1     00006440  _Comp3Regs           
1     00006800  _EPwm1Regs           
1     00006840  _EPwm2Regs           
1     00006880  _EPwm3Regs           
1     000068c0  _EPwm4Regs           
1     00006900  _EPwm5Regs           
1     00006940  _EPwm6Regs           
1     00006980  _EPwm7Regs           
1     000069c0  _EPwm8Regs           
1     00006a00  _ECap1Regs           
1     00006a20  _ECap2Regs           
1     00006a40  _ECap3Regs           
1     00006b00  _EQep1Regs           
1     00006b40  _EQep2Regs           
1     00006f80  _GpioCtrlRegs        
1     00006fc0  _GpioDataRegs        
1     00006fe0  _GpioIntRegs         
1     00007010  _SysCtrlRegs         
1     00007040  _SpiaRegs            
1     00007050  _SciaRegs            
1     00007060  _NmiIntruptRegs      
1     00007070  _XIntruptRegs        
1     00007100  _AdcRegs             
1     00007740  _SpibRegs            
1     00007750  _ScibRegs            
1     00007900  _I2caRegs            
1     0000a000  _temp1               
1     0000a190  _park                
1     0000a1c0  _Button_flag         
1     0000a1c1  _Watch_count         
1     0000a1c2  _data_test1          
1     0000a1c3  _data_test2          
1     0000a1c4  _data_test3          
1     0000a1c5  _data_test4          
1     0000a1c6  _pwmen_flag          
1     0000a1c7  _pwmdis_flag         
1     0000a1c8  _switch_flag         
1     0000a1c9  _key2_test           
1     0000a1ca  _key3_test           
1     0000a1cb  _key4_test           
1     0000a1cc  _Overcurrent_flag    
1     0000a1cd  _EnableFlag          
1     0000a1ce  _RunFlag             
1     0000a1d0  _Ud                  
1     0000a1d2  _Umag                
1     0000a1d4  _R                   
1     0000a1d6  _Idref               
1     0000a1d8  _Iqref               
1     0000a1da  _PLL_delay           
1     0000a1dc  _DT_com              
1     0000a1de  _P_ref               
1     0000a1e0  _Q_ref               
1     0000a1e2  _V_ref               
1     0000a1e4  _V_mod               
1     0000a1e6  _det_I               
1     0000a1e8  _T                   
1     0000a1ea  _tao                 
1     0000a1ec  _Uds                 
1     0000a1ee  _Grid_Ang            
1     0000a1f0  _Ang1                
1     0000a1f2  _Ang                 
1     0000a1f4  _Ang2                
1     0000a1f6  _K_ang               
1     0000a1f8  _Wt1                 
1     0000a1fa  _I_Ang               
1     0000a1fc  _w_count             
1     0000a1fe  _Ut                  
1     0000a200  _Ualpha1             
1     0000a202  _Ubeta1              
1     0000a204  _key1_test           
1     0000a206  _ipark1              
1     0000a212  _xianxiang1          
1     0000a220  _xianxiang2          
1     0000a22e  _Power_calc1         
1     0000a240  _filter1             
1     0000a24e  _P_filter            
1     0000a25c  _Q_filter            
1     0000a26a  _rampgen1            
1     0000a280  _rampgen2            
1     0000a290  _FLL1                
1     0000a2a2  _ADC_Get_Value1      
1     0000a2c0  _sogi1               
1     0000a2e0  _sogi2               
1     0000a300  _Scia_Handle         
1     0000a380  _Scib_Handle         
1     0000a3ca  _CpuTimer0           
1     0000a3d2  _CpuTimer1           
1     0000a3da  _CpuTimer2           
1     0000a3e2  _PWMshow             
1     0000a3e4  _PWMtest             
1     0000a3e6  _SVPWM_Handle        
1     0000a3ea  _key1_flag           
1     0000a3ee  _key2_flag           
1     0000a3f2  _key3_flag           
1     0000a3f6  _key4_flag           
1     0000a3fa  __unlock             
1     0000a3fc  __lock               
1     0000a3fe  _errno               
1     0000a400  _pid1                
1     0000a4c0  __cleanup_ptr        
1     0000a4c2  __dtors_ptr          
1     003d7e80  _PartIdRegs          
1     003f7ff8  _CsmPwl              
abs   00000001  __TI_args_main       
abs   00000300  __STACK_SIZE         
abs   ffffffff  ___TI_pprof_out_hndl 
abs   ffffffff  ___TI_prof_data_size 
abs   ffffffff  ___TI_prof_data_start
abs   ffffffff  ___binit__           
abs   ffffffff  ___c_args__          
abs   ffffffff  ___pinit__           
abs   ffffffff  binit                
abs   ffffffff  pinit                

[299 symbols]
