<?xml version="1.0" encoding="ISO-8859-1" ?>
<link_info>
   <banner>TMS320C2000 Linker PC v18.12.4.LTS</banner>
   <copyright>Copyright (c) 1996-2018 Texas Instruments Incorporated</copyright>
   <link_time>0x66a2532d</link_time>
   <link_errors>0x0</link_errors>
   <output_file>single_inverter.out</output_file>
   <entry_point>
      <name>_c_int00</name>
      <address>0x3f536c</address>
   </entry_point>
   <input_file_list>
      <input_file id="fl-2">
         <path>.\</path>
         <kind>object</kind>
         <file>ADC_Get_Value.obj</file>
         <name>ADC_Get_Value.obj</name>
      </input_file>
      <input_file id="fl-3">
         <path>.\</path>
         <kind>object</kind>
         <file>Adc.obj</file>
         <name>Adc.obj</name>
      </input_file>
      <input_file id="fl-4">
         <path>.\</path>
         <kind>object</kind>
         <file>BPF.obj</file>
         <name>BPF.obj</name>
      </input_file>
      <input_file id="fl-5">
         <path>.\</path>
         <kind>object</kind>
         <file>Cal_sincos.obj</file>
         <name>Cal_sincos.obj</name>
      </input_file>
      <input_file id="fl-6">
         <path>.\</path>
         <kind>object</kind>
         <file>DFT.obj</file>
         <name>DFT.obj</name>
      </input_file>
      <input_file id="fl-7">
         <path>.\</path>
         <kind>object</kind>
         <file>DMA.obj</file>
         <name>DMA.obj</name>
      </input_file>
      <input_file id="fl-8">
         <path>.\</path>
         <kind>object</kind>
         <file>EPWM.obj</file>
         <name>EPWM.obj</name>
      </input_file>
      <input_file id="fl-9">
         <path>.\</path>
         <kind>object</kind>
         <file>F2806x_Adc.obj</file>
         <name>F2806x_Adc.obj</name>
      </input_file>
      <input_file id="fl-a">
         <path>.\</path>
         <kind>object</kind>
         <file>F2806x_CSMPasswords.obj</file>
         <name>F2806x_CSMPasswords.obj</name>
      </input_file>
      <input_file id="fl-b">
         <path>.\</path>
         <kind>object</kind>
         <file>F2806x_CodeStartBranch.obj</file>
         <name>F2806x_CodeStartBranch.obj</name>
      </input_file>
      <input_file id="fl-c">
         <path>.\</path>
         <kind>object</kind>
         <file>F2806x_Comp.obj</file>
         <name>F2806x_Comp.obj</name>
      </input_file>
      <input_file id="fl-d">
         <path>.\</path>
         <kind>object</kind>
         <file>F2806x_CpuTimers.obj</file>
         <name>F2806x_CpuTimers.obj</name>
      </input_file>
      <input_file id="fl-e">
         <path>.\</path>
         <kind>object</kind>
         <file>F2806x_DBGIER.obj</file>
         <name>F2806x_DBGIER.obj</name>
      </input_file>
      <input_file id="fl-f">
         <path>.\</path>
         <kind>object</kind>
         <file>F2806x_DefaultIsr.obj</file>
         <name>F2806x_DefaultIsr.obj</name>
      </input_file>
      <input_file id="fl-10">
         <path>.\</path>
         <kind>object</kind>
         <file>F2806x_DisInt.obj</file>
         <name>F2806x_DisInt.obj</name>
      </input_file>
      <input_file id="fl-11">
         <path>.\</path>
         <kind>object</kind>
         <file>F2806x_Dma.obj</file>
         <name>F2806x_Dma.obj</name>
      </input_file>
      <input_file id="fl-12">
         <path>.\</path>
         <kind>object</kind>
         <file>F2806x_ECan.obj</file>
         <name>F2806x_ECan.obj</name>
      </input_file>
      <input_file id="fl-13">
         <path>.\</path>
         <kind>object</kind>
         <file>F2806x_ECap.obj</file>
         <name>F2806x_ECap.obj</name>
      </input_file>
      <input_file id="fl-14">
         <path>.\</path>
         <kind>object</kind>
         <file>F2806x_EPwm.obj</file>
         <name>F2806x_EPwm.obj</name>
      </input_file>
      <input_file id="fl-15">
         <path>.\</path>
         <kind>object</kind>
         <file>F2806x_EQep.obj</file>
         <name>F2806x_EQep.obj</name>
      </input_file>
      <input_file id="fl-16">
         <path>.\</path>
         <kind>object</kind>
         <file>F2806x_GlobalVariableDefs.obj</file>
         <name>F2806x_GlobalVariableDefs.obj</name>
      </input_file>
      <input_file id="fl-17">
         <path>.\</path>
         <kind>object</kind>
         <file>F2806x_Gpio.obj</file>
         <name>F2806x_Gpio.obj</name>
      </input_file>
      <input_file id="fl-18">
         <path>.\</path>
         <kind>object</kind>
         <file>F2806x_HRCap.obj</file>
         <name>F2806x_HRCap.obj</name>
      </input_file>
      <input_file id="fl-19">
         <path>.\</path>
         <kind>object</kind>
         <file>F2806x_I2C.obj</file>
         <name>F2806x_I2C.obj</name>
      </input_file>
      <input_file id="fl-1a">
         <path>.\</path>
         <kind>object</kind>
         <file>F2806x_Mcbsp.obj</file>
         <name>F2806x_Mcbsp.obj</name>
      </input_file>
      <input_file id="fl-1b">
         <path>.\</path>
         <kind>object</kind>
         <file>F2806x_OscComp.obj</file>
         <name>F2806x_OscComp.obj</name>
      </input_file>
      <input_file id="fl-1c">
         <path>.\</path>
         <kind>object</kind>
         <file>F2806x_PieCtrl.obj</file>
         <name>F2806x_PieCtrl.obj</name>
      </input_file>
      <input_file id="fl-1d">
         <path>.\</path>
         <kind>object</kind>
         <file>F2806x_PieVect.obj</file>
         <name>F2806x_PieVect.obj</name>
      </input_file>
      <input_file id="fl-1e">
         <path>.\</path>
         <kind>object</kind>
         <file>F2806x_Spi.obj</file>
         <name>F2806x_Spi.obj</name>
      </input_file>
      <input_file id="fl-1f">
         <path>.\</path>
         <kind>object</kind>
         <file>F2806x_SysCtrl.obj</file>
         <name>F2806x_SysCtrl.obj</name>
      </input_file>
      <input_file id="fl-20">
         <path>.\</path>
         <kind>object</kind>
         <file>F2806x_TempSensorConv.obj</file>
         <name>F2806x_TempSensorConv.obj</name>
      </input_file>
      <input_file id="fl-21">
         <path>.\</path>
         <kind>object</kind>
         <file>F2806x_usDelay.obj</file>
         <name>F2806x_usDelay.obj</name>
      </input_file>
      <input_file id="fl-22">
         <path>.\</path>
         <kind>object</kind>
         <file>FLL.obj</file>
         <name>FLL.obj</name>
      </input_file>
      <input_file id="fl-23">
         <path>.\</path>
         <kind>object</kind>
         <file>Gpio.obj</file>
         <name>Gpio.obj</name>
      </input_file>
      <input_file id="fl-24">
         <path>.\</path>
         <kind>object</kind>
         <file>Power_cal.obj</file>
         <name>Power_cal.obj</name>
      </input_file>
      <input_file id="fl-25">
         <path>.\</path>
         <kind>object</kind>
         <file>SCI.obj</file>
         <name>SCI.obj</name>
      </input_file>
      <input_file id="fl-26">
         <path>.\</path>
         <kind>object</kind>
         <file>SOGI.obj</file>
         <name>SOGI.obj</name>
      </input_file>
      <input_file id="fl-27">
         <path>.\</path>
         <kind>object</kind>
         <file>System_Init.obj</file>
         <name>System_Init.obj</name>
      </input_file>
      <input_file id="fl-28">
         <path>.\</path>
         <kind>object</kind>
         <file>Xian_Xiang.obj</file>
         <name>Xian_Xiang.obj</name>
      </input_file>
      <input_file id="fl-29">
         <path>.\</path>
         <kind>object</kind>
         <file>clarke.obj</file>
         <name>clarke.obj</name>
      </input_file>
      <input_file id="fl-2a">
         <path>.\</path>
         <kind>object</kind>
         <file>clarke3h.obj</file>
         <name>clarke3h.obj</name>
      </input_file>
      <input_file id="fl-2b">
         <path>.\</path>
         <kind>object</kind>
         <file>dt_comp.obj</file>
         <name>dt_comp.obj</name>
      </input_file>
      <input_file id="fl-2c">
         <path>.\</path>
         <kind>object</kind>
         <file>ipark.obj</file>
         <name>ipark.obj</name>
      </input_file>
      <input_file id="fl-2d">
         <path>.\</path>
         <kind>object</kind>
         <file>low_pass_filter.obj</file>
         <name>low_pass_filter.obj</name>
      </input_file>
      <input_file id="fl-2e">
         <path>.\</path>
         <kind>object</kind>
         <file>main.obj</file>
         <name>main.obj</name>
      </input_file>
      <input_file id="fl-2f">
         <path>.\</path>
         <kind>object</kind>
         <file>park.obj</file>
         <name>park.obj</name>
      </input_file>
      <input_file id="fl-30">
         <path>.\</path>
         <kind>object</kind>
         <file>pid_reg3.obj</file>
         <name>pid_reg3.obj</name>
      </input_file>
      <input_file id="fl-31">
         <path>.\</path>
         <kind>object</kind>
         <file>rampgen.obj</file>
         <name>rampgen.obj</name>
      </input_file>
      <input_file id="fl-32">
         <path>.\</path>
         <kind>object</kind>
         <file>rmp_cntl.obj</file>
         <name>rmp_cntl.obj</name>
      </input_file>
      <input_file id="fl-33">
         <path>.\</path>
         <kind>object</kind>
         <file>svgen_dq.obj</file>
         <name>svgen_dq.obj</name>
      </input_file>
      <input_file id="fl-34">
         <path>.\</path>
         <kind>object</kind>
         <file>unbalance.obj</file>
         <name>unbalance.obj</name>
      </input_file>
      <input_file id="fl-3b">
         <kind>object</kind>
         <file>&lt;internal&gt;</file>
         <name>&lt;internal&gt;</name>
      </input_file>
      <input_file id="fl-3c">
         <path>..\</path>
         <kind>archive</kind>
         <file>rts2800_fpu32.lib</file>
         <name>boot.obj</name>
      </input_file>
      <input_file id="fl-3d">
         <path>..\</path>
         <kind>archive</kind>
         <file>rts2800_fpu32.lib</file>
         <name>exit.obj</name>
      </input_file>
      <input_file id="fl-3e">
         <path>..\</path>
         <kind>archive</kind>
         <file>rts2800_fpu32.lib</file>
         <name>fs_div.obj</name>
      </input_file>
      <input_file id="fl-3f">
         <path>..\</path>
         <kind>archive</kind>
         <file>rts2800_fpu32.lib</file>
         <name>sqrt.obj</name>
      </input_file>
      <input_file id="fl-40">
         <path>..\</path>
         <kind>archive</kind>
         <file>rts2800_fpu32.lib</file>
         <name>atan2.obj</name>
      </input_file>
      <input_file id="fl-41">
         <path>..\</path>
         <kind>archive</kind>
         <file>rts2800_fpu32.lib</file>
         <name>cos.obj</name>
      </input_file>
      <input_file id="fl-42">
         <path>..\</path>
         <kind>archive</kind>
         <file>rts2800_fpu32.lib</file>
         <name>sin.obj</name>
      </input_file>
      <input_file id="fl-43">
         <path>..\</path>
         <kind>archive</kind>
         <file>rts2800_fpu32.lib</file>
         <name>tan.obj</name>
      </input_file>
      <input_file id="fl-44">
         <path>..\</path>
         <kind>archive</kind>
         <file>rts2800_fpu32.lib</file>
         <name>_lock.obj</name>
      </input_file>
      <input_file id="fl-45">
         <path>..\</path>
         <kind>archive</kind>
         <file>rts2800_fpu32.lib</file>
         <name>args_main.obj</name>
      </input_file>
      <input_file id="fl-46">
         <path>..\</path>
         <kind>archive</kind>
         <file>rts2800_fpu32.lib</file>
         <name>errno.obj</name>
      </input_file>
      <input_file id="fl-47">
         <path>..\</path>
         <kind>archive</kind>
         <file>rts2800_fpu32.lib</file>
         <name>frexp.obj</name>
      </input_file>
   </input_file_list>
   <object_component_list>
      <object_component id="oc-162">
         <name>.cinit</name>
         <load_address>0x3f559d</load_address>
         <run_address>0x3f559d</run_address>
         <size>0x1d0</size>
         <input_file_ref idref="fl-2e"/>
      </object_component>
      <object_component id="oc-1c6">
         <name>.cinit:_pid1</name>
         <load_address>0x3f576d</load_address>
         <run_address>0x3f576d</run_address>
         <size>0xc1</size>
         <input_file_ref idref="fl-2e"/>
      </object_component>
      <object_component id="oc-1c4">
         <name>.cinit:_park</name>
         <load_address>0x3f582e</load_address>
         <run_address>0x3f582e</run_address>
         <size>0x33</size>
         <input_file_ref idref="fl-2e"/>
      </object_component>
      <object_component id="oc-70">
         <name>.cinit</name>
         <load_address>0x3f5861</load_address>
         <run_address>0x3f5861</run_address>
         <size>0xa</size>
         <input_file_ref idref="fl-8"/>
      </object_component>
      <object_component id="oc-1a9">
         <name>.cinit</name>
         <load_address>0x3f586b</load_address>
         <run_address>0x3f586b</run_address>
         <size>0xa</size>
         <input_file_ref idref="fl-44"/>
      </object_component>
      <object_component id="oc-18b">
         <name>.cinit</name>
         <load_address>0x3f5875</load_address>
         <run_address>0x3f5875</run_address>
         <size>0xa</size>
         <input_file_ref idref="fl-3d"/>
      </object_component>
      <object_component id="oc-1d1">
         <name>.cinit:_key1_flag</name>
         <load_address>0x3f587f</load_address>
         <run_address>0x3f587f</run_address>
         <size>0x4</size>
         <input_file_ref idref="fl-2e"/>
      </object_component>
      <object_component id="oc-1d3">
         <name>.cinit:_key2_flag</name>
         <load_address>0x3f5883</load_address>
         <run_address>0x3f5883</run_address>
         <size>0x4</size>
         <input_file_ref idref="fl-2e"/>
      </object_component>
      <object_component id="oc-1d5">
         <name>.cinit:_key3_flag</name>
         <load_address>0x3f5887</load_address>
         <run_address>0x3f5887</run_address>
         <size>0x4</size>
         <input_file_ref idref="fl-2e"/>
      </object_component>
      <object_component id="oc-1d7">
         <name>.cinit:_key4_flag</name>
         <load_address>0x3f588b</load_address>
         <run_address>0x3f588b</run_address>
         <size>0x4</size>
         <input_file_ref idref="fl-2e"/>
      </object_component>
      <object_component id="oc-1b2">
         <name>.cinit</name>
         <load_address>0x3f588f</load_address>
         <run_address>0x3f588f</run_address>
         <size>0x4</size>
         <input_file_ref idref="fl-46"/>
      </object_component>
      <object_component id="oc-94">
         <name>.text:retain</name>
         <load_address>0x3f4000</load_address>
         <run_address>0x3f4000</run_address>
         <size>0x39b</size>
         <input_file_ref idref="fl-f"/>
      </object_component>
      <object_component id="oc-164">
         <name>.text:retain</name>
         <load_address>0x3f439b</load_address>
         <run_address>0x3f439b</run_address>
         <size>0x31c</size>
         <input_file_ref idref="fl-2e"/>
      </object_component>
      <object_component id="oc-1c9">
         <name>.text</name>
         <load_address>0x3f46b7</load_address>
         <run_address>0x3f46b7</run_address>
         <size>0x227</size>
         <input_file_ref idref="fl-2e"/>
      </object_component>
      <object_component id="oc-1d8">
         <name>.text</name>
         <load_address>0x3f48de</load_address>
         <run_address>0x3f48de</run_address>
         <size>0x18c</size>
         <input_file_ref idref="fl-1f"/>
      </object_component>
      <object_component id="oc-1c2">
         <name>.text</name>
         <load_address>0x3f4a6a</load_address>
         <run_address>0x3f4a6a</run_address>
         <size>0x15d</size>
         <input_file_ref idref="fl-8"/>
      </object_component>
      <object_component id="oc-1da">
         <name>.text</name>
         <load_address>0x3f4bc7</load_address>
         <run_address>0x3f4bc7</run_address>
         <size>0x10d</size>
         <input_file_ref idref="fl-3"/>
      </object_component>
      <object_component id="oc-1cb">
         <name>.text</name>
         <load_address>0x3f4cd4</load_address>
         <run_address>0x3f4cd4</run_address>
         <size>0xf0</size>
         <input_file_ref idref="fl-30"/>
      </object_component>
      <object_component id="oc-197">
         <name>.text</name>
         <load_address>0x3f4dc4</load_address>
         <run_address>0x3f4dc4</run_address>
         <size>0xc3</size>
         <input_file_ref idref="fl-40"/>
      </object_component>
      <object_component id="oc-1c1">
         <name>.text</name>
         <load_address>0x3f4e87</load_address>
         <run_address>0x3f4e87</run_address>
         <size>0xbb</size>
         <input_file_ref idref="fl-26"/>
      </object_component>
      <object_component id="oc-1d9">
         <name>.text</name>
         <load_address>0x3f4f42</load_address>
         <run_address>0x3f4f42</run_address>
         <size>0xa3</size>
         <input_file_ref idref="fl-23"/>
      </object_component>
      <object_component id="oc-1c0">
         <name>.text</name>
         <load_address>0x3f4fe5</load_address>
         <run_address>0x3f4fe5</run_address>
         <size>0xa0</size>
         <input_file_ref idref="fl-2"/>
      </object_component>
      <object_component id="oc-18f">
         <name>.text</name>
         <load_address>0x3f5085</load_address>
         <run_address>0x3f5085</run_address>
         <size>0x88</size>
         <input_file_ref idref="fl-3e"/>
      </object_component>
      <object_component id="oc-1bf">
         <name>.text</name>
         <load_address>0x3f510d</load_address>
         <run_address>0x3f510d</run_address>
         <size>0x7a</size>
         <input_file_ref idref="fl-22"/>
      </object_component>
      <object_component id="oc-1be">
         <name>.text</name>
         <load_address>0x3f5187</load_address>
         <run_address>0x3f5187</run_address>
         <size>0x79</size>
         <input_file_ref idref="fl-31"/>
      </object_component>
      <object_component id="oc-1a3">
         <name>.text</name>
         <load_address>0x3f5200</load_address>
         <run_address>0x3f5200</run_address>
         <size>0x5f</size>
         <input_file_ref idref="fl-43"/>
      </object_component>
      <object_component id="oc-19b">
         <name>.text</name>
         <load_address>0x3f525f</load_address>
         <run_address>0x3f525f</run_address>
         <size>0x5e</size>
         <input_file_ref idref="fl-41"/>
      </object_component>
      <object_component id="oc-19f">
         <name>.text</name>
         <load_address>0x3f52bd</load_address>
         <run_address>0x3f52bd</run_address>
         <size>0x5c</size>
         <input_file_ref idref="fl-42"/>
      </object_component>
      <object_component id="oc-1cc">
         <name>.text</name>
         <load_address>0x3f5319</load_address>
         <run_address>0x3f5319</run_address>
         <size>0x53</size>
         <input_file_ref idref="fl-27"/>
      </object_component>
      <object_component id="oc-4e">
         <name>.text</name>
         <load_address>0x3f536c</load_address>
         <run_address>0x3f536c</run_address>
         <size>0x46</size>
         <input_file_ref idref="fl-3c"/>
      </object_component>
      <object_component id="oc-1bc">
         <name>.text</name>
         <load_address>0x3f53b2</load_address>
         <run_address>0x3f53b2</run_address>
         <size>0x45</size>
         <input_file_ref idref="fl-24"/>
      </object_component>
      <object_component id="oc-1ba">
         <name>.text</name>
         <load_address>0x3f53f7</load_address>
         <run_address>0x3f53f7</run_address>
         <size>0x39</size>
         <input_file_ref idref="fl-2c"/>
      </object_component>
      <object_component id="oc-1ca">
         <name>.text</name>
         <load_address>0x3f5430</load_address>
         <run_address>0x3f5430</run_address>
         <size>0x36</size>
         <input_file_ref idref="fl-2f"/>
      </object_component>
      <object_component id="oc-1bb">
         <name>.text</name>
         <load_address>0x3f5466</load_address>
         <run_address>0x3f5466</run_address>
         <size>0x34</size>
         <input_file_ref idref="fl-28"/>
      </object_component>
      <object_component id="oc-1cd">
         <name>.text</name>
         <load_address>0x3f549a</load_address>
         <run_address>0x3f549a</run_address>
         <size>0x28</size>
         <input_file_ref idref="fl-1c"/>
      </object_component>
      <object_component id="oc-1ce">
         <name>.text</name>
         <load_address>0x3f54c2</load_address>
         <run_address>0x3f54c2</run_address>
         <size>0x26</size>
         <input_file_ref idref="fl-1d"/>
      </object_component>
      <object_component id="oc-193">
         <name>.text</name>
         <load_address>0x3f54e8</load_address>
         <run_address>0x3f54e8</run_address>
         <size>0x20</size>
         <input_file_ref idref="fl-3f"/>
      </object_component>
      <object_component id="oc-1bd">
         <name>.text</name>
         <load_address>0x3f5508</load_address>
         <run_address>0x3f5508</run_address>
         <size>0x1f</size>
         <input_file_ref idref="fl-2d"/>
      </object_component>
      <object_component id="oc-1ad">
         <name>.text</name>
         <load_address>0x3f5527</load_address>
         <run_address>0x3f5527</run_address>
         <size>0x1b</size>
         <input_file_ref idref="fl-45"/>
      </object_component>
      <object_component id="oc-189">
         <name>.text</name>
         <load_address>0x3f5542</load_address>
         <run_address>0x3f5542</run_address>
         <size>0x19</size>
         <input_file_ref idref="fl-3d"/>
      </object_component>
      <object_component id="oc-1b6">
         <name>.text</name>
         <load_address>0x3f555b</load_address>
         <run_address>0x3f555b</run_address>
         <size>0x16</size>
         <input_file_ref idref="fl-47"/>
      </object_component>
      <object_component id="oc-6a">
         <name>.text:retain</name>
         <load_address>0x3f5571</load_address>
         <run_address>0x3f5571</run_address>
         <size>0x11</size>
         <input_file_ref idref="fl-7"/>
      </object_component>
      <object_component id="oc-1a7">
         <name>.text</name>
         <load_address>0x3f5582</load_address>
         <run_address>0x3f5582</run_address>
         <size>0x9</size>
         <input_file_ref idref="fl-44"/>
      </object_component>
      <object_component id="oc-7d">
         <name>.text</name>
         <load_address>0x3f558b</load_address>
         <run_address>0x3f558b</run_address>
         <size>0x8</size>
         <input_file_ref idref="fl-b"/>
      </object_component>
      <object_component id="oc-99">
         <name>.text</name>
         <load_address>0x3f5593</load_address>
         <run_address>0x3f5593</run_address>
         <size>0x7</size>
         <input_file_ref idref="fl-10"/>
      </object_component>
      <object_component id="oc-8e">
         <name>.text</name>
         <load_address>0x3f559a</load_address>
         <run_address>0x3f559a</run_address>
         <size>0x3</size>
         <input_file_ref idref="fl-e"/>
      </object_component>
      <object_component id="oc-7e">
         <name>codestart</name>
         <load_address>0x3f7ff6</load_address>
         <run_address>0x3f7ff6</run_address>
         <size>0x2</size>
         <input_file_ref idref="fl-b"/>
      </object_component>
      <object_component id="oc-1cf">
         <name>ramfuncs</name>
         <load_address>0x3e8000</load_address>
         <run_address>0x8000</run_address>
         <size>0x1b</size>
         <input_file_ref idref="fl-1f"/>
      </object_component>
      <object_component id="oc-11f">
         <name>ramfuncs</name>
         <load_address>0x3e801b</load_address>
         <run_address>0x801b</run_address>
         <size>0x4</size>
         <input_file_ref idref="fl-21"/>
      </object_component>
      <object_component id="oc-7b">
         <name>csmpasswds</name>
         <load_address>0x3f7ff8</load_address>
         <run_address>0x3f7ff8</run_address>
         <size>0x8</size>
         <input_file_ref idref="fl-a"/>
      </object_component>
      <object_component id="oc-7c">
         <name>csm_rsvd</name>
         <load_address>0x3f7f80</load_address>
         <run_address>0x3f7f80</run_address>
         <size>0x76</size>
         <input_file_ref idref="fl-a"/>
      </object_component>
      <object_component id="oc-184">
         <name>.stack</name>
         <uninitialized>true</uninitialized>
         <run_address>0x50</run_address>
         <size>0x0</size>
         <input_file_ref idref="fl-3c"/>
      </object_component>
      <object_component id="oc-231">
         <name>.stack</name>
         <uninitialized>true</uninitialized>
         <run_address>0x50</run_address>
         <size>0x0</size>
      </object_component>
      <object_component id="oc-71">
         <name>.ebss</name>
         <uninitialized>true</uninitialized>
         <run_address>0xa3e2</run_address>
         <size>0x8</size>
         <input_file_ref idref="fl-8"/>
      </object_component>
      <object_component id="oc-89">
         <name>.ebss</name>
         <uninitialized>true</uninitialized>
         <run_address>0xa3ca</run_address>
         <size>0x18</size>
         <input_file_ref idref="fl-d"/>
      </object_component>
      <object_component id="oc-134">
         <name>.ebss</name>
         <uninitialized>true</uninitialized>
         <run_address>0xa300</run_address>
         <size>0xca</size>
         <input_file_ref idref="fl-25"/>
      </object_component>
      <object_component id="oc-163">
         <name>.ebss</name>
         <uninitialized>true</uninitialized>
         <run_address>0xa1c0</run_address>
         <size>0x140</size>
         <input_file_ref idref="fl-2e"/>
      </object_component>
      <object_component id="oc-1d0">
         <name>.ebss:_key1_flag</name>
         <uninitialized>true</uninitialized>
         <run_address>0xa3ea</run_address>
         <size>0x4</size>
         <input_file_ref idref="fl-2e"/>
      </object_component>
      <object_component id="oc-1d2">
         <name>.ebss:_key2_flag</name>
         <uninitialized>true</uninitialized>
         <run_address>0xa3ee</run_address>
         <size>0x4</size>
         <input_file_ref idref="fl-2e"/>
      </object_component>
      <object_component id="oc-1d4">
         <name>.ebss:_key3_flag</name>
         <uninitialized>true</uninitialized>
         <run_address>0xa3f2</run_address>
         <size>0x4</size>
         <input_file_ref idref="fl-2e"/>
      </object_component>
      <object_component id="oc-1d6">
         <name>.ebss:_key4_flag</name>
         <uninitialized>true</uninitialized>
         <run_address>0xa3f6</run_address>
         <size>0x4</size>
         <input_file_ref idref="fl-2e"/>
      </object_component>
      <object_component id="oc-1c3">
         <name>.ebss:_park</name>
         <uninitialized>true</uninitialized>
         <run_address>0xa190</run_address>
         <size>0x30</size>
         <input_file_ref idref="fl-2e"/>
      </object_component>
      <object_component id="oc-1c5">
         <name>.ebss:_pid1</name>
         <uninitialized>true</uninitialized>
         <run_address>0xa400</run_address>
         <size>0xbe</size>
         <input_file_ref idref="fl-2e"/>
      </object_component>
      <object_component id="oc-1c7">
         <name>.ebss:_temp1</name>
         <uninitialized>true</uninitialized>
         <run_address>0xa000</run_address>
         <size>0x190</size>
         <input_file_ref idref="fl-2e"/>
      </object_component>
      <object_component id="oc-18c">
         <name>.ebss</name>
         <uninitialized>true</uninitialized>
         <run_address>0xa4c0</run_address>
         <size>0x4</size>
         <input_file_ref idref="fl-3d"/>
      </object_component>
      <object_component id="oc-1aa">
         <name>.ebss</name>
         <uninitialized>true</uninitialized>
         <run_address>0xa3fa</run_address>
         <size>0x4</size>
         <input_file_ref idref="fl-44"/>
      </object_component>
      <object_component id="oc-1b3">
         <name>.ebss</name>
         <uninitialized>true</uninitialized>
         <run_address>0xa3fe</run_address>
         <size>0x1</size>
         <input_file_ref idref="fl-46"/>
      </object_component>
      <object_component id="oc-1db">
         <name>.econst:_PieVectTableInit</name>
         <load_address>0x3f5896</load_address>
         <run_address>0x3f5896</run_address>
         <size>0x100</size>
         <input_file_ref idref="fl-1d"/>
      </object_component>
      <object_component id="oc-1c8">
         <name>.econst:_a$1</name>
         <load_address>0x3f5996</load_address>
         <run_address>0x3f5996</run_address>
         <size>0x8</size>
         <input_file_ref idref="fl-40"/>
      </object_component>
      <object_component id="oc-185">
         <name>.reset</name>
         <load_address>0x3fffc0</load_address>
         <run_address>0x3fffc0</run_address>
         <size>0x2</size>
         <input_file_ref idref="fl-3c"/>
      </object_component>
      <object_component id="oc-eb">
         <name>PieVectTableFile</name>
         <uninitialized>true</uninitialized>
         <run_address>0xd00</run_address>
         <size>0x100</size>
         <input_file_ref idref="fl-16"/>
      </object_component>
      <object_component id="oc-b9">
         <name>EmuKeyVar</name>
         <uninitialized>true</uninitialized>
         <run_address>0xd00</run_address>
         <size>0x1</size>
         <input_file_ref idref="fl-16"/>
      </object_component>
      <object_component id="oc-ba">
         <name>EmuBModeVar</name>
         <uninitialized>true</uninitialized>
         <run_address>0xd01</run_address>
         <size>0x1</size>
         <input_file_ref idref="fl-16"/>
      </object_component>
      <object_component id="oc-bc">
         <name>FlashCallbackVar</name>
         <uninitialized>true</uninitialized>
         <run_address>0xd02</run_address>
         <size>0x2</size>
         <input_file_ref idref="fl-16"/>
      </object_component>
      <object_component id="oc-bb">
         <name>FlashScalingVar</name>
         <uninitialized>true</uninitialized>
         <run_address>0xd04</run_address>
         <size>0x2</size>
         <input_file_ref idref="fl-16"/>
      </object_component>
      <object_component id="oc-be">
         <name>DevEmuRegsFile</name>
         <uninitialized>true</uninitialized>
         <run_address>0x880</run_address>
         <size>0x4</size>
         <input_file_ref idref="fl-16"/>
      </object_component>
      <object_component id="oc-bd">
         <name>SysPwrCtrlRegsFile</name>
         <uninitialized>true</uninitialized>
         <run_address>0x985</run_address>
         <size>0x3</size>
         <input_file_ref idref="fl-16"/>
      </object_component>
      <object_component id="oc-c3">
         <name>FlashRegsFile</name>
         <uninitialized>true</uninitialized>
         <run_address>0xa80</run_address>
         <size>0x8</size>
         <input_file_ref idref="fl-16"/>
      </object_component>
      <object_component id="oc-c5">
         <name>CsmRegsFile</name>
         <uninitialized>true</uninitialized>
         <run_address>0xae0</run_address>
         <size>0x10</size>
         <input_file_ref idref="fl-16"/>
      </object_component>
      <object_component id="oc-c4">
         <name>AdcResultFile</name>
         <uninitialized>true</uninitialized>
         <run_address>0xb00</run_address>
         <size>0x10</size>
         <input_file_ref idref="fl-16"/>
      </object_component>
      <object_component id="oc-bf">
         <name>CpuTimer0RegsFile</name>
         <uninitialized>true</uninitialized>
         <run_address>0xc00</run_address>
         <size>0x8</size>
         <input_file_ref idref="fl-16"/>
      </object_component>
      <object_component id="oc-c0">
         <name>CpuTimer1RegsFile</name>
         <uninitialized>true</uninitialized>
         <run_address>0xc08</run_address>
         <size>0x8</size>
         <input_file_ref idref="fl-16"/>
      </object_component>
      <object_component id="oc-c1">
         <name>CpuTimer2RegsFile</name>
         <uninitialized>true</uninitialized>
         <run_address>0xc10</run_address>
         <size>0x8</size>
         <input_file_ref idref="fl-16"/>
      </object_component>
      <object_component id="oc-cf">
         <name>PieCtrlRegsFile</name>
         <uninitialized>true</uninitialized>
         <run_address>0xce0</run_address>
         <size>0x1a</size>
         <input_file_ref idref="fl-16"/>
      </object_component>
      <object_component id="oc-db">
         <name>Cla1RegsFile</name>
         <uninitialized>true</uninitialized>
         <run_address>0x1400</run_address>
         <size>0x40</size>
         <input_file_ref idref="fl-16"/>
      </object_component>
      <object_component id="oc-e9">
         <name>DmaRegsFile</name>
         <uninitialized>true</uninitialized>
         <run_address>0x1000</run_address>
         <size>0xe0</size>
         <input_file_ref idref="fl-16"/>
      </object_component>
      <object_component id="oc-da">
         <name>ECanaRegsFile</name>
         <uninitialized>true</uninitialized>
         <run_address>0x6000</run_address>
         <size>0x34</size>
         <input_file_ref idref="fl-16"/>
      </object_component>
      <object_component id="oc-dc">
         <name>ECanaLAMRegsFile</name>
         <uninitialized>true</uninitialized>
         <run_address>0x6040</run_address>
         <size>0x40</size>
         <input_file_ref idref="fl-16"/>
      </object_component>
      <object_component id="oc-ea">
         <name>ECanaMboxesFile</name>
         <uninitialized>true</uninitialized>
         <run_address>0x6100</run_address>
         <size>0x100</size>
         <input_file_ref idref="fl-16"/>
      </object_component>
      <object_component id="oc-dd">
         <name>ECanaMOTSRegsFile</name>
         <uninitialized>true</uninitialized>
         <run_address>0x6080</run_address>
         <size>0x40</size>
         <input_file_ref idref="fl-16"/>
      </object_component>
      <object_component id="oc-de">
         <name>ECanaMOTORegsFile</name>
         <uninitialized>true</uninitialized>
         <run_address>0x60c0</run_address>
         <size>0x40</size>
         <input_file_ref idref="fl-16"/>
      </object_component>
      <object_component id="oc-d0">
         <name>ECap1RegsFile</name>
         <uninitialized>true</uninitialized>
         <run_address>0x6a00</run_address>
         <size>0x20</size>
         <input_file_ref idref="fl-16"/>
      </object_component>
      <object_component id="oc-d1">
         <name>ECap2RegsFile</name>
         <uninitialized>true</uninitialized>
         <run_address>0x6a20</run_address>
         <size>0x20</size>
         <input_file_ref idref="fl-16"/>
      </object_component>
      <object_component id="oc-d2">
         <name>ECap3RegsFile</name>
         <uninitialized>true</uninitialized>
         <run_address>0x6a40</run_address>
         <size>0x20</size>
         <input_file_ref idref="fl-16"/>
      </object_component>
      <object_component id="oc-d5">
         <name>EQep1RegsFile</name>
         <uninitialized>true</uninitialized>
         <run_address>0x6b00</run_address>
         <size>0x22</size>
         <input_file_ref idref="fl-16"/>
      </object_component>
      <object_component id="oc-d6">
         <name>EQep2RegsFile</name>
         <uninitialized>true</uninitialized>
         <run_address>0x6b40</run_address>
         <size>0x22</size>
         <input_file_ref idref="fl-16"/>
      </object_component>
      <object_component id="oc-e7">
         <name>GpioCtrlRegsFile</name>
         <uninitialized>true</uninitialized>
         <run_address>0x6f80</run_address>
         <size>0x40</size>
         <input_file_ref idref="fl-16"/>
      </object_component>
      <object_component id="oc-d3">
         <name>GpioDataRegsFile</name>
         <uninitialized>true</uninitialized>
         <run_address>0x6fc0</run_address>
         <size>0x20</size>
         <input_file_ref idref="fl-16"/>
      </object_component>
      <object_component id="oc-d4">
         <name>GpioIntRegsFile</name>
         <uninitialized>true</uninitialized>
         <run_address>0x6fe0</run_address>
         <size>0x20</size>
         <input_file_ref idref="fl-16"/>
      </object_component>
      <object_component id="oc-d9">
         <name>SysCtrlRegsFile</name>
         <uninitialized>true</uninitialized>
         <run_address>0x7010</run_address>
         <size>0x30</size>
         <input_file_ref idref="fl-16"/>
      </object_component>
      <object_component id="oc-c9">
         <name>SpiaRegsFile</name>
         <uninitialized>true</uninitialized>
         <run_address>0x7040</run_address>
         <size>0x10</size>
         <input_file_ref idref="fl-16"/>
      </object_component>
      <object_component id="oc-ca">
         <name>SpibRegsFile</name>
         <uninitialized>true</uninitialized>
         <run_address>0x7740</run_address>
         <size>0x10</size>
         <input_file_ref idref="fl-16"/>
      </object_component>
      <object_component id="oc-c7">
         <name>SciaRegsFile</name>
         <uninitialized>true</uninitialized>
         <run_address>0x7050</run_address>
         <size>0x10</size>
         <input_file_ref idref="fl-16"/>
      </object_component>
      <object_component id="oc-c8">
         <name>ScibRegsFile</name>
         <uninitialized>true</uninitialized>
         <run_address>0x7750</run_address>
         <size>0x10</size>
         <input_file_ref idref="fl-16"/>
      </object_component>
      <object_component id="oc-c6">
         <name>NmiIntruptRegsFile</name>
         <uninitialized>true</uninitialized>
         <run_address>0x7060</run_address>
         <size>0x10</size>
         <input_file_ref idref="fl-16"/>
      </object_component>
      <object_component id="oc-cb">
         <name>XIntruptRegsFile</name>
         <uninitialized>true</uninitialized>
         <run_address>0x7070</run_address>
         <size>0x10</size>
         <input_file_ref idref="fl-16"/>
      </object_component>
      <object_component id="oc-e8">
         <name>AdcRegsFile</name>
         <uninitialized>true</uninitialized>
         <run_address>0x7100</run_address>
         <size>0x50</size>
         <input_file_ref idref="fl-16"/>
      </object_component>
      <object_component id="oc-d7">
         <name>I2caRegsFile</name>
         <uninitialized>true</uninitialized>
         <run_address>0x7900</run_address>
         <size>0x22</size>
         <input_file_ref idref="fl-16"/>
      </object_component>
      <object_component id="oc-cc">
         <name>Comp1RegsFile</name>
         <uninitialized>true</uninitialized>
         <run_address>0x6400</run_address>
         <size>0x14</size>
         <input_file_ref idref="fl-16"/>
      </object_component>
      <object_component id="oc-cd">
         <name>Comp2RegsFile</name>
         <uninitialized>true</uninitialized>
         <run_address>0x6420</run_address>
         <size>0x14</size>
         <input_file_ref idref="fl-16"/>
      </object_component>
      <object_component id="oc-ce">
         <name>Comp3RegsFile</name>
         <uninitialized>true</uninitialized>
         <run_address>0x6440</run_address>
         <size>0x14</size>
         <input_file_ref idref="fl-16"/>
      </object_component>
      <object_component id="oc-df">
         <name>EPwm1RegsFile</name>
         <uninitialized>true</uninitialized>
         <run_address>0x6800</run_address>
         <size>0x40</size>
         <input_file_ref idref="fl-16"/>
      </object_component>
      <object_component id="oc-e0">
         <name>EPwm2RegsFile</name>
         <uninitialized>true</uninitialized>
         <run_address>0x6840</run_address>
         <size>0x40</size>
         <input_file_ref idref="fl-16"/>
      </object_component>
      <object_component id="oc-e1">
         <name>EPwm3RegsFile</name>
         <uninitialized>true</uninitialized>
         <run_address>0x6880</run_address>
         <size>0x40</size>
         <input_file_ref idref="fl-16"/>
      </object_component>
      <object_component id="oc-e2">
         <name>EPwm4RegsFile</name>
         <uninitialized>true</uninitialized>
         <run_address>0x68c0</run_address>
         <size>0x40</size>
         <input_file_ref idref="fl-16"/>
      </object_component>
      <object_component id="oc-e3">
         <name>EPwm5RegsFile</name>
         <uninitialized>true</uninitialized>
         <run_address>0x6900</run_address>
         <size>0x40</size>
         <input_file_ref idref="fl-16"/>
      </object_component>
      <object_component id="oc-e4">
         <name>EPwm6RegsFile</name>
         <uninitialized>true</uninitialized>
         <run_address>0x6940</run_address>
         <size>0x40</size>
         <input_file_ref idref="fl-16"/>
      </object_component>
      <object_component id="oc-e5">
         <name>EPwm7RegsFile</name>
         <uninitialized>true</uninitialized>
         <run_address>0x6980</run_address>
         <size>0x40</size>
         <input_file_ref idref="fl-16"/>
      </object_component>
      <object_component id="oc-e6">
         <name>EPwm8RegsFile</name>
         <uninitialized>true</uninitialized>
         <run_address>0x69c0</run_address>
         <size>0x40</size>
         <input_file_ref idref="fl-16"/>
      </object_component>
      <object_component id="oc-d8">
         <name>McbspaRegsFile</name>
         <uninitialized>true</uninitialized>
         <run_address>0x5000</run_address>
         <size>0x24</size>
         <input_file_ref idref="fl-16"/>
      </object_component>
      <object_component id="oc-c2">
         <name>CsmPwlFile</name>
         <uninitialized>true</uninitialized>
         <run_address>0x3f7ff8</run_address>
         <size>0x8</size>
         <input_file_ref idref="fl-16"/>
      </object_component>
      <object_component id="oc-b8">
         <name>PartIdRegsFile</name>
         <uninitialized>true</uninitialized>
         <run_address>0x3d7e80</run_address>
         <size>0x1</size>
         <input_file_ref idref="fl-16"/>
      </object_component>
      <object_component id="oc-50">
         <name>.debug_info</name>
         <load_address>0x0</load_address>
         <run_address>0x0</run_address>
         <size>0x7b7</size>
         <input_file_ref idref="fl-2"/>
      </object_component>
      <object_component id="oc-55">
         <name>.debug_info</name>
         <load_address>0x7b7</load_address>
         <run_address>0x7b7</run_address>
         <size>0x5943</size>
         <input_file_ref idref="fl-3"/>
      </object_component>
      <object_component id="oc-5a">
         <name>.debug_info</name>
         <load_address>0x60fa</load_address>
         <run_address>0x60fa</run_address>
         <size>0x42b</size>
         <input_file_ref idref="fl-4"/>
      </object_component>
      <object_component id="oc-5f">
         <name>.debug_info</name>
         <load_address>0x6525</load_address>
         <run_address>0x6525</run_address>
         <size>0x3d3</size>
         <input_file_ref idref="fl-5"/>
      </object_component>
      <object_component id="oc-64">
         <name>.debug_info</name>
         <load_address>0x68f8</load_address>
         <run_address>0x68f8</run_address>
         <size>0x45d</size>
         <input_file_ref idref="fl-6"/>
      </object_component>
      <object_component id="oc-69">
         <name>.debug_info</name>
         <load_address>0x6d55</load_address>
         <run_address>0x6d55</run_address>
         <size>0x1863</size>
         <input_file_ref idref="fl-7"/>
      </object_component>
      <object_component id="oc-6f">
         <name>.debug_info</name>
         <load_address>0x85b8</load_address>
         <run_address>0x85b8</run_address>
         <size>0x3bf0</size>
         <input_file_ref idref="fl-8"/>
      </object_component>
      <object_component id="oc-76">
         <name>.debug_info</name>
         <load_address>0xc1a8</load_address>
         <run_address>0xc1a8</run_address>
         <size>0x4930</size>
         <input_file_ref idref="fl-9"/>
      </object_component>
      <object_component id="oc-80">
         <name>.debug_info</name>
         <load_address>0x10ad8</load_address>
         <run_address>0x10ad8</run_address>
         <size>0x124</size>
         <input_file_ref idref="fl-b"/>
      </object_component>
      <object_component id="oc-83">
         <name>.debug_info</name>
         <load_address>0x10bfc</load_address>
         <run_address>0x10bfc</run_address>
         <size>0x1867</size>
         <input_file_ref idref="fl-c"/>
      </object_component>
      <object_component id="oc-88">
         <name>.debug_info</name>
         <load_address>0x12463</load_address>
         <run_address>0x12463</run_address>
         <size>0x809</size>
         <input_file_ref idref="fl-d"/>
      </object_component>
      <object_component id="oc-90">
         <name>.debug_info</name>
         <load_address>0x12c6c</load_address>
         <run_address>0x12c6c</run_address>
         <size>0xed</size>
         <input_file_ref idref="fl-e"/>
      </object_component>
      <object_component id="oc-93">
         <name>.debug_info</name>
         <load_address>0x12d59</load_address>
         <run_address>0x12d59</run_address>
         <size>0x2378</size>
         <input_file_ref idref="fl-f"/>
      </object_component>
      <object_component id="oc-9b">
         <name>.debug_info</name>
         <load_address>0x150d1</load_address>
         <run_address>0x150d1</run_address>
         <size>0xf3</size>
         <input_file_ref idref="fl-10"/>
      </object_component>
      <object_component id="oc-9e">
         <name>.debug_info</name>
         <load_address>0x151c4</load_address>
         <run_address>0x151c4</run_address>
         <size>0x16c2</size>
         <input_file_ref idref="fl-11"/>
      </object_component>
      <object_component id="oc-a3">
         <name>.debug_info</name>
         <load_address>0x16886</load_address>
         <run_address>0x16886</run_address>
         <size>0x5a1d</size>
         <input_file_ref idref="fl-12"/>
      </object_component>
      <object_component id="oc-a8">
         <name>.debug_info</name>
         <load_address>0x1c2a3</load_address>
         <run_address>0x1c2a3</run_address>
         <size>0x1867</size>
         <input_file_ref idref="fl-13"/>
      </object_component>
      <object_component id="oc-ad">
         <name>.debug_info</name>
         <load_address>0x1db0a</load_address>
         <run_address>0x1db0a</run_address>
         <size>0x1867</size>
         <input_file_ref idref="fl-14"/>
      </object_component>
      <object_component id="oc-b2">
         <name>.debug_info</name>
         <load_address>0x1f371</load_address>
         <run_address>0x1f371</run_address>
         <size>0x1867</size>
         <input_file_ref idref="fl-15"/>
      </object_component>
      <object_component id="oc-b7">
         <name>.debug_info</name>
         <load_address>0x20bd8</load_address>
         <run_address>0x20bd8</run_address>
         <size>0x15cdb</size>
         <input_file_ref idref="fl-16"/>
      </object_component>
      <object_component id="oc-ed">
         <name>.debug_info</name>
         <load_address>0x368b3</load_address>
         <run_address>0x368b3</run_address>
         <size>0x1867</size>
         <input_file_ref idref="fl-17"/>
      </object_component>
      <object_component id="oc-f2">
         <name>.debug_info</name>
         <load_address>0x3811a</load_address>
         <run_address>0x3811a</run_address>
         <size>0x1868</size>
         <input_file_ref idref="fl-18"/>
      </object_component>
      <object_component id="oc-f7">
         <name>.debug_info</name>
         <load_address>0x39982</load_address>
         <run_address>0x39982</run_address>
         <size>0x1866</size>
         <input_file_ref idref="fl-19"/>
      </object_component>
      <object_component id="oc-fc">
         <name>.debug_info</name>
         <load_address>0x3b1e8</load_address>
         <run_address>0x3b1e8</run_address>
         <size>0x4612</size>
         <input_file_ref idref="fl-1a"/>
      </object_component>
      <object_component id="oc-101">
         <name>.debug_info</name>
         <load_address>0x3f7fa</load_address>
         <run_address>0x3f7fa</run_address>
         <size>0x181a</size>
         <input_file_ref idref="fl-1b"/>
      </object_component>
      <object_component id="oc-106">
         <name>.debug_info</name>
         <load_address>0x41014</load_address>
         <run_address>0x41014</run_address>
         <size>0xb0f</size>
         <input_file_ref idref="fl-1c"/>
      </object_component>
      <object_component id="oc-10b">
         <name>.debug_info</name>
         <load_address>0x41b23</load_address>
         <run_address>0x41b23</run_address>
         <size>0x244f</size>
         <input_file_ref idref="fl-1d"/>
      </object_component>
      <object_component id="oc-110">
         <name>.debug_info</name>
         <load_address>0x43f72</load_address>
         <run_address>0x43f72</run_address>
         <size>0x1866</size>
         <input_file_ref idref="fl-1e"/>
      </object_component>
      <object_component id="oc-115">
         <name>.debug_info</name>
         <load_address>0x457d8</load_address>
         <run_address>0x457d8</run_address>
         <size>0x28dd</size>
         <input_file_ref idref="fl-1f"/>
      </object_component>
      <object_component id="oc-11a">
         <name>.debug_info</name>
         <load_address>0x480b5</load_address>
         <run_address>0x480b5</run_address>
         <size>0x344</size>
         <input_file_ref idref="fl-20"/>
      </object_component>
      <object_component id="oc-121">
         <name>.debug_info</name>
         <load_address>0x483f9</load_address>
         <run_address>0x483f9</run_address>
         <size>0xef</size>
         <input_file_ref idref="fl-21"/>
      </object_component>
      <object_component id="oc-124">
         <name>.debug_info</name>
         <load_address>0x484e8</load_address>
         <run_address>0x484e8</run_address>
         <size>0x48d</size>
         <input_file_ref idref="fl-22"/>
      </object_component>
      <object_component id="oc-129">
         <name>.debug_info</name>
         <load_address>0x48975</load_address>
         <run_address>0x48975</run_address>
         <size>0x1c13</size>
         <input_file_ref idref="fl-23"/>
      </object_component>
      <object_component id="oc-12e">
         <name>.debug_info</name>
         <load_address>0x4a588</load_address>
         <run_address>0x4a588</run_address>
         <size>0x458</size>
         <input_file_ref idref="fl-24"/>
      </object_component>
      <object_component id="oc-133">
         <name>.debug_info</name>
         <load_address>0x4a9e0</load_address>
         <run_address>0x4a9e0</run_address>
         <size>0x26f2</size>
         <input_file_ref idref="fl-25"/>
      </object_component>
      <object_component id="oc-139">
         <name>.debug_info</name>
         <load_address>0x4d0d2</load_address>
         <run_address>0x4d0d2</run_address>
         <size>0x550</size>
         <input_file_ref idref="fl-26"/>
      </object_component>
      <object_component id="oc-13e">
         <name>.debug_info</name>
         <load_address>0x4d622</load_address>
         <run_address>0x4d622</run_address>
         <size>0x460c</size>
         <input_file_ref idref="fl-27"/>
      </object_component>
      <object_component id="oc-143">
         <name>.debug_info</name>
         <load_address>0x51c2e</load_address>
         <run_address>0x51c2e</run_address>
         <size>0x468</size>
         <input_file_ref idref="fl-28"/>
      </object_component>
      <object_component id="oc-148">
         <name>.debug_info</name>
         <load_address>0x52096</load_address>
         <run_address>0x52096</run_address>
         <size>0x3a7</size>
         <input_file_ref idref="fl-29"/>
      </object_component>
      <object_component id="oc-14d">
         <name>.debug_info</name>
         <load_address>0x5243d</load_address>
         <run_address>0x5243d</run_address>
         <size>0x3bb</size>
         <input_file_ref idref="fl-2a"/>
      </object_component>
      <object_component id="oc-152">
         <name>.debug_info</name>
         <load_address>0x527f8</load_address>
         <run_address>0x527f8</run_address>
         <size>0x47d</size>
         <input_file_ref idref="fl-2b"/>
      </object_component>
      <object_component id="oc-157">
         <name>.debug_info</name>
         <load_address>0x52c75</load_address>
         <run_address>0x52c75</run_address>
         <size>0x48f</size>
         <input_file_ref idref="fl-2c"/>
      </object_component>
      <object_component id="oc-15c">
         <name>.debug_info</name>
         <load_address>0x53104</load_address>
         <run_address>0x53104</run_address>
         <size>0x480</size>
         <input_file_ref idref="fl-2d"/>
      </object_component>
      <object_component id="oc-161">
         <name>.debug_info</name>
         <load_address>0x53584</load_address>
         <run_address>0x53584</run_address>
         <size>0x7340</size>
         <input_file_ref idref="fl-2e"/>
      </object_component>
      <object_component id="oc-169">
         <name>.debug_info</name>
         <load_address>0x5a8c4</load_address>
         <run_address>0x5a8c4</run_address>
         <size>0x489</size>
         <input_file_ref idref="fl-2f"/>
      </object_component>
      <object_component id="oc-16e">
         <name>.debug_info</name>
         <load_address>0x5ad4d</load_address>
         <run_address>0x5ad4d</run_address>
         <size>0x530</size>
         <input_file_ref idref="fl-30"/>
      </object_component>
      <object_component id="oc-173">
         <name>.debug_info</name>
         <load_address>0x5b27d</load_address>
         <run_address>0x5b27d</run_address>
         <size>0x4c8</size>
         <input_file_ref idref="fl-31"/>
      </object_component>
      <object_component id="oc-178">
         <name>.debug_info</name>
         <load_address>0x5b745</load_address>
         <run_address>0x5b745</run_address>
         <size>0x427</size>
         <input_file_ref idref="fl-32"/>
      </object_component>
      <object_component id="oc-17d">
         <name>.debug_info</name>
         <load_address>0x5bb6c</load_address>
         <run_address>0x5bb6c</run_address>
         <size>0x184</size>
         <input_file_ref idref="fl-33"/>
      </object_component>
      <object_component id="oc-17f">
         <name>.debug_info</name>
         <load_address>0x5bcf0</load_address>
         <run_address>0x5bcf0</run_address>
         <size>0x3f7</size>
         <input_file_ref idref="fl-34"/>
      </object_component>
      <object_component id="oc-186">
         <name>.debug_info</name>
         <load_address>0x5c0e7</load_address>
         <run_address>0x5c0e7</run_address>
         <size>0x11a</size>
         <input_file_ref idref="fl-3c"/>
      </object_component>
      <object_component id="oc-18a">
         <name>.debug_info</name>
         <load_address>0x5c201</load_address>
         <run_address>0x5c201</run_address>
         <size>0x6d0</size>
         <input_file_ref idref="fl-3d"/>
      </object_component>
      <object_component id="oc-190">
         <name>.debug_info</name>
         <load_address>0x5c8d1</load_address>
         <run_address>0x5c8d1</run_address>
         <size>0xfc</size>
         <input_file_ref idref="fl-3e"/>
      </object_component>
      <object_component id="oc-194">
         <name>.debug_info</name>
         <load_address>0x5c9cd</load_address>
         <run_address>0x5c9cd</run_address>
         <size>0x539</size>
         <input_file_ref idref="fl-3f"/>
      </object_component>
      <object_component id="oc-198">
         <name>.debug_info</name>
         <load_address>0x5cf06</load_address>
         <run_address>0x5cf06</run_address>
         <size>0x522</size>
         <input_file_ref idref="fl-40"/>
      </object_component>
      <object_component id="oc-19c">
         <name>.debug_info</name>
         <load_address>0x5d428</load_address>
         <run_address>0x5d428</run_address>
         <size>0x47a</size>
         <input_file_ref idref="fl-41"/>
      </object_component>
      <object_component id="oc-1a0">
         <name>.debug_info</name>
         <load_address>0x5d8a2</load_address>
         <run_address>0x5d8a2</run_address>
         <size>0x47a</size>
         <input_file_ref idref="fl-42"/>
      </object_component>
      <object_component id="oc-1a4">
         <name>.debug_info</name>
         <load_address>0x5dd1c</load_address>
         <run_address>0x5dd1c</run_address>
         <size>0x46d</size>
         <input_file_ref idref="fl-43"/>
      </object_component>
      <object_component id="oc-1a8">
         <name>.debug_info</name>
         <load_address>0x5e189</load_address>
         <run_address>0x5e189</run_address>
         <size>0x596</size>
         <input_file_ref idref="fl-44"/>
      </object_component>
      <object_component id="oc-1ae">
         <name>.debug_info</name>
         <load_address>0x5e71f</load_address>
         <run_address>0x5e71f</run_address>
         <size>0x54c</size>
         <input_file_ref idref="fl-45"/>
      </object_component>
      <object_component id="oc-1b1">
         <name>.debug_info</name>
         <load_address>0x5ec6b</load_address>
         <run_address>0x5ec6b</run_address>
         <size>0x426</size>
         <input_file_ref idref="fl-46"/>
      </object_component>
      <object_component id="oc-1b7">
         <name>.debug_info</name>
         <load_address>0x5f091</load_address>
         <run_address>0x5f091</run_address>
         <size>0x47e</size>
         <input_file_ref idref="fl-47"/>
      </object_component>
      <object_component id="oc-232">
         <name>.debug_info</name>
         <load_address>0x5f50f</load_address>
         <run_address>0x5f50f</run_address>
         <size>0xac</size>
      </object_component>
      <object_component id="oc-51">
         <name>.debug_frame</name>
         <load_address>0x0</load_address>
         <run_address>0x0</run_address>
         <size>0x44</size>
         <input_file_ref idref="fl-2"/>
      </object_component>
      <object_component id="oc-56">
         <name>.debug_frame</name>
         <load_address>0x44</load_address>
         <run_address>0x44</run_address>
         <size>0x58</size>
         <input_file_ref idref="fl-3"/>
      </object_component>
      <object_component id="oc-5b">
         <name>.debug_frame</name>
         <load_address>0x9c</load_address>
         <run_address>0x9c</run_address>
         <size>0x28</size>
         <input_file_ref idref="fl-4"/>
      </object_component>
      <object_component id="oc-60">
         <name>.debug_frame</name>
         <load_address>0xc4</load_address>
         <run_address>0xc4</run_address>
         <size>0x28</size>
         <input_file_ref idref="fl-5"/>
      </object_component>
      <object_component id="oc-65">
         <name>.debug_frame</name>
         <load_address>0xec</load_address>
         <run_address>0xec</run_address>
         <size>0x28</size>
         <input_file_ref idref="fl-6"/>
      </object_component>
      <object_component id="oc-6b">
         <name>.debug_frame</name>
         <load_address>0x114</load_address>
         <run_address>0x114</run_address>
         <size>0x50</size>
         <input_file_ref idref="fl-7"/>
      </object_component>
      <object_component id="oc-72">
         <name>.debug_frame</name>
         <load_address>0x164</load_address>
         <run_address>0x164</run_address>
         <size>0x8c</size>
         <input_file_ref idref="fl-8"/>
      </object_component>
      <object_component id="oc-77">
         <name>.debug_frame</name>
         <load_address>0x1f0</load_address>
         <run_address>0x1f0</run_address>
         <size>0x28</size>
         <input_file_ref idref="fl-9"/>
      </object_component>
      <object_component id="oc-84">
         <name>.debug_frame</name>
         <load_address>0x218</load_address>
         <run_address>0x218</run_address>
         <size>0x28</size>
         <input_file_ref idref="fl-c"/>
      </object_component>
      <object_component id="oc-8a">
         <name>.debug_frame</name>
         <load_address>0x240</load_address>
         <run_address>0x240</run_address>
         <size>0x28</size>
         <input_file_ref idref="fl-d"/>
      </object_component>
      <object_component id="oc-95">
         <name>.debug_frame</name>
         <load_address>0x268</load_address>
         <run_address>0x268</run_address>
         <size>0xbb0</size>
         <input_file_ref idref="fl-f"/>
      </object_component>
      <object_component id="oc-9f">
         <name>.debug_frame</name>
         <load_address>0xe18</load_address>
         <run_address>0xe18</run_address>
         <size>0x28</size>
         <input_file_ref idref="fl-11"/>
      </object_component>
      <object_component id="oc-a4">
         <name>.debug_frame</name>
         <load_address>0xe40</load_address>
         <run_address>0xe40</run_address>
         <size>0x28</size>
         <input_file_ref idref="fl-12"/>
      </object_component>
      <object_component id="oc-a9">
         <name>.debug_frame</name>
         <load_address>0xe68</load_address>
         <run_address>0xe68</run_address>
         <size>0x28</size>
         <input_file_ref idref="fl-13"/>
      </object_component>
      <object_component id="oc-ae">
         <name>.debug_frame</name>
         <load_address>0xe90</load_address>
         <run_address>0xe90</run_address>
         <size>0x28</size>
         <input_file_ref idref="fl-14"/>
      </object_component>
      <object_component id="oc-b3">
         <name>.debug_frame</name>
         <load_address>0xeb8</load_address>
         <run_address>0xeb8</run_address>
         <size>0x28</size>
         <input_file_ref idref="fl-15"/>
      </object_component>
      <object_component id="oc-ee">
         <name>.debug_frame</name>
         <load_address>0xee0</load_address>
         <run_address>0xee0</run_address>
         <size>0x28</size>
         <input_file_ref idref="fl-17"/>
      </object_component>
      <object_component id="oc-f3">
         <name>.debug_frame</name>
         <load_address>0xf08</load_address>
         <run_address>0xf08</run_address>
         <size>0x28</size>
         <input_file_ref idref="fl-18"/>
      </object_component>
      <object_component id="oc-f8">
         <name>.debug_frame</name>
         <load_address>0xf30</load_address>
         <run_address>0xf30</run_address>
         <size>0x28</size>
         <input_file_ref idref="fl-19"/>
      </object_component>
      <object_component id="oc-fd">
         <name>.debug_frame</name>
         <load_address>0xf58</load_address>
         <run_address>0xf58</run_address>
         <size>0x28</size>
         <input_file_ref idref="fl-1a"/>
      </object_component>
      <object_component id="oc-102">
         <name>.debug_frame</name>
         <load_address>0xf80</load_address>
         <run_address>0xf80</run_address>
         <size>0x28</size>
         <input_file_ref idref="fl-1b"/>
      </object_component>
      <object_component id="oc-107">
         <name>.debug_frame</name>
         <load_address>0xfa8</load_address>
         <run_address>0xfa8</run_address>
         <size>0x58</size>
         <input_file_ref idref="fl-1c"/>
      </object_component>
      <object_component id="oc-10c">
         <name>.debug_frame</name>
         <load_address>0x1000</load_address>
         <run_address>0x1000</run_address>
         <size>0x44</size>
         <input_file_ref idref="fl-1d"/>
      </object_component>
      <object_component id="oc-111">
         <name>.debug_frame</name>
         <load_address>0x1044</load_address>
         <run_address>0x1044</run_address>
         <size>0x28</size>
         <input_file_ref idref="fl-1e"/>
      </object_component>
      <object_component id="oc-116">
         <name>.debug_frame</name>
         <load_address>0x106c</load_address>
         <run_address>0x106c</run_address>
         <size>0x154</size>
         <input_file_ref idref="fl-1f"/>
      </object_component>
      <object_component id="oc-11b">
         <name>.debug_frame</name>
         <load_address>0x11c0</load_address>
         <run_address>0x11c0</run_address>
         <size>0x28</size>
         <input_file_ref idref="fl-20"/>
      </object_component>
      <object_component id="oc-125">
         <name>.debug_frame</name>
         <load_address>0x11e8</load_address>
         <run_address>0x11e8</run_address>
         <size>0x44</size>
         <input_file_ref idref="fl-22"/>
      </object_component>
      <object_component id="oc-12a">
         <name>.debug_frame</name>
         <load_address>0x122c</load_address>
         <run_address>0x122c</run_address>
         <size>0x40</size>
         <input_file_ref idref="fl-23"/>
      </object_component>
      <object_component id="oc-12f">
         <name>.debug_frame</name>
         <load_address>0x126c</load_address>
         <run_address>0x126c</run_address>
         <size>0x44</size>
         <input_file_ref idref="fl-24"/>
      </object_component>
      <object_component id="oc-135">
         <name>.debug_frame</name>
         <load_address>0x12b0</load_address>
         <run_address>0x12b0</run_address>
         <size>0x28</size>
         <input_file_ref idref="fl-25"/>
      </object_component>
      <object_component id="oc-13a">
         <name>.debug_frame</name>
         <load_address>0x12d8</load_address>
         <run_address>0x12d8</run_address>
         <size>0x44</size>
         <input_file_ref idref="fl-26"/>
      </object_component>
      <object_component id="oc-13f">
         <name>.debug_frame</name>
         <load_address>0x131c</load_address>
         <run_address>0x131c</run_address>
         <size>0x74</size>
         <input_file_ref idref="fl-27"/>
      </object_component>
      <object_component id="oc-144">
         <name>.debug_frame</name>
         <load_address>0x1390</load_address>
         <run_address>0x1390</run_address>
         <size>0x44</size>
         <input_file_ref idref="fl-28"/>
      </object_component>
      <object_component id="oc-149">
         <name>.debug_frame</name>
         <load_address>0x13d4</load_address>
         <run_address>0x13d4</run_address>
         <size>0x28</size>
         <input_file_ref idref="fl-29"/>
      </object_component>
      <object_component id="oc-14e">
         <name>.debug_frame</name>
         <load_address>0x13fc</load_address>
         <run_address>0x13fc</run_address>
         <size>0x28</size>
         <input_file_ref idref="fl-2a"/>
      </object_component>
      <object_component id="oc-153">
         <name>.debug_frame</name>
         <load_address>0x1424</load_address>
         <run_address>0x1424</run_address>
         <size>0x28</size>
         <input_file_ref idref="fl-2b"/>
      </object_component>
      <object_component id="oc-158">
         <name>.debug_frame</name>
         <load_address>0x144c</load_address>
         <run_address>0x144c</run_address>
         <size>0x44</size>
         <input_file_ref idref="fl-2c"/>
      </object_component>
      <object_component id="oc-15d">
         <name>.debug_frame</name>
         <load_address>0x1490</load_address>
         <run_address>0x1490</run_address>
         <size>0x44</size>
         <input_file_ref idref="fl-2d"/>
      </object_component>
      <object_component id="oc-165">
         <name>.debug_frame</name>
         <load_address>0x14d4</load_address>
         <run_address>0x14d4</run_address>
         <size>0xd0</size>
         <input_file_ref idref="fl-2e"/>
      </object_component>
      <object_component id="oc-16a">
         <name>.debug_frame</name>
         <load_address>0x15a4</load_address>
         <run_address>0x15a4</run_address>
         <size>0x44</size>
         <input_file_ref idref="fl-2f"/>
      </object_component>
      <object_component id="oc-16f">
         <name>.debug_frame</name>
         <load_address>0x15e8</load_address>
         <run_address>0x15e8</run_address>
         <size>0x44</size>
         <input_file_ref idref="fl-30"/>
      </object_component>
      <object_component id="oc-174">
         <name>.debug_frame</name>
         <load_address>0x162c</load_address>
         <run_address>0x162c</run_address>
         <size>0x44</size>
         <input_file_ref idref="fl-31"/>
      </object_component>
      <object_component id="oc-179">
         <name>.debug_frame</name>
         <load_address>0x1670</load_address>
         <run_address>0x1670</run_address>
         <size>0x28</size>
         <input_file_ref idref="fl-32"/>
      </object_component>
      <object_component id="oc-180">
         <name>.debug_frame</name>
         <load_address>0x1698</load_address>
         <run_address>0x1698</run_address>
         <size>0x28</size>
         <input_file_ref idref="fl-34"/>
      </object_component>
      <object_component id="oc-52">
         <name>.debug_line</name>
         <load_address>0x0</load_address>
         <run_address>0x0</run_address>
         <size>0x57</size>
         <input_file_ref idref="fl-2"/>
      </object_component>
      <object_component id="oc-57">
         <name>.debug_line</name>
         <load_address>0x57</load_address>
         <run_address>0x57</run_address>
         <size>0xa1</size>
         <input_file_ref idref="fl-3"/>
      </object_component>
      <object_component id="oc-5c">
         <name>.debug_line</name>
         <load_address>0xf8</load_address>
         <run_address>0xf8</run_address>
         <size>0x29</size>
         <input_file_ref idref="fl-4"/>
      </object_component>
      <object_component id="oc-61">
         <name>.debug_line</name>
         <load_address>0x121</load_address>
         <run_address>0x121</run_address>
         <size>0x30</size>
         <input_file_ref idref="fl-5"/>
      </object_component>
      <object_component id="oc-66">
         <name>.debug_line</name>
         <load_address>0x151</load_address>
         <run_address>0x151</run_address>
         <size>0x29</size>
         <input_file_ref idref="fl-6"/>
      </object_component>
      <object_component id="oc-6c">
         <name>.debug_line</name>
         <load_address>0x17a</load_address>
         <run_address>0x17a</run_address>
         <size>0x41</size>
         <input_file_ref idref="fl-7"/>
      </object_component>
      <object_component id="oc-73">
         <name>.debug_line</name>
         <load_address>0x1bb</load_address>
         <run_address>0x1bb</run_address>
         <size>0xdf</size>
         <input_file_ref idref="fl-8"/>
      </object_component>
      <object_component id="oc-78">
         <name>.debug_line</name>
         <load_address>0x29a</load_address>
         <run_address>0x29a</run_address>
         <size>0x30</size>
         <input_file_ref idref="fl-9"/>
      </object_component>
      <object_component id="oc-7f">
         <name>.debug_line</name>
         <load_address>0x2ca</load_address>
         <run_address>0x2ca</run_address>
         <size>0x5f</size>
         <input_file_ref idref="fl-b"/>
      </object_component>
      <object_component id="oc-85">
         <name>.debug_line</name>
         <load_address>0x329</load_address>
         <run_address>0x329</run_address>
         <size>0x31</size>
         <input_file_ref idref="fl-c"/>
      </object_component>
      <object_component id="oc-8b">
         <name>.debug_line</name>
         <load_address>0x35a</load_address>
         <run_address>0x35a</run_address>
         <size>0x36</size>
         <input_file_ref idref="fl-d"/>
      </object_component>
      <object_component id="oc-8f">
         <name>.debug_line</name>
         <load_address>0x390</load_address>
         <run_address>0x390</run_address>
         <size>0x45</size>
         <input_file_ref idref="fl-e"/>
      </object_component>
      <object_component id="oc-96">
         <name>.debug_line</name>
         <load_address>0x3d5</load_address>
         <run_address>0x3d5</run_address>
         <size>0x92a</size>
         <input_file_ref idref="fl-f"/>
      </object_component>
      <object_component id="oc-9a">
         <name>.debug_line</name>
         <load_address>0xcff</load_address>
         <run_address>0xcff</run_address>
         <size>0x49</size>
         <input_file_ref idref="fl-10"/>
      </object_component>
      <object_component id="oc-a0">
         <name>.debug_line</name>
         <load_address>0xd48</load_address>
         <run_address>0xd48</run_address>
         <size>0x30</size>
         <input_file_ref idref="fl-11"/>
      </object_component>
      <object_component id="oc-a5">
         <name>.debug_line</name>
         <load_address>0xd78</load_address>
         <run_address>0xd78</run_address>
         <size>0x31</size>
         <input_file_ref idref="fl-12"/>
      </object_component>
      <object_component id="oc-aa">
         <name>.debug_line</name>
         <load_address>0xda9</load_address>
         <run_address>0xda9</run_address>
         <size>0x31</size>
         <input_file_ref idref="fl-13"/>
      </object_component>
      <object_component id="oc-af">
         <name>.debug_line</name>
         <load_address>0xdda</load_address>
         <run_address>0xdda</run_address>
         <size>0x31</size>
         <input_file_ref idref="fl-14"/>
      </object_component>
      <object_component id="oc-b4">
         <name>.debug_line</name>
         <load_address>0xe0b</load_address>
         <run_address>0xe0b</run_address>
         <size>0x31</size>
         <input_file_ref idref="fl-15"/>
      </object_component>
      <object_component id="oc-ef">
         <name>.debug_line</name>
         <load_address>0xe3c</load_address>
         <run_address>0xe3c</run_address>
         <size>0x31</size>
         <input_file_ref idref="fl-17"/>
      </object_component>
      <object_component id="oc-f4">
         <name>.debug_line</name>
         <load_address>0xe6d</load_address>
         <run_address>0xe6d</run_address>
         <size>0x32</size>
         <input_file_ref idref="fl-18"/>
      </object_component>
      <object_component id="oc-f9">
         <name>.debug_line</name>
         <load_address>0xe9f</load_address>
         <run_address>0xe9f</run_address>
         <size>0x30</size>
         <input_file_ref idref="fl-19"/>
      </object_component>
      <object_component id="oc-fe">
         <name>.debug_line</name>
         <load_address>0xecf</load_address>
         <run_address>0xecf</run_address>
         <size>0x32</size>
         <input_file_ref idref="fl-1a"/>
      </object_component>
      <object_component id="oc-103">
         <name>.debug_line</name>
         <load_address>0xf01</load_address>
         <run_address>0xf01</run_address>
         <size>0x34</size>
         <input_file_ref idref="fl-1b"/>
      </object_component>
      <object_component id="oc-108">
         <name>.debug_line</name>
         <load_address>0xf35</load_address>
         <run_address>0xf35</run_address>
         <size>0x84</size>
         <input_file_ref idref="fl-1c"/>
      </object_component>
      <object_component id="oc-10d">
         <name>.debug_line</name>
         <load_address>0xfb9</load_address>
         <run_address>0xfb9</run_address>
         <size>0x68</size>
         <input_file_ref idref="fl-1d"/>
      </object_component>
      <object_component id="oc-112">
         <name>.debug_line</name>
         <load_address>0x1021</load_address>
         <run_address>0x1021</run_address>
         <size>0x30</size>
         <input_file_ref idref="fl-1e"/>
      </object_component>
      <object_component id="oc-117">
         <name>.debug_line</name>
         <load_address>0x1051</load_address>
         <run_address>0x1051</run_address>
         <size>0x221</size>
         <input_file_ref idref="fl-1f"/>
      </object_component>
      <object_component id="oc-11c">
         <name>.debug_line</name>
         <load_address>0x1272</load_address>
         <run_address>0x1272</run_address>
         <size>0x3b</size>
         <input_file_ref idref="fl-20"/>
      </object_component>
      <object_component id="oc-120">
         <name>.debug_line</name>
         <load_address>0x12ad</load_address>
         <run_address>0x12ad</run_address>
         <size>0x46</size>
         <input_file_ref idref="fl-21"/>
      </object_component>
      <object_component id="oc-126">
         <name>.debug_line</name>
         <load_address>0x12f3</load_address>
         <run_address>0x12f3</run_address>
         <size>0x52</size>
         <input_file_ref idref="fl-22"/>
      </object_component>
      <object_component id="oc-12b">
         <name>.debug_line</name>
         <load_address>0x1345</load_address>
         <run_address>0x1345</run_address>
         <size>0x79</size>
         <input_file_ref idref="fl-23"/>
      </object_component>
      <object_component id="oc-130">
         <name>.debug_line</name>
         <load_address>0x13be</load_address>
         <run_address>0x13be</run_address>
         <size>0x4c</size>
         <input_file_ref idref="fl-24"/>
      </object_component>
      <object_component id="oc-136">
         <name>.debug_line</name>
         <load_address>0x140a</load_address>
         <run_address>0x140a</run_address>
         <size>0x29</size>
         <input_file_ref idref="fl-25"/>
      </object_component>
      <object_component id="oc-13b">
         <name>.debug_line</name>
         <load_address>0x1433</load_address>
         <run_address>0x1433</run_address>
         <size>0x4e</size>
         <input_file_ref idref="fl-26"/>
      </object_component>
      <object_component id="oc-140">
         <name>.debug_line</name>
         <load_address>0x1481</load_address>
         <run_address>0x1481</run_address>
         <size>0x97</size>
         <input_file_ref idref="fl-27"/>
      </object_component>
      <object_component id="oc-145">
         <name>.debug_line</name>
         <load_address>0x1518</load_address>
         <run_address>0x1518</run_address>
         <size>0x4c</size>
         <input_file_ref idref="fl-28"/>
      </object_component>
      <object_component id="oc-14a">
         <name>.debug_line</name>
         <load_address>0x1564</load_address>
         <run_address>0x1564</run_address>
         <size>0x2c</size>
         <input_file_ref idref="fl-29"/>
      </object_component>
      <object_component id="oc-14f">
         <name>.debug_line</name>
         <load_address>0x1590</load_address>
         <run_address>0x1590</run_address>
         <size>0x2e</size>
         <input_file_ref idref="fl-2a"/>
      </object_component>
      <object_component id="oc-154">
         <name>.debug_line</name>
         <load_address>0x15be</load_address>
         <run_address>0x15be</run_address>
         <size>0x2d</size>
         <input_file_ref idref="fl-2b"/>
      </object_component>
      <object_component id="oc-159">
         <name>.debug_line</name>
         <load_address>0x15eb</load_address>
[...]
         <value>0x3d7e80</value>
         <object_component_ref idref="oc-b8"/>
      </symbol>
      <symbol id="sm-2d9">
         <name>_EPwm8Regs</name>
         <value>0x69c0</value>
         <object_component_ref idref="oc-e6"/>
      </symbol>
      <symbol id="sm-2da">
         <name>_Flash_CPUScaleFactor</name>
         <value>0xd04</value>
         <object_component_ref idref="oc-bb"/>
      </symbol>
      <symbol id="sm-2db">
         <name>_EPwm2Regs</name>
         <value>0x6840</value>
         <object_component_ref idref="oc-e0"/>
      </symbol>
      <symbol id="sm-2dc">
         <name>_ECanaMboxes</name>
         <value>0x6100</value>
         <object_component_ref idref="oc-ea"/>
      </symbol>
      <symbol id="sm-2dd">
         <name>_ECap3Regs</name>
         <value>0x6a40</value>
         <object_component_ref idref="oc-d2"/>
      </symbol>
      <symbol id="sm-2de">
         <name>_NmiIntruptRegs</name>
         <value>0x7060</value>
         <object_component_ref idref="oc-c6"/>
      </symbol>
      <symbol id="sm-2df">
         <name>_ECanaMOTORegs</name>
         <value>0x60c0</value>
         <object_component_ref idref="oc-de"/>
      </symbol>
      <symbol id="sm-2e0">
         <name>_Flash_CallbackPtr</name>
         <value>0xd02</value>
         <object_component_ref idref="oc-bc"/>
      </symbol>
      <symbol id="sm-2e1">
         <name>_EPwm3Regs</name>
         <value>0x6880</value>
         <object_component_ref idref="oc-e1"/>
      </symbol>
      <symbol id="sm-2e2">
         <name>_I2caRegs</name>
         <value>0x7900</value>
         <object_component_ref idref="oc-d7"/>
      </symbol>
      <symbol id="sm-31b">
         <name>_InitPieCtrl</name>
         <value>0x3f549a</value>
         <object_component_ref idref="oc-1cd"/>
      </symbol>
      <symbol id="sm-31c">
         <name>_EnableInterrupts</name>
         <value>0x3f54b9</value>
         <object_component_ref idref="oc-1cd"/>
      </symbol>
      <symbol id="sm-32c">
         <name>_PieVectTableInit</name>
         <value>0x3f5896</value>
         <object_component_ref idref="oc-1db"/>
      </symbol>
      <symbol id="sm-32d">
         <name>_InitPieVectTable</name>
         <value>0x3f54c2</value>
         <object_component_ref idref="oc-1ce"/>
      </symbol>
      <symbol id="sm-34f">
         <name>_InitPll</name>
         <value>0x3f490a</value>
         <object_component_ref idref="oc-1d8"/>
      </symbol>
      <symbol id="sm-350">
         <name>_IntOsc1Sel</name>
         <value>0x3f4a14</value>
         <object_component_ref idref="oc-1d8"/>
      </symbol>
      <symbol id="sm-351">
         <name>_ExtOscSel</name>
         <value>0x3f4a54</value>
         <object_component_ref idref="oc-1d8"/>
      </symbol>
      <symbol id="sm-352">
         <name>_DisableDog</name>
         <value>0x3f4902</value>
         <object_component_ref idref="oc-1d8"/>
      </symbol>
      <symbol id="sm-353">
         <name>_InitPeripheralClocks</name>
         <value>0x3f498d</value>
         <object_component_ref idref="oc-1d8"/>
      </symbol>
      <symbol id="sm-354">
         <name>_IntOsc2Sel</name>
         <value>0x3f4a24</value>
         <object_component_ref idref="oc-1d8"/>
      </symbol>
      <symbol id="sm-355">
         <name>_InitFlash</name>
         <value>0x8000</value>
         <object_component_ref idref="oc-1cf"/>
      </symbol>
      <symbol id="sm-356">
         <name>_CsmUnlock</name>
         <value>0x3f49e3</value>
         <object_component_ref idref="oc-1d8"/>
      </symbol>
      <symbol id="sm-357">
         <name>_InitPll2</name>
         <value>0x3f495f</value>
         <object_component_ref idref="oc-1d8"/>
      </symbol>
      <symbol id="sm-358">
         <name>_ServiceDog</name>
         <value>0x3f48f8</value>
         <object_component_ref idref="oc-1d8"/>
      </symbol>
      <symbol id="sm-359">
         <name>_XtalOscSel</name>
         <value>0x3f4a38</value>
         <object_component_ref idref="oc-1d8"/>
      </symbol>
      <symbol id="sm-35a">
         <name>_InitSysCtrl</name>
         <value>0x3f48de</value>
         <object_component_ref idref="oc-1d8"/>
      </symbol>
      <symbol id="sm-36f">
         <name>_DSP28x_usDelay</name>
         <value>0x801b</value>
         <object_component_ref idref="oc-11f"/>
      </symbol>
      <symbol id="sm-37d">
         <name>_FLL_angle_calc</name>
         <value>0x3f510d</value>
         <object_component_ref idref="oc-1bf"/>
      </symbol>
      <symbol id="sm-389">
         <name>_GPIOInit</name>
         <value>0x3f4f42</value>
         <object_component_ref idref="oc-1d9"/>
      </symbol>
      <symbol id="sm-395">
         <name>_Power_calc</name>
         <value>0x3f53b2</value>
         <object_component_ref idref="oc-1bc"/>
      </symbol>
      <symbol id="sm-3a1">
         <name>_Scib_Handle</name>
         <value>0xa380</value>
         <object_component_ref idref="oc-134"/>
      </symbol>
      <symbol id="sm-3a2">
         <name>_Scia_Handle</name>
         <value>0xa300</value>
         <object_component_ref idref="oc-134"/>
      </symbol>
      <symbol id="sm-3ae">
         <name>_SOGI_calc</name>
         <value>0x3f4e87</value>
         <object_component_ref idref="oc-1c1"/>
      </symbol>
      <symbol id="sm-3bc">
         <name>_SysCtrl_Init</name>
         <value>0x3f5319</value>
         <object_component_ref idref="oc-1cc"/>
      </symbol>
      <symbol id="sm-3bd">
         <name>_MemCopy</name>
         <value>0x3f5359</value>
         <object_component_ref idref="oc-1cc"/>
      </symbol>
      <symbol id="sm-3be">
         <name>_Function_Module_Init</name>
         <value>0x3f5333</value>
         <object_component_ref idref="oc-1cc"/>
      </symbol>
      <symbol id="sm-3ca">
         <name>_Xian_Xiang_calc</name>
         <value>0x3f5466</value>
         <object_component_ref idref="oc-1bb"/>
      </symbol>
      <symbol id="sm-3f1">
         <name>_ipark_calc</name>
         <value>0x3f53f7</value>
         <object_component_ref idref="oc-1ba"/>
      </symbol>
      <symbol id="sm-3fd">
         <name>_low_pass_filter_calc</name>
         <value>0x3f5508</value>
         <object_component_ref idref="oc-1bd"/>
      </symbol>
      <symbol id="sm-456">
         <name>_main</name>
         <value>0x3f46b7</value>
         <object_component_ref idref="oc-1c9"/>
      </symbol>
      <symbol id="sm-457">
         <name>_data_test2</name>
         <value>0xa1c3</value>
         <object_component_ref idref="oc-163"/>
      </symbol>
      <symbol id="sm-458">
         <name>_data_test3</name>
         <value>0xa1c4</value>
         <object_component_ref idref="oc-163"/>
      </symbol>
      <symbol id="sm-459">
         <name>_data_test1</name>
         <value>0xa1c2</value>
         <object_component_ref idref="oc-163"/>
      </symbol>
      <symbol id="sm-45a">
         <name>_data_test4</name>
         <value>0xa1c5</value>
         <object_component_ref idref="oc-163"/>
      </symbol>
      <symbol id="sm-45b">
         <name>_Ut</name>
         <value>0xa1fe</value>
         <object_component_ref idref="oc-163"/>
      </symbol>
      <symbol id="sm-45c">
         <name>_Ud</name>
         <value>0xa1d0</value>
         <object_component_ref idref="oc-163"/>
      </symbol>
      <symbol id="sm-45d">
         <name>_pwmdis_flag</name>
         <value>0xa1c7</value>
         <object_component_ref idref="oc-163"/>
      </symbol>
      <symbol id="sm-45e">
         <name>_K_ang</name>
         <value>0xa1f6</value>
         <object_component_ref idref="oc-163"/>
      </symbol>
      <symbol id="sm-45f">
         <name>_RunFlag</name>
         <value>0xa1ce</value>
         <object_component_ref idref="oc-163"/>
      </symbol>
      <symbol id="sm-460">
         <name>_Power_calc1</name>
         <value>0xa22e</value>
         <object_component_ref idref="oc-163"/>
      </symbol>
      <symbol id="sm-461">
         <name>_key4_test</name>
         <value>0xa1cb</value>
         <object_component_ref idref="oc-163"/>
      </symbol>
      <symbol id="sm-462">
         <name>_key1_test</name>
         <value>0xa204</value>
         <object_component_ref idref="oc-163"/>
      </symbol>
      <symbol id="sm-463">
         <name>_key2_test</name>
         <value>0xa1c9</value>
         <object_component_ref idref="oc-163"/>
      </symbol>
      <symbol id="sm-464">
         <name>_key3_test</name>
         <value>0xa1ca</value>
         <object_component_ref idref="oc-163"/>
      </symbol>
      <symbol id="sm-465">
         <name>_Watch_count</name>
         <value>0xa1c1</value>
         <object_component_ref idref="oc-163"/>
      </symbol>
      <symbol id="sm-466">
         <name>_filter1</name>
         <value>0xa240</value>
         <object_component_ref idref="oc-163"/>
      </symbol>
      <symbol id="sm-467">
         <name>_V_ref</name>
         <value>0xa1e2</value>
         <object_component_ref idref="oc-163"/>
      </symbol>
      <symbol id="sm-468">
         <name>_switch_flag</name>
         <value>0xa1c8</value>
         <object_component_ref idref="oc-163"/>
      </symbol>
      <symbol id="sm-469">
         <name>_Umag</name>
         <value>0xa1d2</value>
         <object_component_ref idref="oc-163"/>
      </symbol>
      <symbol id="sm-46a">
         <name>_DT_com</name>
         <value>0xa1dc</value>
         <object_component_ref idref="oc-163"/>
      </symbol>
      <symbol id="sm-46b">
         <name>_park</name>
         <value>0xa190</value>
         <object_component_ref idref="oc-1c3"/>
      </symbol>
      <symbol id="sm-46c">
         <name>_Iqref</name>
         <value>0xa1d8</value>
         <object_component_ref idref="oc-163"/>
      </symbol>
      <symbol id="sm-46d">
         <name>_V_mod</name>
         <value>0xa1e4</value>
         <object_component_ref idref="oc-163"/>
      </symbol>
      <symbol id="sm-46e">
         <name>_Ang2</name>
         <value>0xa1f4</value>
         <object_component_ref idref="oc-163"/>
      </symbol>
      <symbol id="sm-46f">
         <name>_Ang1</name>
         <value>0xa1f0</value>
         <object_component_ref idref="oc-163"/>
      </symbol>
      <symbol id="sm-470">
         <name>_pwmen_flag</name>
         <value>0xa1c6</value>
         <object_component_ref idref="oc-163"/>
      </symbol>
      <symbol id="sm-471">
         <name>_Uds</name>
         <value>0xa1ec</value>
         <object_component_ref idref="oc-163"/>
      </symbol>
      <symbol id="sm-472">
         <name>_pid1</name>
         <value>0xa400</value>
         <object_component_ref idref="oc-1c5"/>
      </symbol>
      <symbol id="sm-473">
         <name>_Wt1</name>
         <value>0xa1f8</value>
         <object_component_ref idref="oc-163"/>
      </symbol>
      <symbol id="sm-474">
         <name>_xianxiang1</name>
         <value>0xa212</value>
         <object_component_ref idref="oc-163"/>
      </symbol>
      <symbol id="sm-475">
         <name>_xianxiang2</name>
         <value>0xa220</value>
         <object_component_ref idref="oc-163"/>
      </symbol>
      <symbol id="sm-476">
         <name>_Grid_Ang</name>
         <value>0xa1ee</value>
         <object_component_ref idref="oc-163"/>
      </symbol>
      <symbol id="sm-477">
         <name>_rampgen1</name>
         <value>0xa26a</value>
         <object_component_ref idref="oc-163"/>
      </symbol>
      <symbol id="sm-478">
         <name>_rampgen2</name>
         <value>0xa280</value>
         <object_component_ref idref="oc-163"/>
      </symbol>
      <symbol id="sm-479">
         <name>_det_I</name>
         <value>0xa1e6</value>
         <object_component_ref idref="oc-163"/>
      </symbol>
      <symbol id="sm-47a">
         <name>_FLL1</name>
         <value>0xa290</value>
         <object_component_ref idref="oc-163"/>
      </symbol>
      <symbol id="sm-47b">
         <name>_P_ref</name>
         <value>0xa1de</value>
         <object_component_ref idref="oc-163"/>
      </symbol>
      <symbol id="sm-47c">
         <name>_Q_filter</name>
         <value>0xa25c</value>
         <object_component_ref idref="oc-163"/>
      </symbol>
      <symbol id="sm-47d">
         <name>_Idref</name>
         <value>0xa1d6</value>
         <object_component_ref idref="oc-163"/>
      </symbol>
      <symbol id="sm-47e">
         <name>_PLL_delay</name>
         <value>0xa1da</value>
         <object_component_ref idref="oc-163"/>
      </symbol>
      <symbol id="sm-47f">
         <name>_Ang</name>
         <value>0xa1f2</value>
         <object_component_ref idref="oc-163"/>
      </symbol>
      <symbol id="sm-480">
         <name>_I_Ang</name>
         <value>0xa1fa</value>
         <object_component_ref idref="oc-163"/>
      </symbol>
      <symbol id="sm-481">
         <name>_Q_ref</name>
         <value>0xa1e0</value>
         <object_component_ref idref="oc-163"/>
      </symbol>
      <symbol id="sm-482">
         <name>_EnableFlag</name>
         <value>0xa1cd</value>
         <object_component_ref idref="oc-163"/>
      </symbol>
      <symbol id="sm-483">
         <name>_Overcurrent_flag</name>
         <value>0xa1cc</value>
         <object_component_ref idref="oc-163"/>
      </symbol>
      <symbol id="sm-484">
         <name>_Ubeta1</name>
         <value>0xa202</value>
         <object_component_ref idref="oc-163"/>
      </symbol>
      <symbol id="sm-485">
         <name>_sogi1</name>
         <value>0xa2c0</value>
         <object_component_ref idref="oc-163"/>
      </symbol>
      <symbol id="sm-486">
         <name>_sogi2</name>
         <value>0xa2e0</value>
         <object_component_ref idref="oc-163"/>
      </symbol>
      <symbol id="sm-487">
         <name>_temp1</name>
         <value>0xa000</value>
         <object_component_ref idref="oc-1c7"/>
      </symbol>
      <symbol id="sm-488">
         <name>_ipark1</name>
         <value>0xa206</value>
         <object_component_ref idref="oc-163"/>
      </symbol>
      <symbol id="sm-489">
         <name>_Button_flag</name>
         <value>0xa1c0</value>
         <object_component_ref idref="oc-163"/>
      </symbol>
      <symbol id="sm-48a">
         <name>_P_filter</name>
         <value>0xa24e</value>
         <object_component_ref idref="oc-163"/>
      </symbol>
      <symbol id="sm-48b">
         <name>_w_count</name>
         <value>0xa1fc</value>
         <object_component_ref idref="oc-163"/>
      </symbol>
      <symbol id="sm-48c">
         <name>_Ualpha1</name>
         <value>0xa200</value>
         <object_component_ref idref="oc-163"/>
      </symbol>
      <symbol id="sm-48d">
         <name>_T</name>
         <value>0xa1e8</value>
         <object_component_ref idref="oc-163"/>
      </symbol>
      <symbol id="sm-48e">
         <name>_R</name>
         <value>0xa1d4</value>
         <object_component_ref idref="oc-163"/>
      </symbol>
      <symbol id="sm-48f">
         <name>_ADC_Get_Value1</name>
         <value>0xa2a2</value>
         <object_component_ref idref="oc-163"/>
      </symbol>
      <symbol id="sm-490">
         <name>_key4_flag</name>
         <value>0xa3f6</value>
         <object_component_ref idref="oc-1d6"/>
      </symbol>
      <symbol id="sm-491">
         <name>_key2_flag</name>
         <value>0xa3ee</value>
         <object_component_ref idref="oc-1d2"/>
      </symbol>
      <symbol id="sm-492">
         <name>_key3_flag</name>
         <value>0xa3f2</value>
         <object_component_ref idref="oc-1d4"/>
      </symbol>
      <symbol id="sm-493">
         <name>_key1_flag</name>
         <value>0xa3ea</value>
         <object_component_ref idref="oc-1d0"/>
      </symbol>
      <symbol id="sm-494">
         <name>_AdcISR</name>
         <value>0x3f439b</value>
         <object_component_ref idref="oc-164"/>
      </symbol>
      <symbol id="sm-495">
         <name>_tao</name>
         <value>0xa1ea</value>
         <object_component_ref idref="oc-163"/>
      </symbol>
      <symbol id="sm-4a1">
         <name>_park_calc</name>
         <value>0x3f5430</value>
         <object_component_ref idref="oc-1ca"/>
      </symbol>
      <symbol id="sm-4b3">
         <name>_pid_reg3_calc</name>
         <value>0x3f4cd4</value>
         <object_component_ref idref="oc-1cb"/>
      </symbol>
      <symbol id="sm-4c1">
         <name>_rampgen_calc</name>
         <value>0x3f5187</value>
         <object_component_ref idref="oc-1be"/>
      </symbol>
      <symbol id="sm-4e2">
         <name>__stack</name>
         <value>0x50</value>
         <object_component_ref idref="oc-184"/>
      </symbol>
      <symbol id="sm-4e3">
         <name>_c_int00</name>
         <value>0x3f536c</value>
         <object_component_ref idref="oc-4e"/>
      </symbol>
      <symbol id="sm-4f1">
         <name>__dtors_ptr</name>
         <value>0xa4c2</value>
         <object_component_ref idref="oc-18c"/>
      </symbol>
      <symbol id="sm-4f2">
         <name>C$$EXIT</name>
         <value>0x3f5542</value>
         <object_component_ref idref="oc-189"/>
      </symbol>
      <symbol id="sm-4f3">
         <name>_abort</name>
         <value>0x3f5542</value>
         <object_component_ref idref="oc-189"/>
      </symbol>
      <symbol id="sm-4f4">
         <name>_exit</name>
         <value>0x3f5544</value>
         <object_component_ref idref="oc-189"/>
      </symbol>
      <symbol id="sm-4f5">
         <name>__cleanup_ptr</name>
         <value>0xa4c0</value>
         <object_component_ref idref="oc-18c"/>
      </symbol>
      <symbol id="sm-4fd">
         <name>FS$$DIV</name>
         <value>0x3f5085</value>
         <object_component_ref idref="oc-18f"/>
      </symbol>
      <symbol id="sm-507">
         <name>_sqrt</name>
         <value>0x3f54e8</value>
         <object_component_ref idref="oc-193"/>
      </symbol>
      <symbol id="sm-513">
         <name>_atan2</name>
         <value>0x3f4dc4</value>
         <object_component_ref idref="oc-197"/>
      </symbol>
      <symbol id="sm-51d">
         <name>_cos</name>
         <value>0x3f525f</value>
         <object_component_ref idref="oc-19b"/>
      </symbol>
      <symbol id="sm-527">
         <name>_sin</name>
         <value>0x3f52bd</value>
         <object_component_ref idref="oc-19f"/>
      </symbol>
      <symbol id="sm-531">
         <name>_tan</name>
         <value>0x3f5200</value>
         <object_component_ref idref="oc-1a3"/>
      </symbol>
      <symbol id="sm-53f">
         <name>__lock</name>
         <value>0xa3fc</value>
         <object_component_ref idref="oc-1aa"/>
      </symbol>
      <symbol id="sm-540">
         <name>__register_unlock</name>
         <value>0x3f5582</value>
         <object_component_ref idref="oc-1a7"/>
      </symbol>
      <symbol id="sm-541">
         <name>__nop</name>
         <value>0x3f558a</value>
         <object_component_ref idref="oc-1a7"/>
      </symbol>
      <symbol id="sm-542">
         <name>__register_lock</name>
         <value>0x3f5586</value>
         <object_component_ref idref="oc-1a7"/>
      </symbol>
      <symbol id="sm-543">
         <name>__unlock</name>
         <value>0xa3fa</value>
         <object_component_ref idref="oc-1aa"/>
      </symbol>
      <symbol id="sm-54d">
         <name>__TI_args_main</name>
         <value>0x1</value>
      </symbol>
      <symbol id="sm-54e">
         <name>__args_main</name>
         <value>0x3f5527</value>
         <object_component_ref idref="oc-1ad"/>
      </symbol>
      <symbol id="sm-55a">
         <name>_errno</name>
         <value>0xa3fe</value>
         <object_component_ref idref="oc-1b3"/>
      </symbol>
      <symbol id="sm-564">
         <name>_frexp</name>
         <value>0x3f555b</value>
         <object_component_ref idref="oc-1b6"/>
      </symbol>
   </symbol_table>
   <title>Link successful</title>
</link_info>
