******************************************************************************
             TMS320C2000 Linker PC v22.6.1                     
******************************************************************************
>> Linked Wed Jul 23 11:45:54 2025

OUTPUT FILE NAME:   <single_inverterDCAC_lib_function.out>
ENTRY POINT SYMBOL: "_c_int00"  address: 003f6422


MEMORY CONFIGURATION

         name            origin    length      used     unused   attr    fill
----------------------  --------  ---------  --------  --------  ----  --------
PAGE 0:
  RAML0                 00008000   00000800  000003ab  00000455  RWIX
  RAML1                 00008800   00000400  00000019  000003e7  RWIX
  OTP                   003d7800   00000400  00000000  00000400  RWIX
  FLASHH                003d8000   00004000  00000000  00004000  RWIX
  FLASHG                003dc000   00004000  00000000  00004000  RWIX
  FLASHF                003e0000   00004000  00000000  00004000  RWIX
  FLASHE                003e4000   00004000  00000000  00004000  RWIX
  FLASHD                003e8000   00004000  000003ab  00003c55  RWIX
  FLASHC                003ec000   00004000  00001f34  000020cc  RWIX
  FLASHA                003f4000   00003f80  000029b1  000015cf  RWIX
  CSM_RSVD              003f7f80   00000076  00000076  00000000  RWIX
  BEGIN                 003f7ff6   00000002  00000002  00000000  RWIX
  CSM_PWL_P0            003f7ff8   00000008  00000008  00000000  RWIX
  FPUTABLES             003fd860   000006a0  00000000  000006a0  RWIX
  IQTABLES              003fdf00   00000b50  00000000  00000b50  RWIX
  IQTABLES2             003fea50   0000008c  00000000  0000008c  RWIX
  IQTABLES3             003feadc   000000aa  00000000  000000aa  RWIX
  ROM                   003ff3b0   00000c10  00000000  00000c10  RWIX
  RESET                 003fffc0   00000002  00000000  00000002  RWIX
  VECTORS               003fffc2   0000003e  00000000  0000003e  RWIX

PAGE 1:
  BOOT_RSVD             00000000   00000050  00000000  00000050  RWIX
  RAMM0                 00000050   000003b0  00000000  000003b0  RWIX
  RAMM1                 00000400   00000400  00000000  00000400  RWIX
  DEV_EMU               00000880   00000105  00000004  00000101  RWIX
  SYS_PWR_CTL           00000985   00000003  00000003  00000000  RWIX
  FLASH_REGS            00000a80   00000060  00000008  00000058  RWIX
  CSM                   00000ae0   00000020  00000010  00000010  RWIX
  ADC_RESULT            00000b00   00000020  00000010  00000010  RWIX
  CPU_TIMER0            00000c00   00000008  00000008  00000000  RWIX
  CPU_TIMER1            00000c08   00000008  00000008  00000000  RWIX
  CPU_TIMER2            00000c10   00000008  00000008  00000000  RWIX
  PIE_CTRL              00000ce0   00000020  0000001a  00000006  RWIX
  PIE_VECT              00000d00   00000100  00000100  00000000  RWIX
  DMA                   00001000   00000200  000000e0  00000120  RWIX
  CLA1                  00001400   00000080  00000040  00000040  RWIX
  McBSPA                00005000   00000040  00000024  0000001c  RWIX
  ECANA                 00006000   00000040  00000034  0000000c  RWIX
  ECANA_LAM             00006040   00000040  00000040  00000000  RWIX
  ECANA_MOTS            00006080   00000040  00000040  00000000  RWIX
  ECANA_MOTO            000060c0   00000040  00000040  00000000  RWIX
  ECANA_MBOX            00006100   00000100  00000100  00000000  RWIX
  COMP1                 00006400   00000020  00000014  0000000c  RWIX
  COMP2                 00006420   00000020  00000014  0000000c  RWIX
  COMP3                 00006440   00000020  00000014  0000000c  RWIX
  EPWM1                 00006800   00000040  00000040  00000000  RWIX
  EPWM2                 00006840   00000040  00000040  00000000  RWIX
  EPWM3                 00006880   00000040  00000040  00000000  RWIX
  EPWM4                 000068c0   00000040  00000040  00000000  RWIX
  EPWM5                 00006900   00000040  00000040  00000000  RWIX
  EPWM6                 00006940   00000040  00000040  00000000  RWIX
  EPWM7                 00006980   00000040  00000040  00000000  RWIX
  EPWM8                 000069c0   00000040  00000040  00000000  RWIX
  ECAP1                 00006a00   00000020  00000020  00000000  RWIX
  ECAP2                 00006a20   00000020  00000020  00000000  RWIX
  ECAP3                 00006a40   00000020  00000020  00000000  RWIX
  EQEP1                 00006b00   00000040  00000022  0000001e  RWIX
  EQEP2                 00006b40   00000040  00000022  0000001e  RWIX
  GPIOCTRL              00006f80   00000040  00000040  00000000  RWIX
  GPIODAT               00006fc0   00000020  00000020  00000000  RWIX
  GPIOINT               00006fe0   00000020  00000020  00000000  RWIX
  SYSTEM                00007010   00000030  00000030  00000000  RWIX
  SPIA                  00007040   00000010  00000010  00000000  RWIX
  SCIA                  00007050   00000010  00000010  00000000  RWIX
  NMIINTRUPT            00007060   00000010  00000010  00000000  RWIX
  XINTRUPT              00007070   00000010  00000010  00000000  RWIX
  ADC                   00007100   00000080  00000050  00000030  RWIX
  SPIB                  00007740   00000010  00000010  00000000  RWIX
  SCIB                  00007750   00000010  00000010  00000000  RWIX
  I2CA                  00007900   00000040  00000022  0000001e  RWIX
  RAML2                 00008c00   00000400  00000000  00000400  RWIX
  RAML3                 00009000   00001000  00000000  00001000  RWIX
  RAML4                 0000a000   00002000  00000d7e  00001282  RWIX
  RAML5                 0000c000   00002000  00000000  00002000  RWIX
  RAML6                 0000e000   00002000  00000000  00002000  RWIX
  RAML7                 00010000   00002000  00000000  00002000  RWIX
  RAML8                 00012000   00002000  00000000  00002000  RWIX
  USB_RAM               00040000   00000800  00000000  00000800  RWIX
  PARTID                003d7e80   00000001  00000001  00000000  RWIX
  FLASHB                003f0000   00004000  00000000  00004000  RWIX
  CSM_PWL               003f7ff8   00000008  00000008  00000000  RWIX


SECTION ALLOCATION MAP

 output                                  attributes/
section   page    origin      length       input sections
--------  ----  ----------  ----------   ----------------
.cinit     0    003f66a0    00000311     
                  003f66a0    000001e9     main.obj (.cinit)
                  003f6889    000000c1     main.obj (.cinit:_pid1)
                  003f694a    00000033     main.obj (.cinit:_park)
                  003f697d    0000000a     EPWM.obj (.cinit)
                  003f6987    0000000a     rts2800_fpu32.lib : _lock.obj (.cinit)
                  003f6991    0000000a                       : exit.obj (.cinit)
                  003f699b    00000004     main.obj (.cinit:_key1_flag)
                  003f699f    00000004     main.obj (.cinit:_key2_flag)
                  003f69a3    00000004     main.obj (.cinit:_key3_flag)
                  003f69a7    00000004     main.obj (.cinit:_key4_flag)
                  003f69ab    00000004     rts2800_fpu32.lib : errno.obj (.cinit)
                  003f69af    00000002     --HOLE-- [fill = 0]

.pinit     0    003f4000    00000000     UNINITIALIZED

.text:cio 
*          0    00008800    00000019     
                  00008800    00000019     rts2800_fpu32.lib : exit.obj (.text)

ramfuncs   0    003e8000    000003ab     RUN ADDR = 00008000
                  003e8000    0000038c     main.obj (ramfuncs:retain)
                  003e838c    0000001b     F2806x_SysCtrl.obj (ramfuncs)
                  003e83a7    00000004     F2806x_usDelay.obj (ramfuncs)

.text      0    003f4000    000015ae     
                  003f4000    0000054a     OLED.obj (.text)
                  003f454a    0000039b     F2806x_DefaultIsr.obj (.text:retain)
                  003f48e5    00000297     main.obj (.text)
                  003f4b7c    0000018a     F2806x_SysCtrl.obj (.text)
                  003f4d06    0000015d     EPWM.obj (.text)
                  003f4e63    0000010c     Adc.obj (.text)
                  003f4f6f    000000f0     pid_reg3.obj (.text)
                  003f505f    000000d9     Gpio.obj (.text)
                  003f5138    000000bb     sogi_lib.lib : SOGI.obj (.text)
                  003f51f3    0000009d     ADC_Get_Value.obj (.text)
                  003f5290    0000007a     FLL.obj (.text)
                  003f530a    00000079     rampgen.obj (.text)
                  003f5383    00000078     System_Init.obj (.text)
                  003f53fb    00000045     Power_cal.obj (.text)
                  003f5440    0000003b     IIC.obj (.text)
                  003f547b    00000039     ipark.obj (.text)
                  003f54b4    00000036     park.obj (.text)
                  003f54ea    00000034     Xian_Xiang.obj (.text)
                  003f551e    00000028     F2806x_PieCtrl.obj (.text)
                  003f5546    00000026     F2806x_PieVect.obj (.text)
                  003f556c    0000001f     low_pass_filter.obj (.text)
                  003f558b    00000011     DMA.obj (.text:retain)
                  003f559c    00000008     F2806x_CodeStartBranch.obj (.text)
                  003f55a4    00000007     F2806x_DisInt.obj (.text)
                  003f55ab    00000003     F2806x_DBGIER.obj (.text)

.text:rts 
*          0    003f55ae    000010f2     
                  003f55ae    0000095f     rts2800_fpu32.lib : _printfi.obj (.text)
                  003f5f0d    00000107                       : ll_div.obj (.text)
                  003f6014    000000c3                       : atan2.obj (.text)
                  003f60d7    0000009c                       : fd_add.obj (.text)
                  003f6173    0000008b                       : fd_div.obj (.text)
                  003f61fe    00000088                       : fs_div.obj (.text)
                  003f6286    00000083                       : fd_mpy.obj (.text)
                  003f6309    0000005f                       : tan.obj (.text)
                  003f6368    0000005e                       : cos.obj (.text)
                  003f63c6    0000005c                       : sin.obj (.text)
                  003f6422    00000046                       : boot.obj (.text)
                  003f6468    00000031                       : atoi.obj (.text)
                  003f6499    0000002f                       : sprintf.obj (.text)
                  003f64c8    0000002e                       : ltoa.obj (.text)
                  003f64f6    0000002a                       : fd_cmp.obj (.text)
                  003f6520    0000002a                       : l_div.obj (.text)
                  003f654a    00000021                       : fd_toi.obj (.text)
                  003f656b    00000001     --HOLE-- [fill = 0]
                  003f656c    00000020                       : sqrt.obj (.text)
                  003f658c    0000001f                       : fd_tol.obj (.text)
                  003f65ab    0000001e                       : ll_cmp.obj (.text)
                  003f65c9    0000001c                       : fs_tofd.obj (.text)
                  003f65e5    0000001c                       : l_tofd.obj (.text)
                  003f6601    0000001b                       : args_main.obj (.text)
                  003f661c    00000016                       : frexp.obj (.text)
                  003f6632    00000014                       : ll_mpy.obj (.text)
                  003f6646    00000012                       : memccpy.obj (.text)
                  003f6658    0000000e                       : fd_sub.obj (.text)
                  003f6666    0000000b                       : u_div.obj (.text)
                  003f6671    0000000a                       : strlen.obj (.text)
                  003f667b    00000009                       : _lock.obj (.text)
                  003f6684    00000009                       : fd_neg.obj (.text)
                  003f668d    00000009                       : strcpy.obj (.text)
                  003f6696    00000007                       : memset.obj (.text)
                  003f669d    00000003                       : memcpy.obj (.text)

csm_rsvd   0    003f7f80    00000076     
                  003f7f80    00000076     F2806x_CSMPasswords.obj (csm_rsvd)

codestart 
*          0    003f7ff6    00000002     
                  003f7ff6    00000002     F2806x_CodeStartBranch.obj (codestart)

csmpasswds 
*          0    003f7ff8    00000008     
                  003f7ff8    00000008     F2806x_CSMPasswords.obj (csmpasswds)

DevEmuRegsFile 
*          1    00000880    00000004     UNINITIALIZED
                  00000880    00000004     F2806x_GlobalVariableDefs.obj (DevEmuRegsFile)

SysPwrCtrlRegsFile 
*          1    00000985    00000003     UNINITIALIZED
                  00000985    00000003     F2806x_GlobalVariableDefs.obj (SysPwrCtrlRegsFile)

FlashRegsFile 
*          1    00000a80    00000008     UNINITIALIZED
                  00000a80    00000008     F2806x_GlobalVariableDefs.obj (FlashRegsFile)

CsmRegsFile 
*          1    00000ae0    00000010     UNINITIALIZED
                  00000ae0    00000010     F2806x_GlobalVariableDefs.obj (CsmRegsFile)

AdcResultFile 
*          1    00000b00    00000010     UNINITIALIZED
                  00000b00    00000010     F2806x_GlobalVariableDefs.obj (AdcResultFile)

CpuTimer0RegsFile 
*          1    00000c00    00000008     UNINITIALIZED
                  00000c00    00000008     F2806x_GlobalVariableDefs.obj (CpuTimer0RegsFile)

CpuTimer1RegsFile 
*          1    00000c08    00000008     UNINITIALIZED
                  00000c08    00000008     F2806x_GlobalVariableDefs.obj (CpuTimer1RegsFile)

CpuTimer2RegsFile 
*          1    00000c10    00000008     UNINITIALIZED
                  00000c10    00000008     F2806x_GlobalVariableDefs.obj (CpuTimer2RegsFile)

PieCtrlRegsFile 
*          1    00000ce0    0000001a     UNINITIALIZED
                  00000ce0    0000001a     F2806x_GlobalVariableDefs.obj (PieCtrlRegsFile)

DmaRegsFile 
*          1    00001000    000000e0     UNINITIALIZED
                  00001000    000000e0     F2806x_GlobalVariableDefs.obj (DmaRegsFile)

ECanaMOTSRegsFile 
*          1    00006080    00000040     UNINITIALIZED
                  00006080    00000040     F2806x_GlobalVariableDefs.obj (ECanaMOTSRegsFile)

ECanaMOTORegsFile 
*          1    000060c0    00000040     UNINITIALIZED
                  000060c0    00000040     F2806x_GlobalVariableDefs.obj (ECanaMOTORegsFile)

.ebss      1    0000a000    0000097e     UNINITIALIZED
                  0000a000    00000480     OLED.obj (.ebss:_OLED_GRAM)
                  0000a480    00000190     main.obj (.ebss:_temp1)
                  0000a610    00000030     main.obj (.ebss:_park)
                  0000a640    00000160     main.obj (.ebss)
                  0000a7a0    00000018     F2806x_CpuTimers.obj (.ebss)
                  0000a7b8    00000008     EPWM.obj (.ebss)
                  0000a7c0    000000ca     SCI.obj (.ebss)
                  0000a88a    00000004     main.obj (.ebss:_key1_flag)
                  0000a88e    00000004     main.obj (.ebss:_key2_flag)
                  0000a892    00000004     main.obj (.ebss:_key3_flag)
                  0000a896    00000004     main.obj (.ebss:_key4_flag)
                  0000a89a    00000004     rts2800_fpu32.lib : _lock.obj (.ebss)
                  0000a89e    00000004                       : exit.obj (.ebss)
                  0000a8a2    00000001                       : errno.obj (.ebss)
                  0000a8a3    0000001d     --HOLE--
                  0000a8c0    000000be     main.obj (.ebss:_pid1)

.stack     1    0000a97e    00000400     UNINITIALIZED
                  0000a97e    00000400     --HOLE--

.econst    0    003ec000    00001f34     
                  003ec000    00000d5c     OLED.obj (.econst:_asc2_2412)
                  003ecd5c    000005f0     OLED.obj (.econst:_asc2_1608)
                  003ed34c    00000474     OLED.obj (.econst:_asc2_1206)
                  003ed7c0    00000228     OLED.obj (.econst:_asc2_0806)
                  003ed9e8    00000200     OLED.obj (.econst:_Hzk4)
                  003edbe8    00000101     rts2800_fpu32.lib : ctype.obj (.econst:__ctypes_)
                  003edce9    00000001     --HOLE-- [fill = 0]
                  003edcea    00000100     F2806x_PieVect.obj (.econst:_PieVectTableInit)
                  003eddea    00000080     OLED.obj (.econst:_Hzk3)
                  003ede6a    00000048     OLED.obj (.econst:_Hzk2)
                  003edeb2    00000024     rts2800_fpu32.lib : _printfi.obj (.econst:.string)
                  003eded6    00000020     OLED.obj (.econst:_Hzk1)
                  003edef6    00000018     rts2800_fpu32.lib : _printfi.obj (.econst)
                  003edf0e    00000011     System_Init.obj (.econst:.string)
                  003edf1f    00000001     --HOLE-- [fill = 0]
                  003edf20    0000000a     OLED.obj (.econst:.string)
                  003edf2a    00000008     rts2800_fpu32.lib : atan2.obj (.econst:_a$1)
                  003edf32    00000002     OLED.obj (.econst:.string:_$P$T0$1)

.reset     0    003fffc0    00000002     DSECT
                  003fffc0    00000002     rts2800_fpu32.lib : boot.obj (.reset)

vectors    0    003fffc2    00000000     DSECT

PieVectTableFile 
*          1    00000d00    00000100     UNINITIALIZED
                  00000d00    00000100     F2806x_GlobalVariableDefs.obj (PieVectTableFile)

EmuKeyVar 
*          1    00000d00    00000001     UNINITIALIZED
                  00000d00    00000001     F2806x_GlobalVariableDefs.obj (EmuKeyVar)

EmuBModeVar 
*          1    00000d01    00000001     UNINITIALIZED
                  00000d01    00000001     F2806x_GlobalVariableDefs.obj (EmuBModeVar)

FlashCallbackVar 
*          1    00000d02    00000002     UNINITIALIZED
                  00000d02    00000002     F2806x_GlobalVariableDefs.obj (FlashCallbackVar)

FlashScalingVar 
*          1    00000d04    00000002     UNINITIALIZED
                  00000d04    00000002     F2806x_GlobalVariableDefs.obj (FlashScalingVar)

Cla1RegsFile 
*          1    00001400    00000040     UNINITIALIZED
                  00001400    00000040     F2806x_GlobalVariableDefs.obj (Cla1RegsFile)

McbspaRegsFile 
*          1    00005000    00000024     UNINITIALIZED
                  00005000    00000024     F2806x_GlobalVariableDefs.obj (McbspaRegsFile)

ECanaRegsFile 
*          1    00006000    00000034     UNINITIALIZED
                  00006000    00000034     F2806x_GlobalVariableDefs.obj (ECanaRegsFile)

ECanaLAMRegsFile 
*          1    00006040    00000040     UNINITIALIZED
                  00006040    00000040     F2806x_GlobalVariableDefs.obj (ECanaLAMRegsFile)

ECanaMboxesFile 
*          1    00006100    00000100     UNINITIALIZED
                  00006100    00000100     F2806x_GlobalVariableDefs.obj (ECanaMboxesFile)

Comp1RegsFile 
*          1    00006400    00000014     UNINITIALIZED
                  00006400    00000014     F2806x_GlobalVariableDefs.obj (Comp1RegsFile)

Comp2RegsFile 
*          1    00006420    00000014     UNINITIALIZED
                  00006420    00000014     F2806x_GlobalVariableDefs.obj (Comp2RegsFile)

Comp3RegsFile 
*          1    00006440    00000014     UNINITIALIZED
                  00006440    00000014     F2806x_GlobalVariableDefs.obj (Comp3RegsFile)

EPwm1RegsFile 
*          1    00006800    00000040     UNINITIALIZED
                  00006800    00000040     F2806x_GlobalVariableDefs.obj (EPwm1RegsFile)

EPwm2RegsFile 
*          1    00006840    00000040     UNINITIALIZED
                  00006840    00000040     F2806x_GlobalVariableDefs.obj (EPwm2RegsFile)

EPwm3RegsFile 
*          1    00006880    00000040     UNINITIALIZED
                  00006880    00000040     F2806x_GlobalVariableDefs.obj (EPwm3RegsFile)

EPwm4RegsFile 
*          1    000068c0    00000040     UNINITIALIZED
                  000068c0    00000040     F2806x_GlobalVariableDefs.obj (EPwm4RegsFile)

EPwm5RegsFile 
*          1    00006900    00000040     UNINITIALIZED
                  00006900    00000040     F2806x_GlobalVariableDefs.obj (EPwm5RegsFile)

EPwm6RegsFile 
*          1    00006940    00000040     UNINITIALIZED
                  00006940    00000040     F2806x_GlobalVariableDefs.obj (EPwm6RegsFile)

EPwm7RegsFile 
*          1    00006980    00000040     UNINITIALIZED
                  00006980    00000040     F2806x_GlobalVariableDefs.obj (EPwm7RegsFile)

EPwm8RegsFile 
*          1    000069c0    00000040     UNINITIALIZED
                  000069c0    00000040     F2806x_GlobalVariableDefs.obj (EPwm8RegsFile)

ECap1RegsFile 
*          1    00006a00    00000020     UNINITIALIZED
                  00006a00    00000020     F2806x_GlobalVariableDefs.obj (ECap1RegsFile)

ECap2RegsFile 
*          1    00006a20    00000020     UNINITIALIZED
                  00006a20    00000020     F2806x_GlobalVariableDefs.obj (ECap2RegsFile)

ECap3RegsFile 
*          1    00006a40    00000020     UNINITIALIZED
                  00006a40    00000020     F2806x_GlobalVariableDefs.obj (ECap3RegsFile)

EQep1RegsFile 
*          1    00006b00    00000022     UNINITIALIZED
                  00006b00    00000022     F2806x_GlobalVariableDefs.obj (EQep1RegsFile)

EQep2RegsFile 
*          1    00006b40    00000022     UNINITIALIZED
                  00006b40    00000022     F2806x_GlobalVariableDefs.obj (EQep2RegsFile)

GpioCtrlRegsFile 
*          1    00006f80    00000040     UNINITIALIZED
                  00006f80    00000040     F2806x_GlobalVariableDefs.obj (GpioCtrlRegsFile)

GpioDataRegsFile 
*          1    00006fc0    00000020     UNINITIALIZED
                  00006fc0    00000020     F2806x_GlobalVariableDefs.obj (GpioDataRegsFile)

GpioIntRegsFile 
*          1    00006fe0    00000020     UNINITIALIZED
                  00006fe0    00000020     F2806x_GlobalVariableDefs.obj (GpioIntRegsFile)

SysCtrlRegsFile 
*          1    00007010    00000030     UNINITIALIZED
                  00007010    00000030     F2806x_GlobalVariableDefs.obj (SysCtrlRegsFile)

SpiaRegsFile 
*          1    00007040    00000010     UNINITIALIZED
                  00007040    00000010     F2806x_GlobalVariableDefs.obj (SpiaRegsFile)

SciaRegsFile 
*          1    00007050    00000010     UNINITIALIZED
                  00007050    00000010     F2806x_GlobalVariableDefs.obj (SciaRegsFile)

NmiIntruptRegsFile 
*          1    00007060    00000010     UNINITIALIZED
                  00007060    00000010     F2806x_GlobalVariableDefs.obj (NmiIntruptRegsFile)

XIntruptRegsFile 
*          1    00007070    00000010     UNINITIALIZED
                  00007070    00000010     F2806x_GlobalVariableDefs.obj (XIntruptRegsFile)

AdcRegsFile 
*          1    00007100    00000050     UNINITIALIZED
                  00007100    00000050     F2806x_GlobalVariableDefs.obj (AdcRegsFile)

SpibRegsFile 
*          1    00007740    00000010     UNINITIALIZED
                  00007740    00000010     F2806x_GlobalVariableDefs.obj (SpibRegsFile)

ScibRegsFile 
*          1    00007750    00000010     UNINITIALIZED
                  00007750    00000010     F2806x_GlobalVariableDefs.obj (ScibRegsFile)

I2caRegsFile 
*          1    00007900    00000022     UNINITIALIZED
                  00007900    00000022     F2806x_GlobalVariableDefs.obj (I2caRegsFile)

PartIdRegsFile 
*          1    003d7e80    00000001     UNINITIALIZED
                  003d7e80    00000001     F2806x_GlobalVariableDefs.obj (PartIdRegsFile)

CsmPwlFile 
*          1    003f7ff8    00000008     UNINITIALIZED
                  003f7ff8    00000008     F2806x_GlobalVariableDefs.obj (CsmPwlFile)

MODULE SUMMARY

       Module                          code    initialized data   uninitialized data
       ------                          ----    ----------------   ------------------
    .\
       main.obj                        2479    749                1006              
    +--+-------------------------------+-------+------------------+--------------------+
       Total:                          2479    749                1006              
                                                                                    
    .\User\App\
       Adc.obj                         268     0                  0                 
       pid_reg3.obj                    240     0                  0                 
       ADC_Get_Value.obj               157     0                  0                 
       FLL.obj                         122     0                  0                 
       rampgen.obj                     121     0                  0                 
       Power_cal.obj                   69      0                  0                 
       ipark.obj                       57      0                  0                 
       park.obj                        54      0                  0                 
       Xian_Xiang.obj                  52      0                  0                 
       low_pass_filter.obj             31      0                  0                 
       F2806x_CodeStartBranch.obj      10      0                  0                 
    +--+-------------------------------+-------+------------------+--------------------+
       Total:                          1181    0                  0                 
                                                                                    
    .\User\Device\IIC\
       IIC.obj                         59      0                  0                 
    +--+-------------------------------+-------+------------------+--------------------+
       Total:                          59      0                  0                 
                                                                                    
    .\User\Device\OLED\
       OLED.obj                        1354    7388               1152              
    +--+-------------------------------+-------+------------------+--------------------+
       Total:                          1354    7388               1152              
                                                                                    
    .\User\bsp\
       F2806x_GlobalVariableDefs.obj   0       0                  2314              
       F2806x_DefaultIsr.obj           923     0                  0                 
       F2806x_SysCtrl.obj              448     0                  0                 
       EPWM.obj                        349     10                 8                 
       F2806x_PieVect.obj              38      256                0                 
       Gpio.obj                        217     0                  0                 
       SCI.obj                         0       0                  202               
       System_Init.obj                 120     17                 0                 
       F2806x_CSMPasswords.obj         0       126                0                 
       F2806x_PieCtrl.obj              40      0                  0                 
       F2806x_CpuTimers.obj            0       0                  24                
       DMA.obj                         17      0                  0                 
       F2806x_usDelay.obj              8       0                  0                 
       F2806x_DisInt.obj               7       0                  0                 
       F2806x_DBGIER.obj               3       0                  0                 
    +--+-------------------------------+-------+------------------+--------------------+
       Total:                          2170    409                2548              
                                                                                    
    ../rts2800_fpu32.lib
       _printfi.obj                    2399    60                 0                 
       ll_div.obj                      263     0                  0                 
       ctype.obj                       0       257                0                 
       atan2.obj                       195     8                  0                 
       fd_add.obj                      156     0                  0                 
       fd_div.obj                      139     0                  0                 
       fs_div.obj                      136     0                  0                 
       fd_mpy.obj                      131     0                  0                 
       tan.obj                         95      0                  0                 
       cos.obj                         94      0                  0                 
       sin.obj                         92      0                  0                 
       boot.obj                        70      0                  0                 
       atoi.obj                        49      0                  0                 
       sprintf.obj                     47      0                  0                 
       ltoa.obj                        46      0                  0                 
       fd_cmp.obj                      42      0                  0                 
       l_div.obj                       42      0                  0                 
       exit.obj                        25      10                 4                 
       fd_toi.obj                      33      0                  0                 
       sqrt.obj                        32      0                  0                 
       fd_tol.obj                      31      0                  0                 
       ll_cmp.obj                      30      0                  0                 
       fs_tofd.obj                     28      0                  0                 
       l_tofd.obj                      28      0                  0                 
       args_main.obj                   27      0                  0                 
       _lock.obj                       9       10                 4                 
       frexp.obj                       22      0                  0                 
       ll_mpy.obj                      20      0                  0                 
       memccpy.obj                     18      0                  0                 
       fd_sub.obj                      14      0                  0                 
       u_div.obj                       11      0                  0                 
       strlen.obj                      10      0                  0                 
       fd_neg.obj                      9       0                  0                 
       strcpy.obj                      9       0                  0                 
       memset.obj                      7       0                  0                 
       errno.obj                       0       4                  1                 
       memcpy.obj                      3       0                  0                 
    +--+-------------------------------+-------+------------------+--------------------+
       Total:                          4362    349                9                 
                                                                                    
    ../sogi_lib.lib
       SOGI.obj                        187     0                  0                 
    +--+-------------------------------+-------+------------------+--------------------+
       Total:                          187     0                  0                 
                                                                                    
       Stack:                          0       0                  1024              
    +--+-------------------------------+-------+------------------+--------------------+
       Grand Total:                    11792   8895               5739              


GLOBAL DATA SYMBOLS: SORTED BY DATA PAGE

address     data page           name
--------    ----------------    ----
00000880      22 (00000880)     _DevEmuRegs

00000985      26 (00000980)     _SysPwrCtrlRegs

00000a80      2a (00000a80)     _FlashRegs

00000ae0      2b (00000ac0)     _CsmRegs

00000b00      2c (00000b00)     _AdcResult

00000c00      30 (00000c00)     _CpuTimer0Regs
00000c08      30 (00000c00)     _CpuTimer1Regs
00000c10      30 (00000c00)     _CpuTimer2Regs

00000ce0      33 (00000cc0)     _PieCtrlRegs

00000d00      34 (00000d00)     _EmuKey
00000d00      34 (00000d00)     _PieVectTable
00000d01      34 (00000d00)     _EmuBMode
00000d02      34 (00000d00)     _Flash_CallbackPtr
00000d04      34 (00000d00)     _Flash_CPUScaleFactor

00001000      40 (00001000)     _DmaRegs

00001400      50 (00001400)     _Cla1Regs

00005000     140 (00005000)     _McbspaRegs

00006000     180 (00006000)     _ECanaRegs

00006040     181 (00006040)     _ECanaLAMRegs

00006080     182 (00006080)     _ECanaMOTSRegs

000060c0     183 (000060c0)     _ECanaMOTORegs

00006100     184 (00006100)     _ECanaMboxes

00006400     190 (00006400)     _Comp1Regs
00006420     190 (00006400)     _Comp2Regs

00006440     191 (00006440)     _Comp3Regs

00006800     1a0 (00006800)     _EPwm1Regs

00006840     1a1 (00006840)     _EPwm2Regs

00006880     1a2 (00006880)     _EPwm3Regs

000068c0     1a3 (000068c0)     _EPwm4Regs

00006900     1a4 (00006900)     _EPwm5Regs

00006940     1a5 (00006940)     _EPwm6Regs

00006980     1a6 (00006980)     _EPwm7Regs

000069c0     1a7 (000069c0)     _EPwm8Regs

00006a00     1a8 (00006a00)     _ECap1Regs
00006a20     1a8 (00006a00)     _ECap2Regs

00006a40     1a9 (00006a40)     _ECap3Regs

00006b00     1ac (00006b00)     _EQep1Regs

00006b40     1ad (00006b40)     _EQep2Regs

00006f80     1be (00006f80)     _GpioCtrlRegs

00006fc0     1bf (00006fc0)     _GpioDataRegs
00006fe0     1bf (00006fc0)     _GpioIntRegs

00007010     1c0 (00007000)     _SysCtrlRegs

00007040     1c1 (00007040)     _SpiaRegs
00007050     1c1 (00007040)     _SciaRegs
00007060     1c1 (00007040)     _NmiIntruptRegs
00007070     1c1 (00007040)     _XIntruptRegs

00007100     1c4 (00007100)     _AdcRegs

00007740     1dd (00007740)     _SpibRegs
00007750     1dd (00007740)     _ScibRegs

00007900     1e4 (00007900)     _I2caRegs

0000a000     280 (0000a000)     _OLED_GRAM

0000a480     292 (0000a480)     _temp1

0000a610     298 (0000a600)     _park

0000a640     299 (0000a640)     _Button_flag
0000a641     299 (0000a640)     _Watch_count
0000a642     299 (0000a640)     _pwmen_flag
0000a643     299 (0000a640)     _pwmdis_flag
0000a644     299 (0000a640)     _switch_flag
0000a645     299 (0000a640)     _key1_test
0000a646     299 (0000a640)     _key2_test
0000a647     299 (0000a640)     _key3_test
0000a648     299 (0000a640)     _key4_test
0000a649     299 (0000a640)     _Overcurrent_flag
0000a64a     299 (0000a640)     _EnableFlag
0000a64b     299 (0000a640)     _RunFlag
0000a64c     299 (0000a640)     _Ud
0000a64e     299 (0000a640)     _Umag
0000a650     299 (0000a640)     _R
0000a652     299 (0000a640)     _Idref
0000a654     299 (0000a640)     _Iqref
0000a656     299 (0000a640)     _PLL_delay
0000a658     299 (0000a640)     _DT_com
0000a65a     299 (0000a640)     _P_ref
0000a65c     299 (0000a640)     _Q_ref
0000a65e     299 (0000a640)     _V_ref
0000a660     299 (0000a640)     _V_mod
0000a662     299 (0000a640)     _det_I
0000a664     299 (0000a640)     _T
0000a666     299 (0000a640)     _tao
0000a668     299 (0000a640)     _Uds
0000a66a     299 (0000a640)     _Grid_Ang
0000a66c     299 (0000a640)     _Ang1
0000a66e     299 (0000a640)     _Ang
0000a670     299 (0000a640)     _Ang2
0000a672     299 (0000a640)     _K_ang
0000a674     299 (0000a640)     _Wt1
0000a676     299 (0000a640)     _I_Ang
0000a678     299 (0000a640)     _w_count
0000a67a     299 (0000a640)     _Ut
0000a67c     299 (0000a640)     _Ualpha1
0000a67e     299 (0000a640)     _Ubeta1

0000a680     29a (0000a680)     _data_test1
0000a682     29a (0000a680)     _data_test2
0000a684     29a (0000a680)     _data_test3
0000a686     29a (0000a680)     _data_test4
0000a688     29a (0000a680)     _rate
0000a68a     29a (0000a680)     _temp_vdc
0000a68c     29a (0000a680)     _OLED_count
0000a68e     29a (0000a680)     _ipark1
0000a69a     29a (0000a680)     _xianxiang1
0000a6a8     29a (0000a680)     _xianxiang2

0000a6c0     29b (0000a6c0)     _Power_calc1
0000a6ce     29b (0000a6c0)     _filter1
0000a6dc     29b (0000a6c0)     _filter2
0000a6ea     29b (0000a6c0)     _P_filter

0000a700     29c (0000a700)     _Q_filter
0000a70e     29c (0000a700)     _rampgen1
0000a71e     29c (0000a700)     _rampgen2
0000a72e     29c (0000a700)     _FLL1

0000a740     29d (0000a740)     _ADC_Get_Value1
0000a754     29d (0000a740)     _sogi1

0000a780     29e (0000a780)     _sogi2
0000a7a0     29e (0000a780)     _CpuTimer0
0000a7a8     29e (0000a780)     _CpuTimer1
0000a7b0     29e (0000a780)     _CpuTimer2
0000a7b8     29e (0000a780)     _PWMshow
0000a7ba     29e (0000a780)     _PWMtest
0000a7bc     29e (0000a780)     _SVPWM_Handle

0000a7c0     29f (0000a7c0)     _Scia_Handle

0000a840     2a1 (0000a840)     _Scib_Handle

0000a88a     2a2 (0000a880)     _key1_flag
0000a88e     2a2 (0000a880)     _key2_flag
0000a892     2a2 (0000a880)     _key3_flag
0000a896     2a2 (0000a880)     _key4_flag
0000a89a     2a2 (0000a880)     __unlock
0000a89c     2a2 (0000a880)     __lock
0000a89e     2a2 (0000a880)     __cleanup_ptr
0000a8a0     2a2 (0000a880)     __dtors_ptr
0000a8a2     2a2 (0000a880)     _errno

0000a8c0     2a3 (0000a8c0)     _pid1

0000a97e     2a5 (0000a940)     __stack

003d7e80    f5fa (003d7e80)     _PartIdRegs

003ec000    fb00 (003ec000)     _asc2_2412

003ecd5c    fb35 (003ecd40)     _asc2_1608

003ed34c    fb4d (003ed340)     _asc2_1206

003ed7c0    fb5f (003ed7c0)     _asc2_0806

003ed9e8    fb67 (003ed9c0)     _Hzk4

003edbe8    fb6f (003edbc0)     __ctypes_

003edcea    fb73 (003edcc0)     _PieVectTableInit

003eddea    fb77 (003eddc0)     _Hzk3

003ede6a    fb79 (003ede40)     _Hzk2

003eded6    fb7b (003edec0)     _Hzk1

003f7ff8    fdff (003f7fc0)     _CsmPwl


GLOBAL SYMBOLS: SORTED ALPHABETICALLY BY Name 

page  address   name                 
----  -------   ----                 
0     003f4000  .text                
0     00008800  C$$EXIT              
0     003f60d7  FD$$ADD              
0     003f64f6  FD$$CMP              
0     003f6173  FD$$DIV              
0     003f6286  FD$$MPY              
0     003f6684  FD$$NEG              
0     003f6658  FD$$SUB              
0     003f654a  FD$$TOI              
0     003f658c  FD$$TOL              
0     003f61fe  FS$$DIV              
0     003f65c9  FS$$TOFD             
0     003f6520  L$$DIV               
0     003f652f  L$$MOD               
0     003f65e5  L$$TOFD              
0     003f65ab  LL$$CMP              
0     003f5f0d  LL$$DIV              
0     003f5f49  LL$$MOD              
0     003f6632  LL$$MPY              
0     003f6666  U$$DIV               
0     003f666b  U$$MOD               
0     003f653d  UL$$DIV              
0     003f6544  UL$$MOD              
0     003f65bd  ULL$$CMP             
0     003f5f83  ULL$$DIV             
0     003f5fb2  ULL$$MOD             
0     003f4608  _ADCINT1_ISR         
0     003f4612  _ADCINT2_ISR         
0     003f481a  _ADCINT3_ISR         
0     003f4824  _ADCINT4_ISR         
0     003f482e  _ADCINT5_ISR         
0     003f4838  _ADCINT6_ISR         
0     003f4842  _ADCINT7_ISR         
0     003f484c  _ADCINT8_ISR         
0     003f4630  _ADCINT9_ISR         
0     003f4f5d  _ADCTrig             
1     0000a740  _ADC_Get_Value1      
0     003f51f3  _ADC_Get_Value_calc  
0     003f4e63  _ADC_Init            
0     00008000  _AdcISR              
1     00007100  _AdcRegs             
1     00000b00  _AdcResult           
1     0000a66e  _Ang                 
1     0000a66c  _Ang1                
1     0000a670  _Ang2                
1     0000a640  _Button_flag         
0     003f4856  _CLA1_INT1_ISR       
0     003f4860  _CLA1_INT2_ISR       
0     003f486a  _CLA1_INT3_ISR       
0     003f4874  _CLA1_INT4_ISR       
0     003f487e  _CLA1_INT5_ISR       
0     003f4888  _CLA1_INT6_ISR       
0     003f4892  _CLA1_INT7_ISR       
0     003f489c  _CLA1_INT8_ISR       
1     00001400  _Cla1Regs            
1     00006400  _Comp1Regs           
1     00006420  _Comp2Regs           
1     00006440  _Comp3Regs           
1     0000a7a0  _CpuTimer0           
1     00000c00  _CpuTimer0Regs       
1     0000a7a8  _CpuTimer1           
1     00000c08  _CpuTimer1Regs       
1     0000a7b0  _CpuTimer2           
1     00000c10  _CpuTimer2Regs       
1     003f7ff8  _CsmPwl              
1     00000ae0  _CsmRegs             
0     003f4c80  _CsmUnlock           
0     003f455e  _DATALOG_ISR         
0     003f478e  _DINTCH1_ISR         
0     003f4798  _DINTCH2_ISR         
0     003f47a2  _DINTCH3_ISR         
0     003f47ac  _DINTCH4_ISR         
0     003f47b6  _DINTCH5_ISR         
0     003f47c0  _DINTCH6_ISR         
0     003f558b  _DMA_CH1_ISR         
0     003f55a4  _DSP28x_DisableInt   
0     003f55a8  _DSP28x_RestoreInt   
0     000083a7  _DSP28x_usDelay      
1     0000a658  _DT_com              
1     00000880  _DevEmuRegs          
0     003f4ba0  _DisableDog          
1     00001000  _DmaRegs             
0     003f4806  _ECAN0INTA_ISR       
0     003f4810  _ECAN1INTA_ISR       
0     003f46ee  _ECAP1_INT_ISR       
0     003f46f8  _ECAP2_INT_ISR       
0     003f4702  _ECAP3_INT_ISR       
1     00006040  _ECanaLAMRegs        
1     000060c0  _ECanaMOTORegs       
1     00006080  _ECanaMOTSRegs       
1     00006100  _ECanaMboxes         
1     00006000  _ECanaRegs           
1     00006a00  _ECap1Regs           
1     00006a20  _ECap2Regs           
1     00006a40  _ECap3Regs           
0     003f48c4  _EMPTY_ISR           
0     003f4572  _EMUINT_ISR          
0     003f469e  _EPWM1_INT_ISR       
0     003f464e  _EPWM1_TZINT_ISR     
0     003f46a8  _EPWM2_INT_ISR       
0     003f4658  _EPWM2_TZINT_ISR     
0     003f46b2  _EPWM3_INT_ISR       
0     003f4662  _EPWM3_TZINT_ISR     
0     003f46bc  _EPWM4_INT_ISR       
0     003f466c  _EPWM4_TZINT_ISR     
0     003f46c6  _EPWM5_INT_ISR       
0     003f4676  _EPWM5_TZINT_ISR     
0     003f46d0  _EPWM6_INT_ISR       
0     003f4680  _EPWM6_TZINT_ISR     
0     003f46da  _EPWM7_INT_ISR       
0     003f468a  _EPWM7_TZINT_ISR     
0     003f46e4  _EPWM8_INT_ISR       
0     003f4694  _EPWM8_TZINT_ISR     
1     00006800  _EPwm1Regs           
1     00006840  _EPwm2Regs           
1     00006880  _EPwm3Regs           
1     000068c0  _EPwm4Regs           
1     00006900  _EPwm5Regs           
1     00006940  _EPwm6Regs           
1     00006980  _EPwm7Regs           
1     000069c0  _EPwm8Regs           
0     003f4720  _EQEP1_INT_ISR       
0     003f472a  _EQEP2_INT_ISR       
1     00006b00  _EQep1Regs           
1     00006b40  _EQep2Regs           
1     00000d01  _EmuBMode            
1     00000d00  _EmuKey              
1     0000a64a  _EnableFlag          
0     003f553d  _EnableInterrupts    
0     003f4cf0  _ExtOscSel           
1     0000a72e  _FLL1                
0     003f5290  _FLL_angle_calc      
1     00000a80  _FlashRegs           
1     00000d04  _Flash_CPUScaleFactor
1     00000d02  _Flash_CallbackPtr   
0     003f539d  _Function_Module_Init
0     003f505f  _GPIOInit            
1     00006f80  _GpioCtrlRegs        
1     00006fc0  _GpioDataRegs        
1     00006fe0  _GpioIntRegs         
1     0000a66a  _Grid_Ang            
0     003f470c  _HRCAP1_INT_ISR      
0     003f4716  _HRCAP2_INT_ISR      
0     003f4734  _HRCAP3_INT_ISR      
0     003f473e  _HRCAP4_INT_ISR      
0     003eded6  _Hzk1                
0     003ede6a  _Hzk2                
0     003eddea  _Hzk3                
0     003ed9e8  _Hzk4                
0     003f47ca  _I2CINT1A_ISR        
0     003f47d4  _I2CINT2A_ISR        
0     003f5440  _I2C_GPIO_Init       
0     003f545e  _I2C_Start           
0     003f5469  _I2C_Stop            
0     003f5472  _I2C_WaitAck         
1     00007900  _I2caRegs            
0     003f545a  _IIC_delay           
0     003f4586  _ILLEGAL_ISR         
0     003f454a  _INT13_ISR           
0     003f4554  _INT14_ISR           
1     0000a676  _I_Ang               
1     0000a652  _Idref               
0     0000838c  _InitFlash           
0     003f4c2a  _InitPeripheralClocks
0     003f551e  _InitPieCtrl         
0     003f5546  _InitPieVectTable    
0     003f4ba8  _InitPll             
0     003f4bfc  _InitPll2            
0     003f4b7c  _InitSysCtrl         
0     003f4cb1  _IntOsc1Sel          
0     003f4cc1  _IntOsc2Sel          
1     0000a654  _Iqref               
1     0000a672  _K_ang               
0     003f48ba  _LUF_ISR             
0     003f48b0  _LVF_ISR             
0     003f477a  _MRINTA_ISR          
0     003f4784  _MXINTA_ISR          
0     003f4d06  _Master_EPWM_Init    
1     00005000  _McbspaRegs          
0     003f53e8  _MemCopy             
0     003f457c  _NMI_ISR             
1     00007060  _NmiIntruptRegs      
0     003f40bb  _OLED_Clear          
0     003f4000  _OLED_ColorTurn      
0     003f4073  _OLED_DisPlay_Off    
0     003f4066  _OLED_DisPlay_On     
0     003f4011  _OLED_DisplayTurn    
0     003f4172  _OLED_DrawCircle     
0     003f4122  _OLED_DrawLine       
0     003f40d9  _OLED_DrawPoint      
1     0000a000  _OLED_GRAM           
0     003f44d9  _OLED_Init           
0     003f427d  _OLED_Pow            
0     003f4080  _OLED_Refresh        
0     003f4411  _OLED_ScrollDisplay  
0     003f41cb  _OLED_ShowChar       
0     003f4390  _OLED_ShowChinese    
0     003f42d2  _OLED_ShowFNum       
0     003f4318  _OLED_ShowFloat      
0     003f428f  _OLED_ShowNum        
0     003f4481  _OLED_ShowPicture    
0     003f425a  _OLED_ShowString     
0     003f4048  _OLED_WR_Byte        
1     0000a68c  _OLED_count          
1     0000a649  _Overcurrent_flag    
0     003f48d1  _PIE_RESERVED        
1     0000a656  _PLL_delay           
0     003f4e31  _PWMDis_SS           
0     003f4df7  _PWMEn               
1     0000a7b8  _PWMshow             
1     0000a7ba  _PWMtest             
1     0000a6ea  _P_filter            
1     0000a65a  _P_ref               
1     003d7e80  _PartIdRegs          
1     00000ce0  _PieCtrlRegs         
1     00000d00  _PieVectTable        
0     003edcea  _PieVectTableInit    
0     003f53fb  _Power_calc          
1     0000a6c0  _Power_calc1         
1     0000a700  _Q_filter            
1     0000a65c  _Q_ref               
1     0000a650  _R                   
0     003f4568  _RTOSINT_ISR         
0     003e83ab  _RamfuncsLoadEnd     
0     003e8000  _RamfuncsLoadStart   
0     00008000  _RamfuncsRunStart    
1     0000a64b  _RunFlag             
0     003f47de  _SCIRXINTA_ISR       
0     003f47f2  _SCIRXINTB_ISR       
0     003f47e8  _SCITXINTA_ISR       
0     003f47fc  _SCITXINTB_ISR       
0     003f5138  _SOGI_calc           
0     003f4752  _SPIRXINTA_ISR       
0     003f4766  _SPIRXINTB_ISR       
0     003f475c  _SPITXINTA_ISR       
0     003f4770  _SPITXINTB_ISR       
1     0000a7bc  _SVPWM_Handle        
1     00007050  _SciaRegs            
1     0000a7c0  _Scia_Handle         
1     00007750  _ScibRegs            
1     0000a840  _Scib_Handle         
0     003f402a  _Send_Byte           
0     003f4b96  _ServiceDog          
0     003f55ab  _SetDBGIER           
0     003f4d5a  _Slave_EPWM_Init     
1     00007040  _SpiaRegs            
1     00007740  _SpibRegs            
1     00007010  _SysCtrlRegs         
0     003f5383  _SysCtrl_Init        
1     00000985  _SysPwrCtrlRegs      
1     0000a664  _T                   
0     003f463a  _TINT0_ISR           
0     003f4748  _USB0_INT_ISR        
0     003f45ea  _USER10_ISR          
0     003f45f4  _USER11_ISR          
0     003f45fe  _USER12_ISR          
0     003f4590  _USER1_ISR           
0     003f459a  _USER2_ISR           
0     003f45a4  _USER3_ISR           
0     003f45ae  _USER4_ISR           
0     003f45b8  _USER5_ISR           
0     003f45c2  _USER6_ISR           
0     003f45cc  _USER7_ISR           
0     003f45d6  _USER8_ISR           
0     003f45e0  _USER9_ISR           
1     0000a67c  _Ualpha1             
1     0000a67e  _Ubeta1              
1     0000a64c  _Ud                  
1     0000a668  _Uds                 
1     0000a64e  _Umag                
1     0000a67a  _Ut                  
1     0000a660  _V_mod               
1     0000a65e  _V_ref               
0     003f4644  _WAKEINT_ISR         
1     0000a641  _Watch_count         
1     0000a674  _Wt1                 
0     003f461c  _XINT1_ISR           
0     003f4626  _XINT2_ISR           
0     003f48a6  _XINT3_ISR           
1     00007070  _XIntruptRegs        
0     003f54ea  _Xian_Xiang_calc     
0     003f4cd5  _XtalOscSel          
1     0000ad7e  __STACK_END          
abs   00000400  __STACK_SIZE         
abs   00000001  __TI_args_main       
abs   ffffffff  ___TI_pprof_out_hndl 
abs   ffffffff  ___TI_prof_data_size 
abs   ffffffff  ___TI_prof_data_start
abs   ffffffff  ___binit__           
abs   ffffffff  ___c_args__          
0     003f66a0  ___cinit__           
0     003f55ae  ___etext__           
abs   ffffffff  ___pinit__           
0     003f4000  ___text__            
0     003f6601  __args_main          
1     0000a89e  __cleanup_ptr        
0     003edbe8  __ctypes_            
1     0000a8a0  __dtors_ptr          
1     0000a89c  __lock               
0     003f6683  __nop                
0     003f5e07  __printfi            
0     003f667f  __register_lock      
0     003f667b  __register_unlock    
1     0000a97e  __stack              
1     0000a89a  __unlock             
0     00008800  _abort               
0     003ed7c0  _asc2_0806           
0     003ed34c  _asc2_1206           
0     003ecd5c  _asc2_1608           
0     003ec000  _asc2_2412           
0     003f6014  _atan2               
0     003f6468  _atoi                
0     003f6422  _c_int00             
0     003f6368  _cos                 
1     0000a680  _data_test1          
1     0000a682  _data_test2          
1     0000a684  _data_test3          
1     0000a686  _data_test4          
1     0000a662  _det_I               
1     0000a8a2  _errno               
0     00008802  _exit                
1     0000a6ce  _filter1             
1     0000a6dc  _filter2             
0     003f661c  _frexp               
0     003f430b  _get_int_length      
1     0000a68e  _ipark1              
0     003f547b  _ipark_calc          
1     0000a88a  _key1_flag           
1     0000a645  _key1_test           
1     0000a88e  _key2_flag           
1     0000a646  _key2_test           
1     0000a892  _key3_flag           
1     0000a647  _key3_test           
1     0000a896  _key4_flag           
1     0000a648  _key4_test           
0     003f556c  _low_pass_filter_calc
0     003f64c8  _ltoa                
0     003f48e5  _main                
0     003f6646  _memccpy             
0     003f669d  _memcpy              
0     003f6696  _memset              
0     003f42f6  _my_itoa             
1     0000a610  _park                
0     003f54b4  _park_calc           
1     0000a8c0  _pid1                
0     003f4f6f  _pid_reg3_calc       
1     0000a643  _pwmdis_flag         
1     0000a642  _pwmen_flag          
1     0000a70e  _rampgen1            
1     0000a71e  _rampgen2            
0     003f530a  _rampgen_calc        
1     0000a688  _rate                
0     003f48db  _rsvd_ISR            
0     003f63c6  _sin                 
1     0000a754  _sogi1               
1     0000a780  _sogi2               
0     003f6499  _sprintf             
0     003f656c  _sqrt                
0     003f668d  _strcpy              
0     003f6671  _strlen              
1     0000a644  _switch_flag         
0     003f6309  _tan                 
1     0000a666  _tao                 
1     0000a480  _temp1               
1     0000a68a  _temp_vdc            
1     0000a678  _w_count             
1     0000a69a  _xianxiang1          
1     0000a6a8  _xianxiang2          
abs   ffffffff  binit                
0     003f66a0  cinit                
0     003f7ff6  code_start           
0     003f55ae  etext                
abs   ffffffff  pinit                


GLOBAL SYMBOLS: SORTED BY Symbol Address 

page  address   name                 
----  -------   ----                 
0     00008000  _AdcISR              
0     00008000  _RamfuncsRunStart    
0     0000838c  _InitFlash           
0     000083a7  _DSP28x_usDelay      
0     00008800  C$$EXIT              
0     00008800  _abort               
0     00008802  _exit                
0     003e8000  _RamfuncsLoadStart   
0     003e83ab  _RamfuncsLoadEnd     
0     003ec000  _asc2_2412           
0     003ecd5c  _asc2_1608           
0     003ed34c  _asc2_1206           
0     003ed7c0  _asc2_0806           
0     003ed9e8  _Hzk4                
0     003edbe8  __ctypes_            
0     003edcea  _PieVectTableInit    
0     003eddea  _Hzk3                
0     003ede6a  _Hzk2                
0     003eded6  _Hzk1                
0     003f4000  .text                
0     003f4000  _OLED_ColorTurn      
0     003f4000  ___text__            
0     003f4011  _OLED_DisplayTurn    
0     003f402a  _Send_Byte           
0     003f4048  _OLED_WR_Byte        
0     003f4066  _OLED_DisPlay_On     
0     003f4073  _OLED_DisPlay_Off    
0     003f4080  _OLED_Refresh        
0     003f40bb  _OLED_Clear          
0     003f40d9  _OLED_DrawPoint      
0     003f4122  _OLED_DrawLine       
0     003f4172  _OLED_DrawCircle     
0     003f41cb  _OLED_ShowChar       
0     003f425a  _OLED_ShowString     
0     003f427d  _OLED_Pow            
0     003f428f  _OLED_ShowNum        
0     003f42d2  _OLED_ShowFNum       
0     003f42f6  _my_itoa             
0     003f430b  _get_int_length      
0     003f4318  _OLED_ShowFloat      
0     003f4390  _OLED_ShowChinese    
0     003f4411  _OLED_ScrollDisplay  
0     003f4481  _OLED_ShowPicture    
0     003f44d9  _OLED_Init           
0     003f454a  _INT13_ISR           
0     003f4554  _INT14_ISR           
0     003f455e  _DATALOG_ISR         
0     003f4568  _RTOSINT_ISR         
0     003f4572  _EMUINT_ISR          
0     003f457c  _NMI_ISR             
0     003f4586  _ILLEGAL_ISR         
0     003f4590  _USER1_ISR           
0     003f459a  _USER2_ISR           
0     003f45a4  _USER3_ISR           
0     003f45ae  _USER4_ISR           
0     003f45b8  _USER5_ISR           
0     003f45c2  _USER6_ISR           
0     003f45cc  _USER7_ISR           
0     003f45d6  _USER8_ISR           
0     003f45e0  _USER9_ISR           
0     003f45ea  _USER10_ISR          
0     003f45f4  _USER11_ISR          
0     003f45fe  _USER12_ISR          
0     003f4608  _ADCINT1_ISR         
0     003f4612  _ADCINT2_ISR         
0     003f461c  _XINT1_ISR           
0     003f4626  _XINT2_ISR           
0     003f4630  _ADCINT9_ISR         
0     003f463a  _TINT0_ISR           
0     003f4644  _WAKEINT_ISR         
0     003f464e  _EPWM1_TZINT_ISR     
0     003f4658  _EPWM2_TZINT_ISR     
0     003f4662  _EPWM3_TZINT_ISR     
0     003f466c  _EPWM4_TZINT_ISR     
0     003f4676  _EPWM5_TZINT_ISR     
0     003f4680  _EPWM6_TZINT_ISR     
0     003f468a  _EPWM7_TZINT_ISR     
0     003f4694  _EPWM8_TZINT_ISR     
0     003f469e  _EPWM1_INT_ISR       
0     003f46a8  _EPWM2_INT_ISR       
0     003f46b2  _EPWM3_INT_ISR       
0     003f46bc  _EPWM4_INT_ISR       
0     003f46c6  _EPWM5_INT_ISR       
0     003f46d0  _EPWM6_INT_ISR       
0     003f46da  _EPWM7_INT_ISR       
0     003f46e4  _EPWM8_INT_ISR       
0     003f46ee  _ECAP1_INT_ISR       
0     003f46f8  _ECAP2_INT_ISR       
0     003f4702  _ECAP3_INT_ISR       
0     003f470c  _HRCAP1_INT_ISR      
0     003f4716  _HRCAP2_INT_ISR      
0     003f4720  _EQEP1_INT_ISR       
0     003f472a  _EQEP2_INT_ISR       
0     003f4734  _HRCAP3_INT_ISR      
0     003f473e  _HRCAP4_INT_ISR      
0     003f4748  _USB0_INT_ISR        
0     003f4752  _SPIRXINTA_ISR       
0     003f475c  _SPITXINTA_ISR       
0     003f4766  _SPIRXINTB_ISR       
0     003f4770  _SPITXINTB_ISR       
0     003f477a  _MRINTA_ISR          
0     003f4784  _MXINTA_ISR          
0     003f478e  _DINTCH1_ISR         
0     003f4798  _DINTCH2_ISR         
0     003f47a2  _DINTCH3_ISR         
0     003f47ac  _DINTCH4_ISR         
0     003f47b6  _DINTCH5_ISR         
0     003f47c0  _DINTCH6_ISR         
0     003f47ca  _I2CINT1A_ISR        
0     003f47d4  _I2CINT2A_ISR        
0     003f47de  _SCIRXINTA_ISR       
0     003f47e8  _SCITXINTA_ISR       
0     003f47f2  _SCIRXINTB_ISR       
0     003f47fc  _SCITXINTB_ISR       
0     003f4806  _ECAN0INTA_ISR       
0     003f4810  _ECAN1INTA_ISR       
0     003f481a  _ADCINT3_ISR         
0     003f4824  _ADCINT4_ISR         
0     003f482e  _ADCINT5_ISR         
0     003f4838  _ADCINT6_ISR         
0     003f4842  _ADCINT7_ISR         
0     003f484c  _ADCINT8_ISR         
0     003f4856  _CLA1_INT1_ISR       
0     003f4860  _CLA1_INT2_ISR       
0     003f486a  _CLA1_INT3_ISR       
0     003f4874  _CLA1_INT4_ISR       
0     003f487e  _CLA1_INT5_ISR       
0     003f4888  _CLA1_INT6_ISR       
0     003f4892  _CLA1_INT7_ISR       
0     003f489c  _CLA1_INT8_ISR       
0     003f48a6  _XINT3_ISR           
0     003f48b0  _LVF_ISR             
0     003f48ba  _LUF_ISR             
0     003f48c4  _EMPTY_ISR           
0     003f48d1  _PIE_RESERVED        
0     003f48db  _rsvd_ISR            
0     003f48e5  _main                
0     003f4b7c  _InitSysCtrl         
0     003f4b96  _ServiceDog          
0     003f4ba0  _DisableDog          
0     003f4ba8  _InitPll             
0     003f4bfc  _InitPll2            
0     003f4c2a  _InitPeripheralClocks
0     003f4c80  _CsmUnlock           
0     003f4cb1  _IntOsc1Sel          
0     003f4cc1  _IntOsc2Sel          
0     003f4cd5  _XtalOscSel          
0     003f4cf0  _ExtOscSel           
0     003f4d06  _Master_EPWM_Init    
0     003f4d5a  _Slave_EPWM_Init     
0     003f4df7  _PWMEn               
0     003f4e31  _PWMDis_SS           
0     003f4e63  _ADC_Init            
0     003f4f5d  _ADCTrig             
0     003f4f6f  _pid_reg3_calc       
0     003f505f  _GPIOInit            
0     003f5138  _SOGI_calc           
0     003f51f3  _ADC_Get_Value_calc  
0     003f5290  _FLL_angle_calc      
0     003f530a  _rampgen_calc        
0     003f5383  _SysCtrl_Init        
0     003f539d  _Function_Module_Init
0     003f53e8  _MemCopy             
0     003f53fb  _Power_calc          
0     003f5440  _I2C_GPIO_Init       
0     003f545a  _IIC_delay           
0     003f545e  _I2C_Start           
0     003f5469  _I2C_Stop            
0     003f5472  _I2C_WaitAck         
0     003f547b  _ipark_calc          
0     003f54b4  _park_calc           
0     003f54ea  _Xian_Xiang_calc     
0     003f551e  _InitPieCtrl         
0     003f553d  _EnableInterrupts    
0     003f5546  _InitPieVectTable    
0     003f556c  _low_pass_filter_calc
0     003f558b  _DMA_CH1_ISR         
0     003f55a4  _DSP28x_DisableInt   
0     003f55a8  _DSP28x_RestoreInt   
0     003f55ab  _SetDBGIER           
0     003f55ae  ___etext__           
0     003f55ae  etext                
0     003f5e07  __printfi            
0     003f5f0d  LL$$DIV              
0     003f5f49  LL$$MOD              
0     003f5f83  ULL$$DIV             
0     003f5fb2  ULL$$MOD             
0     003f6014  _atan2               
0     003f60d7  FD$$ADD              
0     003f6173  FD$$DIV              
0     003f61fe  FS$$DIV              
0     003f6286  FD$$MPY              
0     003f6309  _tan                 
0     003f6368  _cos                 
0     003f63c6  _sin                 
0     003f6422  _c_int00             
0     003f6468  _atoi                
0     003f6499  _sprintf             
0     003f64c8  _ltoa                
0     003f64f6  FD$$CMP              
0     003f6520  L$$DIV               
0     003f652f  L$$MOD               
0     003f653d  UL$$DIV              
0     003f6544  UL$$MOD              
0     003f654a  FD$$TOI              
0     003f656c  _sqrt                
0     003f658c  FD$$TOL              
0     003f65ab  LL$$CMP              
0     003f65bd  ULL$$CMP             
0     003f65c9  FS$$TOFD             
0     003f65e5  L$$TOFD              
0     003f6601  __args_main          
0     003f661c  _frexp               
0     003f6632  LL$$MPY              
0     003f6646  _memccpy             
0     003f6658  FD$$SUB              
0     003f6666  U$$DIV               
0     003f666b  U$$MOD               
0     003f6671  _strlen              
0     003f667b  __register_unlock    
0     003f667f  __register_lock      
0     003f6683  __nop                
0     003f6684  FD$$NEG              
0     003f668d  _strcpy              
0     003f6696  _memset              
0     003f669d  _memcpy              
0     003f66a0  ___cinit__           
0     003f66a0  cinit                
0     003f7ff6  code_start           
1     00000880  _DevEmuRegs          
1     00000985  _SysPwrCtrlRegs      
1     00000a80  _FlashRegs           
1     00000ae0  _CsmRegs             
1     00000b00  _AdcResult           
1     00000c00  _CpuTimer0Regs       
1     00000c08  _CpuTimer1Regs       
1     00000c10  _CpuTimer2Regs       
1     00000ce0  _PieCtrlRegs         
1     00000d00  _EmuKey              
1     00000d00  _PieVectTable        
1     00000d01  _EmuBMode            
1     00000d02  _Flash_CallbackPtr   
1     00000d04  _Flash_CPUScaleFactor
1     00001000  _DmaRegs             
1     00001400  _Cla1Regs            
1     00005000  _McbspaRegs          
1     00006000  _ECanaRegs           
1     00006040  _ECanaLAMRegs        
1     00006080  _ECanaMOTSRegs       
1     000060c0  _ECanaMOTORegs       
1     00006100  _ECanaMboxes         
1     00006400  _Comp1Regs           
1     00006420  _Comp2Regs           
1     00006440  _Comp3Regs           
1     00006800  _EPwm1Regs           
1     00006840  _EPwm2Regs           
1     00006880  _EPwm3Regs           
1     000068c0  _EPwm4Regs           
1     00006900  _EPwm5Regs           
1     00006940  _EPwm6Regs           
1     00006980  _EPwm7Regs           
1     000069c0  _EPwm8Regs           
1     00006a00  _ECap1Regs           
1     00006a20  _ECap2Regs           
1     00006a40  _ECap3Regs           
1     00006b00  _EQep1Regs           
1     00006b40  _EQep2Regs           
1     00006f80  _GpioCtrlRegs        
1     00006fc0  _GpioDataRegs        
1     00006fe0  _GpioIntRegs         
1     00007010  _SysCtrlRegs         
1     00007040  _SpiaRegs            
1     00007050  _SciaRegs            
1     00007060  _NmiIntruptRegs      
1     00007070  _XIntruptRegs        
1     00007100  _AdcRegs             
1     00007740  _SpibRegs            
1     00007750  _ScibRegs            
1     00007900  _I2caRegs            
1     0000a000  _OLED_GRAM           
1     0000a480  _temp1               
1     0000a610  _park                
1     0000a640  _Button_flag         
1     0000a641  _Watch_count         
1     0000a642  _pwmen_flag          
1     0000a643  _pwmdis_flag         
1     0000a644  _switch_flag         
1     0000a645  _key1_test           
1     0000a646  _key2_test           
1     0000a647  _key3_test           
1     0000a648  _key4_test           
1     0000a649  _Overcurrent_flag    
1     0000a64a  _EnableFlag          
1     0000a64b  _RunFlag             
1     0000a64c  _Ud                  
1     0000a64e  _Umag                
1     0000a650  _R                   
1     0000a652  _Idref               
1     0000a654  _Iqref               
1     0000a656  _PLL_delay           
1     0000a658  _DT_com              
1     0000a65a  _P_ref               
1     0000a65c  _Q_ref               
1     0000a65e  _V_ref               
1     0000a660  _V_mod               
1     0000a662  _det_I               
1     0000a664  _T                   
1     0000a666  _tao                 
1     0000a668  _Uds                 
1     0000a66a  _Grid_Ang            
1     0000a66c  _Ang1                
1     0000a66e  _Ang                 
1     0000a670  _Ang2                
1     0000a672  _K_ang               
1     0000a674  _Wt1                 
1     0000a676  _I_Ang               
1     0000a678  _w_count             
1     0000a67a  _Ut                  
1     0000a67c  _Ualpha1             
1     0000a67e  _Ubeta1              
1     0000a680  _data_test1          
1     0000a682  _data_test2          
1     0000a684  _data_test3          
1     0000a686  _data_test4          
1     0000a688  _rate                
1     0000a68a  _temp_vdc            
1     0000a68c  _OLED_count          
1     0000a68e  _ipark1              
1     0000a69a  _xianxiang1          
1     0000a6a8  _xianxiang2          
1     0000a6c0  _Power_calc1         
1     0000a6ce  _filter1             
1     0000a6dc  _filter2             
1     0000a6ea  _P_filter            
1     0000a700  _Q_filter            
1     0000a70e  _rampgen1            
1     0000a71e  _rampgen2            
1     0000a72e  _FLL1                
1     0000a740  _ADC_Get_Value1      
1     0000a754  _sogi1               
1     0000a780  _sogi2               
1     0000a7a0  _CpuTimer0           
1     0000a7a8  _CpuTimer1           
1     0000a7b0  _CpuTimer2           
1     0000a7b8  _PWMshow             
1     0000a7ba  _PWMtest             
1     0000a7bc  _SVPWM_Handle        
1     0000a7c0  _Scia_Handle         
1     0000a840  _Scib_Handle         
1     0000a88a  _key1_flag           
1     0000a88e  _key2_flag           
1     0000a892  _key3_flag           
1     0000a896  _key4_flag           
1     0000a89a  __unlock             
1     0000a89c  __lock               
1     0000a89e  __cleanup_ptr        
1     0000a8a0  __dtors_ptr          
1     0000a8a2  _errno               
1     0000a8c0  _pid1                
1     0000a97e  __stack              
1     0000ad7e  __STACK_END          
1     003d7e80  _PartIdRegs          
1     003f7ff8  _CsmPwl              
abs   00000001  __TI_args_main       
abs   00000400  __STACK_SIZE         
abs   ffffffff  ___TI_pprof_out_hndl 
abs   ffffffff  ___TI_prof_data_size 
abs   ffffffff  ___TI_prof_data_start
abs   ffffffff  ___binit__           
abs   ffffffff  ___c_args__          
abs   ffffffff  ___pinit__           
abs   ffffffff  binit                
abs   ffffffff  pinit                

[373 symbols]
