<?xml version="1.0" encoding="ISO-8859-1" ?>
<link_info>
   <banner>TMS320C2000 Linker PC v22.6.1.LTS</banner>
   <copyright>Copyright (c) 1996-2018 Texas Instruments Incorporated</copyright>
   <link_time>0x687e445e</link_time>
   <link_errors>0x0</link_errors>
   <output_file>single_inverterDCAC_lib_function.out</output_file>
   <entry_point>
      <name>_c_int00</name>
      <address>0x3f63e0</address>
   </entry_point>
   <input_file_list>
      <input_file id="fl-2">
         <path>.\</path>
         <kind>object</kind>
         <file>main.obj</file>
         <name>main.obj</name>
      </input_file>
      <input_file id="fl-3">
         <path>.\User\App\</path>
         <kind>object</kind>
         <file>ADC_Get_Value.obj</file>
         <name>ADC_Get_Value.obj</name>
      </input_file>
      <input_file id="fl-4">
         <path>.\User\App\</path>
         <kind>object</kind>
         <file>Adc.obj</file>
         <name>Adc.obj</name>
      </input_file>
      <input_file id="fl-5">
         <path>.\User\App\</path>
         <kind>object</kind>
         <file>BPF.obj</file>
         <name>BPF.obj</name>
      </input_file>
      <input_file id="fl-6">
         <path>.\User\App\</path>
         <kind>object</kind>
         <file>Cal_sincos.obj</file>
         <name>Cal_sincos.obj</name>
      </input_file>
      <input_file id="fl-7">
         <path>.\User\App\</path>
         <kind>object</kind>
         <file>DFT.obj</file>
         <name>DFT.obj</name>
      </input_file>
      <input_file id="fl-8">
         <path>.\User\App\</path>
         <kind>object</kind>
         <file>F2806x_CodeStartBranch.obj</file>
         <name>F2806x_CodeStartBranch.obj</name>
      </input_file>
      <input_file id="fl-9">
         <path>.\User\App\</path>
         <kind>object</kind>
         <file>FLL.obj</file>
         <name>FLL.obj</name>
      </input_file>
      <input_file id="fl-a">
         <path>.\User\App\</path>
         <kind>object</kind>
         <file>Power_cal.obj</file>
         <name>Power_cal.obj</name>
      </input_file>
      <input_file id="fl-b">
         <path>.\User\App\</path>
         <kind>object</kind>
         <file>Xian_Xiang.obj</file>
         <name>Xian_Xiang.obj</name>
      </input_file>
      <input_file id="fl-c">
         <path>.\User\App\</path>
         <kind>object</kind>
         <file>clarke.obj</file>
         <name>clarke.obj</name>
      </input_file>
      <input_file id="fl-d">
         <path>.\User\App\</path>
         <kind>object</kind>
         <file>clarke3h.obj</file>
         <name>clarke3h.obj</name>
      </input_file>
      <input_file id="fl-e">
         <path>.\User\App\</path>
         <kind>object</kind>
         <file>dt_comp.obj</file>
         <name>dt_comp.obj</name>
      </input_file>
      <input_file id="fl-f">
         <path>.\User\App\</path>
         <kind>object</kind>
         <file>ipark.obj</file>
         <name>ipark.obj</name>
      </input_file>
      <input_file id="fl-10">
         <path>.\User\App\</path>
         <kind>object</kind>
         <file>low_pass_filter.obj</file>
         <name>low_pass_filter.obj</name>
      </input_file>
      <input_file id="fl-11">
         <path>.\User\App\</path>
         <kind>object</kind>
         <file>park.obj</file>
         <name>park.obj</name>
      </input_file>
      <input_file id="fl-12">
         <path>.\User\App\</path>
         <kind>object</kind>
         <file>pid_reg3.obj</file>
         <name>pid_reg3.obj</name>
      </input_file>
      <input_file id="fl-13">
         <path>.\User\App\</path>
         <kind>object</kind>
         <file>rampgen.obj</file>
         <name>rampgen.obj</name>
      </input_file>
      <input_file id="fl-14">
         <path>.\User\App\</path>
         <kind>object</kind>
         <file>rmp_cntl.obj</file>
         <name>rmp_cntl.obj</name>
      </input_file>
      <input_file id="fl-15">
         <path>.\User\App\</path>
         <kind>object</kind>
         <file>svgen_dq.obj</file>
         <name>svgen_dq.obj</name>
      </input_file>
      <input_file id="fl-16">
         <path>.\User\App\</path>
         <kind>object</kind>
         <file>unbalance.obj</file>
         <name>unbalance.obj</name>
      </input_file>
      <input_file id="fl-17">
         <path>.\User\Device\IIC\</path>
         <kind>object</kind>
         <file>IIC.obj</file>
         <name>IIC.obj</name>
      </input_file>
      <input_file id="fl-18">
         <path>.\User\Device\OLED\</path>
         <kind>object</kind>
         <file>OLED.obj</file>
         <name>OLED.obj</name>
      </input_file>
      <input_file id="fl-19">
         <path>.\User\bsp\</path>
         <kind>object</kind>
         <file>DMA.obj</file>
         <name>DMA.obj</name>
      </input_file>
      <input_file id="fl-1a">
         <path>.\User\bsp\</path>
         <kind>object</kind>
         <file>EPWM.obj</file>
         <name>EPWM.obj</name>
      </input_file>
      <input_file id="fl-1b">
         <path>.\User\bsp\</path>
         <kind>object</kind>
         <file>F2806x_Adc.obj</file>
         <name>F2806x_Adc.obj</name>
      </input_file>
      <input_file id="fl-1c">
         <path>.\User\bsp\</path>
         <kind>object</kind>
         <file>F2806x_CSMPasswords.obj</file>
         <name>F2806x_CSMPasswords.obj</name>
      </input_file>
      <input_file id="fl-1d">
         <path>.\User\bsp\</path>
         <kind>object</kind>
         <file>F2806x_Comp.obj</file>
         <name>F2806x_Comp.obj</name>
      </input_file>
      <input_file id="fl-1e">
         <path>.\User\bsp\</path>
         <kind>object</kind>
         <file>F2806x_CpuTimers.obj</file>
         <name>F2806x_CpuTimers.obj</name>
      </input_file>
      <input_file id="fl-1f">
         <path>.\User\bsp\</path>
         <kind>object</kind>
         <file>F2806x_DBGIER.obj</file>
         <name>F2806x_DBGIER.obj</name>
      </input_file>
      <input_file id="fl-20">
         <path>.\User\bsp\</path>
         <kind>object</kind>
         <file>F2806x_DefaultIsr.obj</file>
         <name>F2806x_DefaultIsr.obj</name>
      </input_file>
      <input_file id="fl-21">
         <path>.\User\bsp\</path>
         <kind>object</kind>
         <file>F2806x_DisInt.obj</file>
         <name>F2806x_DisInt.obj</name>
      </input_file>
      <input_file id="fl-22">
         <path>.\User\bsp\</path>
         <kind>object</kind>
         <file>F2806x_Dma.obj</file>
         <name>F2806x_Dma.obj</name>
      </input_file>
      <input_file id="fl-23">
         <path>.\User\bsp\</path>
         <kind>object</kind>
         <file>F2806x_ECan.obj</file>
         <name>F2806x_ECan.obj</name>
      </input_file>
      <input_file id="fl-24">
         <path>.\User\bsp\</path>
         <kind>object</kind>
         <file>F2806x_ECap.obj</file>
         <name>F2806x_ECap.obj</name>
      </input_file>
      <input_file id="fl-25">
         <path>.\User\bsp\</path>
         <kind>object</kind>
         <file>F2806x_EPwm.obj</file>
         <name>F2806x_EPwm.obj</name>
      </input_file>
      <input_file id="fl-26">
         <path>.\User\bsp\</path>
         <kind>object</kind>
         <file>F2806x_EQep.obj</file>
         <name>F2806x_EQep.obj</name>
      </input_file>
      <input_file id="fl-27">
         <path>.\User\bsp\</path>
         <kind>object</kind>
         <file>F2806x_GlobalVariableDefs.obj</file>
         <name>F2806x_GlobalVariableDefs.obj</name>
      </input_file>
      <input_file id="fl-28">
         <path>.\User\bsp\</path>
         <kind>object</kind>
         <file>F2806x_Gpio.obj</file>
         <name>F2806x_Gpio.obj</name>
      </input_file>
      <input_file id="fl-29">
         <path>.\User\bsp\</path>
         <kind>object</kind>
         <file>F2806x_HRCap.obj</file>
         <name>F2806x_HRCap.obj</name>
      </input_file>
      <input_file id="fl-2a">
         <path>.\User\bsp\</path>
         <kind>object</kind>
         <file>F2806x_I2C.obj</file>
         <name>F2806x_I2C.obj</name>
      </input_file>
      <input_file id="fl-2b">
         <path>.\User\bsp\</path>
         <kind>object</kind>
         <file>F2806x_Mcbsp.obj</file>
         <name>F2806x_Mcbsp.obj</name>
      </input_file>
      <input_file id="fl-2c">
         <path>.\User\bsp\</path>
         <kind>object</kind>
         <file>F2806x_OscComp.obj</file>
         <name>F2806x_OscComp.obj</name>
      </input_file>
      <input_file id="fl-2d">
         <path>.\User\bsp\</path>
         <kind>object</kind>
         <file>F2806x_PieCtrl.obj</file>
         <name>F2806x_PieCtrl.obj</name>
      </input_file>
      <input_file id="fl-2e">
         <path>.\User\bsp\</path>
         <kind>object</kind>
         <file>F2806x_PieVect.obj</file>
         <name>F2806x_PieVect.obj</name>
      </input_file>
      <input_file id="fl-2f">
         <path>.\User\bsp\</path>
         <kind>object</kind>
         <file>F2806x_Spi.obj</file>
         <name>F2806x_Spi.obj</name>
      </input_file>
      <input_file id="fl-30">
         <path>.\User\bsp\</path>
         <kind>object</kind>
         <file>F2806x_SysCtrl.obj</file>
         <name>F2806x_SysCtrl.obj</name>
      </input_file>
      <input_file id="fl-31">
         <path>.\User\bsp\</path>
         <kind>object</kind>
         <file>F2806x_TempSensorConv.obj</file>
         <name>F2806x_TempSensorConv.obj</name>
      </input_file>
      <input_file id="fl-32">
         <path>.\User\bsp\</path>
         <kind>object</kind>
         <file>F2806x_usDelay.obj</file>
         <name>F2806x_usDelay.obj</name>
      </input_file>
      <input_file id="fl-33">
         <path>.\User\bsp\</path>
         <kind>object</kind>
         <file>Gpio.obj</file>
         <name>Gpio.obj</name>
      </input_file>
      <input_file id="fl-34">
         <path>.\User\bsp\</path>
         <kind>object</kind>
         <file>SCI.obj</file>
         <name>SCI.obj</name>
      </input_file>
      <input_file id="fl-35">
         <path>.\User\bsp\</path>
         <kind>object</kind>
         <file>System_Init.obj</file>
         <name>System_Init.obj</name>
      </input_file>
      <input_file id="fl-3f">
         <kind>object</kind>
         <file>&lt;internal&gt;</file>
         <name>&lt;internal&gt;</name>
      </input_file>
      <input_file id="fl-40">
         <path>..\</path>
         <kind>archive</kind>
         <file>rts2800_fpu32.lib</file>
         <name>boot.obj</name>
      </input_file>
      <input_file id="fl-41">
         <path>..\</path>
         <kind>archive</kind>
         <file>rts2800_fpu32.lib</file>
         <name>exit.obj</name>
      </input_file>
      <input_file id="fl-42">
         <path>..\</path>
         <kind>archive</kind>
         <file>rts2800_fpu32.lib</file>
         <name>fs_div.obj</name>
      </input_file>
      <input_file id="fl-43">
         <path>..\</path>
         <kind>archive</kind>
         <file>rts2800_fpu32.lib</file>
         <name>sqrt.obj</name>
      </input_file>
      <input_file id="fl-44">
         <path>..\</path>
         <kind>archive</kind>
         <file>rts2800_fpu32.lib</file>
         <name>u_div.obj</name>
      </input_file>
      <input_file id="fl-45">
         <path>..\</path>
         <kind>archive</kind>
         <file>rts2800_fpu32.lib</file>
         <name>atan2.obj</name>
      </input_file>
      <input_file id="fl-46">
         <path>..\</path>
         <kind>archive</kind>
         <file>rts2800_fpu32.lib</file>
         <name>cos.obj</name>
      </input_file>
      <input_file id="fl-47">
         <path>..\</path>
         <kind>archive</kind>
         <file>rts2800_fpu32.lib</file>
         <name>sin.obj</name>
      </input_file>
      <input_file id="fl-48">
         <path>..\</path>
         <kind>archive</kind>
         <file>rts2800_fpu32.lib</file>
         <name>tan.obj</name>
      </input_file>
      <input_file id="fl-49">
         <path>..\</path>
         <kind>archive</kind>
         <file>rts2800_fpu32.lib</file>
         <name>_lock.obj</name>
      </input_file>
      <input_file id="fl-4a">
         <path>..\</path>
         <kind>archive</kind>
         <file>rts2800_fpu32.lib</file>
         <name>args_main.obj</name>
      </input_file>
      <input_file id="fl-4b">
         <path>..\</path>
         <kind>archive</kind>
         <file>rts2800_fpu32.lib</file>
         <name>errno.obj</name>
      </input_file>
      <input_file id="fl-4c">
         <path>..\</path>
         <kind>archive</kind>
         <file>rts2800_fpu32.lib</file>
         <name>sprintf.obj</name>
      </input_file>
      <input_file id="fl-4d">
         <path>..\</path>
         <kind>archive</kind>
         <file>rts2800_fpu32.lib</file>
         <name>frexp.obj</name>
      </input_file>
      <input_file id="fl-4e">
         <path>..\</path>
         <kind>archive</kind>
         <file>rts2800_fpu32.lib</file>
         <name>memcpy.obj</name>
      </input_file>
      <input_file id="fl-4f">
         <path>..\</path>
         <kind>archive</kind>
         <file>rts2800_fpu32.lib</file>
         <name>_printfi.obj</name>
      </input_file>
      <input_file id="fl-50">
         <path>..\</path>
         <kind>archive</kind>
         <file>rts2800_fpu32.lib</file>
         <name>atoi.obj</name>
      </input_file>
      <input_file id="fl-51">
         <path>..\</path>
         <kind>archive</kind>
         <file>rts2800_fpu32.lib</file>
         <name>ctype.obj</name>
      </input_file>
      <input_file id="fl-52">
         <path>..\</path>
         <kind>archive</kind>
         <file>rts2800_fpu32.lib</file>
         <name>ltoa.obj</name>
      </input_file>
      <input_file id="fl-53">
         <path>..\</path>
         <kind>archive</kind>
         <file>rts2800_fpu32.lib</file>
         <name>memccpy.obj</name>
      </input_file>
      <input_file id="fl-54">
         <path>..\</path>
         <kind>archive</kind>
         <file>rts2800_fpu32.lib</file>
         <name>memset.obj</name>
      </input_file>
      <input_file id="fl-55">
         <path>..\</path>
         <kind>archive</kind>
         <file>rts2800_fpu32.lib</file>
         <name>strcpy.obj</name>
      </input_file>
      <input_file id="fl-56">
         <path>..\</path>
         <kind>archive</kind>
         <file>rts2800_fpu32.lib</file>
         <name>strlen.obj</name>
      </input_file>
      <input_file id="fl-57">
         <path>..\</path>
         <kind>archive</kind>
         <file>rts2800_fpu32.lib</file>
         <name>fd_cmp.obj</name>
      </input_file>
      <input_file id="fl-58">
         <path>..\</path>
         <kind>archive</kind>
         <file>rts2800_fpu32.lib</file>
         <name>fd_div.obj</name>
      </input_file>
      <input_file id="fl-59">
         <path>..\</path>
         <kind>archive</kind>
         <file>rts2800_fpu32.lib</file>
         <name>fd_mpy.obj</name>
      </input_file>
      <input_file id="fl-5a">
         <path>..\</path>
         <kind>archive</kind>
         <file>rts2800_fpu32.lib</file>
         <name>fd_neg.obj</name>
      </input_file>
      <input_file id="fl-5b">
         <path>..\</path>
         <kind>archive</kind>
         <file>rts2800_fpu32.lib</file>
         <name>fd_sub.obj</name>
      </input_file>
      <input_file id="fl-5c">
         <path>..\</path>
         <kind>archive</kind>
         <file>rts2800_fpu32.lib</file>
         <name>fd_toi.obj</name>
      </input_file>
      <input_file id="fl-5d">
         <path>..\</path>
         <kind>archive</kind>
         <file>rts2800_fpu32.lib</file>
         <name>fd_tol.obj</name>
      </input_file>
      <input_file id="fl-5e">
         <path>..\</path>
         <kind>archive</kind>
         <file>rts2800_fpu32.lib</file>
         <name>fs_tofd.obj</name>
      </input_file>
      <input_file id="fl-5f">
         <path>..\</path>
         <kind>archive</kind>
         <file>rts2800_fpu32.lib</file>
         <name>l_div.obj</name>
      </input_file>
      <input_file id="fl-60">
         <path>..\</path>
         <kind>archive</kind>
         <file>rts2800_fpu32.lib</file>
         <name>l_tofd.obj</name>
      </input_file>
      <input_file id="fl-61">
         <path>..\</path>
         <kind>archive</kind>
         <file>rts2800_fpu32.lib</file>
         <name>ll_cmp.obj</name>
      </input_file>
      <input_file id="fl-62">
         <path>..\</path>
         <kind>archive</kind>
         <file>rts2800_fpu32.lib</file>
         <name>ll_div.obj</name>
      </input_file>
      <input_file id="fl-63">
         <path>..\</path>
         <kind>archive</kind>
         <file>rts2800_fpu32.lib</file>
         <name>ll_mpy.obj</name>
      </input_file>
      <input_file id="fl-64">
         <path>..\</path>
         <kind>archive</kind>
         <file>rts2800_fpu32.lib</file>
         <name>fd_add.obj</name>
      </input_file>
      <input_file id="fl-65">
         <path>..\</path>
         <kind>archive</kind>
         <file>sogi_lib.lib</file>
         <name>SOGI.obj</name>
      </input_file>
   </input_file_list>
   <object_component_list>
      <object_component id="oc-55">
         <name>.cinit</name>
         <load_address>0x3f665e</load_address>
         <run_address>0x3f665e</run_address>
         <size>0x1d8</size>
         <input_file_ref idref="fl-2"/>
      </object_component>
      <object_component id="oc-23a">
         <name>.cinit:_pid1</name>
         <load_address>0x3f6836</load_address>
         <run_address>0x3f6836</run_address>
         <size>0xc1</size>
         <input_file_ref idref="fl-2"/>
      </object_component>
      <object_component id="oc-238">
         <name>.cinit:_park</name>
         <load_address>0x3f68f7</load_address>
         <run_address>0x3f68f7</run_address>
         <size>0x33</size>
         <input_file_ref idref="fl-2"/>
      </object_component>
      <object_component id="oc-d0">
         <name>.cinit</name>
         <load_address>0x3f692a</load_address>
         <run_address>0x3f692a</run_address>
         <size>0xa</size>
         <input_file_ref idref="fl-1a"/>
      </object_component>
      <object_component id="oc-1b8">
         <name>.cinit</name>
         <load_address>0x3f6934</load_address>
         <run_address>0x3f6934</run_address>
         <size>0xa</size>
         <input_file_ref idref="fl-49"/>
      </object_component>
      <object_component id="oc-196">
         <name>.cinit</name>
         <load_address>0x3f693e</load_address>
         <run_address>0x3f693e</run_address>
         <size>0xa</size>
         <input_file_ref idref="fl-41"/>
      </object_component>
      <object_component id="oc-248">
         <name>.cinit:_key1_flag</name>
         <load_address>0x3f6948</load_address>
         <run_address>0x3f6948</run_address>
         <size>0x4</size>
         <input_file_ref idref="fl-2"/>
      </object_component>
      <object_component id="oc-24a">
         <name>.cinit:_key2_flag</name>
         <load_address>0x3f694c</load_address>
         <run_address>0x3f694c</run_address>
         <size>0x4</size>
         <input_file_ref idref="fl-2"/>
      </object_component>
      <object_component id="oc-24c">
         <name>.cinit:_key3_flag</name>
         <load_address>0x3f6950</load_address>
         <run_address>0x3f6950</run_address>
         <size>0x4</size>
         <input_file_ref idref="fl-2"/>
      </object_component>
      <object_component id="oc-24e">
         <name>.cinit:_key4_flag</name>
         <load_address>0x3f6954</load_address>
         <run_address>0x3f6954</run_address>
         <size>0x4</size>
         <input_file_ref idref="fl-2"/>
      </object_component>
      <object_component id="oc-1c1">
         <name>.cinit</name>
         <load_address>0x3f6958</load_address>
         <run_address>0x3f6958</run_address>
         <size>0x4</size>
         <input_file_ref idref="fl-4b"/>
      </object_component>
      <object_component id="oc-194">
         <name>.text</name>
         <load_address>0x8800</load_address>
         <run_address>0x8800</run_address>
         <size>0x19</size>
         <input_file_ref idref="fl-41"/>
      </object_component>
      <object_component id="oc-1d1">
         <name>.text</name>
         <load_address>0x3f556c</load_address>
         <run_address>0x3f556c</run_address>
         <size>0x95f</size>
         <input_file_ref idref="fl-4f"/>
      </object_component>
      <object_component id="oc-21e">
         <name>.text</name>
         <load_address>0x3f5ecb</load_address>
         <run_address>0x3f5ecb</run_address>
         <size>0x107</size>
         <input_file_ref idref="fl-62"/>
      </object_component>
      <object_component id="oc-1a6">
         <name>.text</name>
         <load_address>0x3f5fd2</load_address>
         <run_address>0x3f5fd2</run_address>
         <size>0xc3</size>
         <input_file_ref idref="fl-45"/>
      </object_component>
      <object_component id="oc-226">
         <name>.text</name>
         <load_address>0x3f6095</load_address>
         <run_address>0x3f6095</run_address>
         <size>0x9c</size>
         <input_file_ref idref="fl-64"/>
      </object_component>
      <object_component id="oc-1f6">
         <name>.text</name>
         <load_address>0x3f6131</load_address>
         <run_address>0x3f6131</run_address>
         <size>0x8b</size>
         <input_file_ref idref="fl-58"/>
      </object_component>
      <object_component id="oc-19a">
         <name>.text</name>
         <load_address>0x3f61bc</load_address>
         <run_address>0x3f61bc</run_address>
         <size>0x88</size>
         <input_file_ref idref="fl-42"/>
      </object_component>
      <object_component id="oc-1fa">
         <name>.text</name>
         <load_address>0x3f6244</load_address>
         <run_address>0x3f6244</run_address>
         <size>0x83</size>
         <input_file_ref idref="fl-59"/>
      </object_component>
      <object_component id="oc-1b2">
         <name>.text</name>
         <load_address>0x3f62c7</load_address>
         <run_address>0x3f62c7</run_address>
         <size>0x5f</size>
         <input_file_ref idref="fl-48"/>
      </object_component>
      <object_component id="oc-1aa">
         <name>.text</name>
         <load_address>0x3f6326</load_address>
         <run_address>0x3f6326</run_address>
         <size>0x5e</size>
         <input_file_ref idref="fl-46"/>
      </object_component>
      <object_component id="oc-1ae">
         <name>.text</name>
         <load_address>0x3f6384</load_address>
         <run_address>0x3f6384</run_address>
         <size>0x5c</size>
         <input_file_ref idref="fl-47"/>
      </object_component>
      <object_component id="oc-52">
         <name>.text</name>
         <load_address>0x3f63e0</load_address>
         <run_address>0x3f63e0</run_address>
         <size>0x46</size>
         <input_file_ref idref="fl-40"/>
      </object_component>
      <object_component id="oc-1d7">
         <name>.text</name>
         <load_address>0x3f6426</load_address>
         <run_address>0x3f6426</run_address>
         <size>0x31</size>
         <input_file_ref idref="fl-50"/>
      </object_component>
      <object_component id="oc-1c5">
         <name>.text</name>
         <load_address>0x3f6457</load_address>
         <run_address>0x3f6457</run_address>
         <size>0x2f</size>
         <input_file_ref idref="fl-4c"/>
      </object_component>
      <object_component id="oc-1de">
         <name>.text</name>
         <load_address>0x3f6486</load_address>
         <run_address>0x3f6486</run_address>
         <size>0x2e</size>
         <input_file_ref idref="fl-52"/>
      </object_component>
      <object_component id="oc-1f2">
         <name>.text</name>
         <load_address>0x3f64b4</load_address>
         <run_address>0x3f64b4</run_address>
         <size>0x2a</size>
         <input_file_ref idref="fl-57"/>
      </object_component>
      <object_component id="oc-212">
         <name>.text</name>
         <load_address>0x3f64de</load_address>
         <run_address>0x3f64de</run_address>
         <size>0x2a</size>
         <input_file_ref idref="fl-5f"/>
      </object_component>
      <object_component id="oc-206">
         <name>.text</name>
         <load_address>0x3f6508</load_address>
         <run_address>0x3f6508</run_address>
         <size>0x21</size>
         <input_file_ref idref="fl-5c"/>
      </object_component>
      <object_component id="oc-19e">
         <name>.text</name>
         <load_address>0x3f652a</load_address>
         <run_address>0x3f652a</run_address>
         <size>0x20</size>
         <input_file_ref idref="fl-43"/>
      </object_component>
      <object_component id="oc-20a">
         <name>.text</name>
         <load_address>0x3f654a</load_address>
         <run_address>0x3f654a</run_address>
         <size>0x1f</size>
         <input_file_ref idref="fl-5d"/>
      </object_component>
      <object_component id="oc-21a">
         <name>.text</name>
         <load_address>0x3f6569</load_address>
         <run_address>0x3f6569</run_address>
         <size>0x1e</size>
         <input_file_ref idref="fl-61"/>
      </object_component>
      <object_component id="oc-20e">
         <name>.text</name>
         <load_address>0x3f6587</load_address>
         <run_address>0x3f6587</run_address>
         <size>0x1c</size>
         <input_file_ref idref="fl-5e"/>
      </object_component>
      <object_component id="oc-216">
         <name>.text</name>
         <load_address>0x3f65a3</load_address>
         <run_address>0x3f65a3</run_address>
         <size>0x1c</size>
         <input_file_ref idref="fl-60"/>
      </object_component>
      <object_component id="oc-1bc">
         <name>.text</name>
         <load_address>0x3f65bf</load_address>
         <run_address>0x3f65bf</run_address>
         <size>0x1b</size>
         <input_file_ref idref="fl-4a"/>
      </object_component>
      <object_component id="oc-1c9">
         <name>.text</name>
         <load_address>0x3f65da</load_address>
         <run_address>0x3f65da</run_address>
         <size>0x16</size>
         <input_file_ref idref="fl-4d"/>
      </object_component>
      <object_component id="oc-222">
         <name>.text</name>
         <load_address>0x3f65f0</load_address>
         <run_address>0x3f65f0</run_address>
         <size>0x14</size>
         <input_file_ref idref="fl-63"/>
      </object_component>
      <object_component id="oc-1e2">
         <name>.text</name>
         <load_address>0x3f6604</load_address>
         <run_address>0x3f6604</run_address>
         <size>0x12</size>
         <input_file_ref idref="fl-53"/>
      </object_component>
      <object_component id="oc-202">
         <name>.text</name>
         <load_address>0x3f6616</load_address>
         <run_address>0x3f6616</run_address>
         <size>0xe</size>
         <input_file_ref idref="fl-5b"/>
      </object_component>
      <object_component id="oc-1a2">
         <name>.text</name>
         <load_address>0x3f6624</load_address>
         <run_address>0x3f6624</run_address>
         <size>0xb</size>
         <input_file_ref idref="fl-44"/>
      </object_component>
      <object_component id="oc-1ee">
         <name>.text</name>
         <load_address>0x3f662f</load_address>
         <run_address>0x3f662f</run_address>
         <size>0xa</size>
         <input_file_ref idref="fl-56"/>
      </object_component>
      <object_component id="oc-1b6">
         <name>.text</name>
         <load_address>0x3f6639</load_address>
         <run_address>0x3f6639</run_address>
         <size>0x9</size>
         <input_file_ref idref="fl-49"/>
      </object_component>
      <object_component id="oc-1fe">
         <name>.text</name>
         <load_address>0x3f6642</load_address>
         <run_address>0x3f6642</run_address>
         <size>0x9</size>
         <input_file_ref idref="fl-5a"/>
      </object_component>
      <object_component id="oc-1ea">
         <name>.text</name>
         <load_address>0x3f664b</load_address>
         <run_address>0x3f664b</run_address>
         <size>0x9</size>
         <input_file_ref idref="fl-55"/>
      </object_component>
      <object_component id="oc-1e6">
         <name>.text</name>
         <load_address>0x3f6654</load_address>
         <run_address>0x3f6654</run_address>
         <size>0x7</size>
         <input_file_ref idref="fl-54"/>
      </object_component>
      <object_component id="oc-1cd">
         <name>.text</name>
         <load_address>0x3f665b</load_address>
         <run_address>0x3f665b</run_address>
         <size>0x3</size>
         <input_file_ref idref="fl-4e"/>
      </object_component>
      <object_component id="oc-246">
         <name>.text</name>
         <load_address>0x3f4000</load_address>
         <run_address>0x3f4000</run_address>
         <size>0x54a</size>
         <input_file_ref idref="fl-18"/>
      </object_component>
      <object_component id="oc-ee">
         <name>.text:retain</name>
         <load_address>0x3f454a</load_address>
         <run_address>0x3f454a</run_address>
         <size>0x39b</size>
         <input_file_ref idref="fl-20"/>
      </object_component>
      <object_component id="oc-23e">
         <name>.text</name>
         <load_address>0x3f48e5</load_address>
         <run_address>0x3f48e5</run_address>
         <size>0x255</size>
         <input_file_ref idref="fl-2"/>
      </object_component>
      <object_component id="oc-24f">
         <name>.text</name>
         <load_address>0x3f4b3a</load_address>
         <run_address>0x3f4b3a</run_address>
         <size>0x18a</size>
         <input_file_ref idref="fl-30"/>
      </object_component>
      <object_component id="oc-23b">
         <name>.text</name>
         <load_address>0x3f4cc4</load_address>
         <run_address>0x3f4cc4</run_address>
         <size>0x15d</size>
         <input_file_ref idref="fl-1a"/>
      </object_component>
      <object_component id="oc-251">
         <name>.text</name>
         <load_address>0x3f4e21</load_address>
         <run_address>0x3f4e21</run_address>
         <size>0x10c</size>
         <input_file_ref idref="fl-4"/>
      </object_component>
      <object_component id="oc-241">
         <name>.text</name>
         <load_address>0x3f4f2d</load_address>
         <run_address>0x3f4f2d</run_address>
         <size>0xf0</size>
         <input_file_ref idref="fl-12"/>
      </object_component>
      <object_component id="oc-250">
         <name>.text</name>
         <load_address>0x3f501d</load_address>
         <run_address>0x3f501d</run_address>
         <size>0xd9</size>
         <input_file_ref idref="fl-33"/>
      </object_component>
      <object_component id="oc-236">
         <name>.text</name>
         <load_address>0x3f50f6</load_address>
         <run_address>0x3f50f6</run_address>
         <size>0xbb</size>
         <input_file_ref idref="fl-65"/>
      </object_component>
      <object_component id="oc-235">
         <name>.text</name>
         <load_address>0x3f51b1</load_address>
         <run_address>0x3f51b1</run_address>
         <size>0x9d</size>
         <input_file_ref idref="fl-3"/>
      </object_component>
      <object_component id="oc-234">
         <name>.text</name>
         <load_address>0x3f524e</load_address>
         <run_address>0x3f524e</run_address>
         <size>0x7a</size>
         <input_file_ref idref="fl-9"/>
      </object_component>
      <object_component id="oc-233">
         <name>.text</name>
         <load_address>0x3f52c8</load_address>
         <run_address>0x3f52c8</run_address>
         <size>0x79</size>
         <input_file_ref idref="fl-13"/>
      </object_component>
      <object_component id="oc-242">
         <name>.text</name>
         <load_address>0x3f5341</load_address>
         <run_address>0x3f5341</run_address>
         <size>0x78</size>
         <input_file_ref idref="fl-35"/>
      </object_component>
      <object_component id="oc-231">
         <name>.text</name>
         <load_address>0x3f53b9</load_address>
         <run_address>0x3f53b9</run_address>
         <size>0x45</size>
         <input_file_ref idref="fl-a"/>
      </object_component>
      <object_component id="oc-253">
         <name>.text</name>
         <load_address>0x3f53fe</load_address>
         <run_address>0x3f53fe</run_address>
         <size>0x3b</size>
         <input_file_ref idref="fl-17"/>
      </object_component>
      <object_component id="oc-22f">
         <name>.text</name>
         <load_address>0x3f5439</load_address>
         <run_address>0x3f5439</run_address>
         <size>0x39</size>
         <input_file_ref idref="fl-f"/>
      </object_component>
      <object_component id="oc-240">
         <name>.text</name>
         <load_address>0x3f5472</load_address>
         <run_address>0x3f5472</run_address>
         <size>0x36</size>
         <input_file_ref idref="fl-11"/>
      </object_component>
      <object_component id="oc-230">
         <name>.text</name>
         <load_address>0x3f54a8</load_address>
         <run_address>0x3f54a8</run_address>
         <size>0x34</size>
         <input_file_ref idref="fl-b"/>
      </object_component>
      <object_component id="oc-243">
         <name>.text</name>
         <load_address>0x3f54dc</load_address>
         <run_address>0x3f54dc</run_address>
         <size>0x28</size>
         <input_file_ref idref="fl-2d"/>
      </object_component>
      <object_component id="oc-244">
         <name>.text</name>
         <load_address>0x3f5504</load_address>
         <run_address>0x3f5504</run_address>
         <size>0x26</size>
         <input_file_ref idref="fl-2e"/>
      </object_component>
      <object_component id="oc-232">
         <name>.text</name>
         <load_address>0x3f552a</load_address>
         <run_address>0x3f552a</run_address>
         <size>0x1f</size>
         <input_file_ref idref="fl-10"/>
      </object_component>
      <object_component id="oc-ca">
         <name>.text:retain</name>
         <load_address>0x3f5549</load_address>
         <run_address>0x3f5549</run_address>
         <size>0x11</size>
         <input_file_ref idref="fl-19"/>
      </object_component>
      <object_component id="oc-75">
         <name>.text</name>
         <load_address>0x3f555a</load_address>
         <run_address>0x3f555a</run_address>
         <size>0x8</size>
         <input_file_ref idref="fl-8"/>
      </object_component>
      <object_component id="oc-f3">
         <name>.text</name>
         <load_address>0x3f5562</load_address>
         <run_address>0x3f5562</run_address>
         <size>0x7</size>
         <input_file_ref idref="fl-21"/>
      </object_component>
      <object_component id="oc-e8">
         <name>.text</name>
         <load_address>0x3f5569</load_address>
         <run_address>0x3f5569</run_address>
         <size>0x3</size>
         <input_file_ref idref="fl-1f"/>
      </object_component>
      <object_component id="oc-76">
         <name>codestart</name>
         <load_address>0x3f7ff6</load_address>
         <run_address>0x3f7ff6</run_address>
         <size>0x2</size>
         <input_file_ref idref="fl-8"/>
      </object_component>
      <object_component id="oc-57">
         <name>ramfuncs:retain</name>
         <load_address>0x3e8000</load_address>
         <run_address>0x8000</run_address>
         <size>0x33f</size>
         <input_file_ref idref="fl-2"/>
      </object_component>
      <object_component id="oc-245">
         <name>ramfuncs</name>
         <load_address>0x3e833f</load_address>
         <run_address>0x833f</run_address>
         <size>0x1b</size>
         <input_file_ref idref="fl-30"/>
      </object_component>
      <object_component id="oc-179">
         <name>ramfuncs</name>
         <load_address>0x3e835a</load_address>
         <run_address>0x835a</run_address>
         <size>0x4</size>
         <input_file_ref idref="fl-32"/>
      </object_component>
      <object_component id="oc-db">
         <name>csmpasswds</name>
         <load_address>0x3f7ff8</load_address>
         <run_address>0x3f7ff8</run_address>
         <size>0x8</size>
         <input_file_ref idref="fl-1c"/>
      </object_component>
      <object_component id="oc-dc">
         <name>csm_rsvd</name>
         <load_address>0x3f7f80</load_address>
         <run_address>0x3f7f80</run_address>
         <size>0x76</size>
         <input_file_ref idref="fl-1c"/>
      </object_component>
      <object_component id="oc-18f">
         <name>.stack</name>
         <uninitialized>true</uninitialized>
         <run_address>0xa97e</run_address>
         <size>0x0</size>
         <input_file_ref idref="fl-40"/>
      </object_component>
      <object_component id="oc-2b5">
         <name>.stack</name>
         <uninitialized>true</uninitialized>
         <run_address>0xa97e</run_address>
         <size>0x0</size>
      </object_component>
      <object_component id="oc-56">
         <name>.ebss</name>
         <uninitialized>true</uninitialized>
         <run_address>0xa640</run_address>
         <size>0x160</size>
         <input_file_ref idref="fl-2"/>
      </object_component>
      <object_component id="oc-247">
         <name>.ebss:_key1_flag</name>
         <uninitialized>true</uninitialized>
         <run_address>0xa88a</run_address>
         <size>0x4</size>
         <input_file_ref idref="fl-2"/>
      </object_component>
      <object_component id="oc-249">
         <name>.ebss:_key2_flag</name>
         <uninitialized>true</uninitialized>
         <run_address>0xa88e</run_address>
         <size>0x4</size>
         <input_file_ref idref="fl-2"/>
      </object_component>
      <object_component id="oc-24b">
         <name>.ebss:_key3_flag</name>
         <uninitialized>true</uninitialized>
         <run_address>0xa892</run_address>
         <size>0x4</size>
         <input_file_ref idref="fl-2"/>
      </object_component>
      <object_component id="oc-24d">
         <name>.ebss:_key4_flag</name>
         <uninitialized>true</uninitialized>
         <run_address>0xa896</run_address>
         <size>0x4</size>
         <input_file_ref idref="fl-2"/>
      </object_component>
      <object_component id="oc-237">
         <name>.ebss:_park</name>
         <uninitialized>true</uninitialized>
         <run_address>0xa610</run_address>
         <size>0x30</size>
         <input_file_ref idref="fl-2"/>
      </object_component>
      <object_component id="oc-239">
         <name>.ebss:_pid1</name>
         <uninitialized>true</uninitialized>
         <run_address>0xa8c0</run_address>
         <size>0xbe</size>
         <input_file_ref idref="fl-2"/>
      </object_component>
      <object_component id="oc-23c">
         <name>.ebss:_temp1</name>
         <uninitialized>true</uninitialized>
         <run_address>0xa480</run_address>
         <size>0x190</size>
         <input_file_ref idref="fl-2"/>
      </object_component>
      <object_component id="oc-254">
         <name>.ebss:_OLED_GRAM</name>
         <uninitialized>true</uninitialized>
         <run_address>0xa000</run_address>
         <size>0x480</size>
         <input_file_ref idref="fl-18"/>
      </object_component>
      <object_component id="oc-d1">
         <name>.ebss</name>
         <uninitialized>true</uninitialized>
         <run_address>0xa7b8</run_address>
         <size>0x8</size>
         <input_file_ref idref="fl-1a"/>
      </object_component>
      <object_component id="oc-e3">
         <name>.ebss</name>
         <uninitialized>true</uninitialized>
         <run_address>0xa7a0</run_address>
         <size>0x18</size>
         <input_file_ref idref="fl-1e"/>
      </object_component>
      <object_component id="oc-184">
         <name>.ebss</name>
         <uninitialized>true</uninitialized>
         <run_address>0xa7c0</run_address>
         <size>0xca</size>
         <input_file_ref idref="fl-34"/>
      </object_component>
      <object_component id="oc-197">
         <name>.ebss</name>
         <uninitialized>true</uninitialized>
         <run_address>0xa89e</run_address>
         <size>0x4</size>
         <input_file_ref idref="fl-41"/>
      </object_component>
      <object_component id="oc-1b9">
         <name>.ebss</name>
         <uninitialized>true</uninitialized>
         <run_address>0xa89a</run_address>
         <size>0x4</size>
         <input_file_ref idref="fl-49"/>
      </object_component>
      <object_component id="oc-1c2">
         <name>.ebss</name>
         <uninitialized>true</uninitialized>
         <run_address>0xa8a2</run_address>
         <size>0x1</size>
         <input_file_ref idref="fl-4b"/>
      </object_component>
      <object_component id="oc-258">
         <name>.econst:_asc2_2412</name>
         <load_address>0x3ec000</load_address>
         <run_address>0x3ec000</run_address>
         <size>0xd5c</size>
         <input_file_ref idref="fl-18"/>
      </object_component>
      <object_component id="oc-257">
         <name>.econst:_asc2_1608</name>
         <load_address>0x3ecd5c</load_address>
         <run_address>0x3ecd5c</run_address>
         <size>0x5f0</size>
         <input_file_ref idref="fl-18"/>
      </object_component>
      <object_component id="oc-256">
         <name>.econst:_asc2_1206</name>
         <load_address>0x3ed34c</load_address>
         <run_address>0x3ed34c</run_address>
         <size>0x474</size>
         <input_file_ref idref="fl-18"/>
      </object_component>
      <object_component id="oc-255">
         <name>.econst:_asc2_0806</name>
         <load_address>0x3ed7c0</load_address>
         <run_address>0x3ed7c0</run_address>
         <size>0x228</size>
         <input_file_ref idref="fl-18"/>
      </object_component>
      <object_component id="oc-25d">
         <name>.econst:_Hzk4</name>
         <load_address>0x3ed9e8</load_address>
         <run_address>0x3ed9e8</run_address>
         <size>0x200</size>
         <input_file_ref idref="fl-18"/>
      </object_component>
      <object_component id="oc-23f">
         <name>.econst:__ctypes_</name>
         <load_address>0x3edbe8</load_address>
         <run_address>0x3edbe8</run_address>
         <size>0x101</size>
         <input_file_ref idref="fl-51"/>
      </object_component>
      <object_component id="oc-252">
         <name>.econst:_PieVectTableInit</name>
         <load_address>0x3edcea</load_address>
         <run_address>0x3edcea</run_address>
         <size>0x100</size>
         <input_file_ref idref="fl-2e"/>
      </object_component>
      <object_component id="oc-25c">
         <name>.econst:_Hzk3</name>
         <load_address>0x3eddea</load_address>
         <run_address>0x3eddea</run_address>
         <size>0x80</size>
         <input_file_ref idref="fl-18"/>
      </object_component>
      <object_component id="oc-25b">
         <name>.econst:_Hzk2</name>
         <load_address>0x3ede6a</load_address>
         <run_address>0x3ede6a</run_address>
         <size>0x48</size>
         <input_file_ref idref="fl-18"/>
      </object_component>
      <object_component id="oc-1d4">
         <name>.econst:.string</name>
         <load_address>0x3edeb2</load_address>
         <run_address>0x3edeb2</run_address>
         <size>0x24</size>
         <input_file_ref idref="fl-4f"/>
      </object_component>
      <object_component id="oc-25a">
         <name>.econst:_Hzk1</name>
         <load_address>0x3eded6</load_address>
         <run_address>0x3eded6</run_address>
         <size>0x20</size>
         <input_file_ref idref="fl-18"/>
      </object_component>
      <object_component id="oc-1d3">
         <name>.econst</name>
         <load_address>0x3edef6</load_address>
         <run_address>0x3edef6</run_address>
         <size>0x18</size>
         <input_file_ref idref="fl-4f"/>
      </object_component>
      <object_component id="oc-18a">
         <name>.econst:.string</name>
         <load_address>0x3edf0e</load_address>
         <run_address>0x3edf0e</run_address>
         <size>0x11</size>
         <input_file_ref idref="fl-35"/>
      </object_component>
      <object_component id="oc-c4">
         <name>.econst:.string</name>
         <load_address>0x3edf20</load_address>
         <run_address>0x3edf20</run_address>
         <size>0xa</size>
         <input_file_ref idref="fl-18"/>
      </object_component>
      <object_component id="oc-23d">
         <name>.econst:_a$1</name>
         <load_address>0x3edf2a</load_address>
         <run_address>0x3edf2a</run_address>
         <size>0x8</size>
         <input_file_ref idref="fl-45"/>
      </object_component>
      <object_component id="oc-259">
         <name>.econst:.string:_$P$T0$1</name>
         <load_address>0x3edf32</load_address>
         <run_address>0x3edf32</run_address>
         <size>0x2</size>
         <input_file_ref idref="fl-18"/>
      </object_component>
      <object_component id="oc-190">
         <name>.reset</name>
         <load_address>0x3fffc0</load_address>
         <run_address>0x3fffc0</run_address>
         <size>0x2</size>
         <input_file_ref idref="fl-40"/>
      </object_component>
      <object_component id="oc-145">
         <name>PieVectTableFile</name>
         <uninitialized>true</uninitialized>
         <run_address>0xd00</run_address>
         <size>0x100</size>
         <input_file_ref idref="fl-27"/>
      </object_component>
      <object_component id="oc-113">
         <name>EmuKeyVar</name>
         <uninitialized>true</uninitialized>
         <run_address>0xd00</run_address>
         <size>0x1</size>
         <input_file_ref idref="fl-27"/>
      </object_component>
      <object_component id="oc-114">
         <name>EmuBModeVar</name>
         <uninitialized>true</uninitialized>
         <run_address>0xd01</run_address>
         <size>0x1</size>
         <input_file_ref idref="fl-27"/>
      </object_component>
      <object_component id="oc-116">
         <name>FlashCallbackVar</name>
         <uninitialized>true</uninitialized>
         <run_address>0xd02</run_address>
         <size>0x2</size>
         <input_file_ref idref="fl-27"/>
      </object_component>
      <object_component id="oc-115">
         <name>FlashScalingVar</name>
         <uninitialized>true</uninitialized>
         <run_address>0xd04</run_address>
         <size>0x2</size>
         <input_file_ref idref="fl-27"/>
      </object_component>
      <object_component id="oc-118">
         <name>DevEmuRegsFile</name>
         <uninitialized>true</uninitialized>
         <run_address>0x880</run_address>
         <size>0x4</size>
         <input_file_ref idref="fl-27"/>
      </object_component>
      <object_component id="oc-117">
         <name>SysPwrCtrlRegsFile</name>
         <uninitialized>true</uninitialized>
         <run_address>0x985</run_address>
         <size>0x3</size>
         <input_file_ref idref="fl-27"/>
      </object_component>
      <object_component id="oc-11d">
         <name>FlashRegsFile</name>
         <uninitialized>true</uninitialized>
         <run_address>0xa80</run_address>
         <size>0x8</size>
         <input_file_ref idref="fl-27"/>
      </object_component>
      <object_component id="oc-11f">
         <name>CsmRegsFile</name>
         <uninitialized>true</uninitialized>
         <run_address>0xae0</run_address>
         <size>0x10</size>
         <input_file_ref idref="fl-27"/>
      </object_component>
      <object_component id="oc-11e">
         <name>AdcResultFile</name>
         <uninitialized>true</uninitialized>
         <run_address>0xb00</run_address>
         <size>0x10</size>
         <input_file_ref idref="fl-27"/>
      </object_component>
      <object_component id="oc-119">
         <name>CpuTimer0RegsFile</name>
         <uninitialized>true</uninitialized>
         <run_address>0xc00</run_address>
         <size>0x8</size>
         <input_file_ref idref="fl-27"/>
      </object_component>
      <object_component id="oc-11a">
         <name>CpuTimer1RegsFile</name>
         <uninitialized>true</uninitialized>
         <run_address>0xc08</run_address>
         <size>0x8</size>
         <input_file_ref idref="fl-27"/>
      </object_component>
      <object_component id="oc-11b">
         <name>CpuTimer2RegsFile</name>
         <uninitialized>true</uninitialized>
         <run_address>0xc10</run_address>
         <size>0x8</size>
         <input_file_ref idref="fl-27"/>
      </object_component>
      <object_component id="oc-129">
         <name>PieCtrlRegsFile</name>
         <uninitialized>true</uninitialized>
         <run_address>0xce0</run_address>
         <size>0x1a</size>
         <input_file_ref idref="fl-27"/>
      </object_component>
      <object_component id="oc-135">
         <name>Cla1RegsFile</name>
         <uninitialized>true</uninitialized>
         <run_address>0x1400</run_address>
         <size>0x40</size>
         <input_file_ref idref="fl-27"/>
      </object_component>
      <object_component id="oc-143">
         <name>DmaRegsFile</name>
         <uninitialized>true</uninitialized>
         <run_address>0x1000</run_address>
         <size>0xe0</size>
         <input_file_ref idref="fl-27"/>
      </object_component>
      <object_component id="oc-134">
         <name>ECanaRegsFile</name>
         <uninitialized>true</uninitialized>
         <run_address>0x6000</run_address>
         <size>0x34</size>
         <input_file_ref idref="fl-27"/>
      </object_component>
      <object_component id="oc-136">
         <name>ECanaLAMRegsFile</name>
         <uninitialized>true</uninitialized>
         <run_address>0x6040</run_address>
         <size>0x40</size>
         <input_file_ref idref="fl-27"/>
      </object_component>
      <object_component id="oc-144">
         <name>ECanaMboxesFile</name>
         <uninitialized>true</uninitialized>
         <run_address>0x6100</run_address>
         <size>0x100</size>
         <input_file_ref idref="fl-27"/>
      </object_component>
      <object_component id="oc-137">
         <name>ECanaMOTSRegsFile</name>
         <uninitialized>true</uninitialized>
         <run_address>0x6080</run_address>
         <size>0x40</size>
         <input_file_ref idref="fl-27"/>
      </object_component>
      <object_component id="oc-138">
         <name>ECanaMOTORegsFile</name>
         <uninitialized>true</uninitialized>
         <run_address>0x60c0</run_address>
         <size>0x40</size>
         <input_file_ref idref="fl-27"/>
      </object_component>
      <object_component id="oc-12a">
         <name>ECap1RegsFile</name>
         <uninitialized>true</uninitialized>
         <run_address>0x6a00</run_address>
         <size>0x20</size>
         <input_file_ref idref="fl-27"/>
      </object_component>
      <object_component id="oc-12b">
         <name>ECap2RegsFile</name>
         <uninitialized>true</uninitialized>
         <run_address>0x6a20</run_address>
         <size>0x20</size>
         <input_file_ref idref="fl-27"/>
      </object_component>
      <object_component id="oc-12c">
         <name>ECap3RegsFile</name>
         <uninitialized>true</uninitialized>
         <run_address>0x6a40</run_address>
         <size>0x20</size>
         <input_file_ref idref="fl-27"/>
      </object_component>
      <object_component id="oc-12f">
         <name>EQep1RegsFile</name>
         <uninitialized>true</uninitialized>
         <run_address>0x6b00</run_address>
         <size>0x22</size>
         <input_file_ref idref="fl-27"/>
      </object_component>
      <object_component id="oc-130">
         <name>EQep2RegsFile</name>
         <uninitialized>true</uninitialized>
         <run_address>0x6b40</run_address>
         <size>0x22</size>
         <input_file_ref idref="fl-27"/>
      </object_component>
      <object_component id="oc-141">
         <name>GpioCtrlRegsFile</name>
         <uninitialized>true</uninitialized>
         <run_address>0x6f80</run_address>
         <size>0x40</size>
         <input_file_ref idref="fl-27"/>
      </object_component>
      <object_component id="oc-12d">
         <name>GpioDataRegsFile</name>
         <uninitialized>true</uninitialized>
         <run_address>0x6fc0</run_address>
         <size>0x20</size>
         <input_file_ref idref="fl-27"/>
      </object_component>
      <object_component id="oc-12e">
         <name>GpioIntRegsFile</name>
         <uninitialized>true</uninitialized>
         <run_address>0x6fe0</run_address>
         <size>0x20</size>
         <input_file_ref idref="fl-27"/>
      </object_component>
      <object_component id="oc-133">
         <name>SysCtrlRegsFile</name>
         <uninitialized>true</uninitialized>
         <run_address>0x7010</run_address>
         <size>0x30</size>
         <input_file_ref idref="fl-27"/>
      </object_component>
      <object_component id="oc-123">
         <name>SpiaRegsFile</name>
         <uninitialized>true</uninitialized>
         <run_address>0x7040</run_address>
         <size>0x10</size>
         <input_file_ref idref="fl-27"/>
      </object_component>
      <object_component id="oc-124">
         <name>SpibRegsFile</name>
         <uninitialized>true</uninitialized>
         <run_address>0x7740</run_address>
         <size>0x10</size>
         <input_file_ref idref="fl-27"/>
      </object_component>
      <object_component id="oc-121">
         <name>SciaRegsFile</name>
         <uninitialized>true</uninitialized>
         <run_address>0x7050</run_address>
         <size>0x10</size>
         <input_file_ref idref="fl-27"/>
      </object_component>
      <object_component id="oc-122">
         <name>ScibRegsFile</name>
         <uninitialized>true</uninitialized>
         <run_address>0x7750</run_address>
         <size>0x10</size>
         <input_file_ref idref="fl-27"/>
      </object_component>
      <object_component id="oc-120">
         <name>NmiIntruptRegsFile</name>
         <uninitialized>true</uninitialized>
         <run_address>0x7060</run_address>
         <size>0x10</size>
         <input_file_ref idref="fl-27"/>
      </object_component>
      <object_component id="oc-125">
         <name>XIntruptRegsFile</name>
         <uninitialized>true</uninitialized>
         <run_address>0x7070</run_address>
         <size>0x10</size>
         <input_file_ref idref="fl-27"/>
      </object_component>
      <object_component id="oc-142">
         <name>AdcRegsFile</name>
         <uninitialized>true</uninitialized>
         <run_address>0x7100</run_address>
         <size>0x50</size>
         <input_file_ref idref="fl-27"/>
      </object_component>
      <object_component id="oc-131">
         <name>I2caRegsFile</name>
         <uninitialized>true</uninitialized>
         <run_address>0x7900</run_address>
         <size>0x22</size>
         <input_file_ref idref="fl-27"/>
      </object_component>
      <object_component id="oc-126">
         <name>Comp1RegsFile</name>
         <uninitialized>true</uninitialized>
         <run_address>0x6400</run_address>
         <size>0x14</size>
         <input_file_ref idref="fl-27"/>
      </object_component>
      <object_component id="oc-127">
         <name>Comp2RegsFile</name>
         <uninitialized>true</uninitialized>
         <run_address>0x6420</run_address>
         <size>0x14</size>
         <input_file_ref idref="fl-27"/>
      </object_component>
      <object_component id="oc-128">
         <name>Comp3RegsFile</name>
         <uninitialized>true</uninitialized>
         <run_address>0x6440</run_address>
         <size>0x14</size>
         <input_file_ref idref="fl-27"/>
      </object_component>
      <object_component id="oc-139">
         <name>EPwm1RegsFile</name>
         <uninitialized>true</uninitialized>
         <run_address>0x6800</run_address>
         <size>0x40</size>
         <input_file_ref idref="fl-27"/>
      </object_component>
      <object_component id="oc-13a">
         <name>EPwm2RegsFile</name>
         <uninitialized>true</uninitialized>
         <run_address>0x6840</run_address>
         <size>0x40</size>
         <input_file_ref idref="fl-27"/>
      </object_component>
      <object_component id="oc-13b">
         <name>EPwm3RegsFile</name>
         <uninitialized>true</uninitialized>
         <run_address>0x6880</run_address>
         <size>0x40</size>
         <input_file_ref idref="fl-27"/>
      </object_component>
      <object_component id="oc-13c">
         <name>EPwm4RegsFile</name>
         <uninitialized>true</uninitialized>
         <run_address>0x68c0</run_address>
         <size>0x40</size>
         <input_file_ref idref="fl-27"/>
      </object_component>
      <object_component id="oc-13d">
         <name>EPwm5RegsFile</name>
         <uninitialized>true</uninitialized>
         <run_address>0x6900</run_address>
         <size>0x40</size>
         <input_file_ref idref="fl-27"/>
      </object_component>
      <object_component id="oc-13e">
         <name>EPwm6RegsFile</name>
         <uninitialized>true</uninitialized>
         <run_address>0x6940</run_address>
         <size>0x40</size>
         <input_file_ref idref="fl-27"/>
      </object_component>
      <object_component id="oc-13f">
         <name>EPwm7RegsFile</name>
         <uninitialized>true</uninitialized>
         <run_address>0x6980</run_address>
         <size>0x40</size>
         <input_file_ref idref="fl-27"/>
      </object_component>
      <object_component id="oc-140">
         <name>EPwm8RegsFile</name>
         <uninitialized>true</uninitialized>
         <run_address>0x69c0</run_address>
         <size>0x40</size>
         <input_file_ref idref="fl-27"/>
      </object_component>
      <object_component id="oc-132">
         <name>McbspaRegsFile</name>
         <uninitialized>true</uninitialized>
         <run_address>0x5000</run_address>
         <size>0x24</size>
         <input_file_ref idref="fl-27"/>
      </object_component>
      <object_component id="oc-11c">
         <name>CsmPwlFile</name>
         <uninitialized>true</uninitialized>
         <run_address>0x3f7ff8</run_address>
         <size>0x8</size>
         <input_file_ref idref="fl-27"/>
      </object_component>
      <object_component id="oc-112">
         <name>PartIdRegsFile</name>
         <uninitialized>true</uninitialized>
         <run_address>0x3d7e80</run_address>
         <size>0x1</size>
         <input_file_ref idref="fl-27"/>
      </object_component>
      <object_component id="oc-54">
         <name>.debug_info</name>
         <load_address>0x0</load_address>
         <run_address>0x0</run_address>
         <size>0x749b</size>
         <input_file_ref idref="fl-2"/>
      </object_component>
      <object_component id="oc-5c">
         <name>.debug_info</name>
         <load_address>0x749b</load_address>
         <run_address>0x749b</run_address>
         <size>0x816</size>
         <input_file_ref idref="fl-3"/>
      </object_component>
      <object_component id="oc-61">
         <name>.debug_info</name>
         <load_address>0x7cb1</load_address>
         <run_address>0x7cb1</run_address>
         <size>0x59b4</size>
         <input_file_ref idref="fl-4"/>
      </object_component>
      <object_component id="oc-66">
         <name>.debug_info</name>
         <load_address>0xd665</load_address>
         <run_address>0xd665</run_address>
         <size>0x478</size>
         <input_file_ref idref="fl-5"/>
      </object_component>
      <object_component id="oc-6b">
         <name>.debug_info</name>
         <load_address>0xdadd</load_address>
         <run_address>0xdadd</run_address>
         <size>0x420</size>
         <input_file_ref idref="fl-6"/>
      </object_component>
      <object_component id="oc-70">
         <name>.debug_info</name>
         <load_address>0xdefd</load_address>
         <run_address>0xdefd</run_address>
         <size>0x4aa</size>
         <input_file_ref idref="fl-7"/>
      </object_component>
      <object_component id="oc-78">
         <name>.debug_info</name>
         <load_address>0xe3a7</load_address>
         <run_address>0xe3a7</run_address>
         <size>0x16e</size>
         <input_file_ref idref="fl-8"/>
      </object_component>
      <object_component id="oc-7b">
         <name>.debug_info</name>
         <load_address>0xe515</load_address>
         <run_address>0xe515</run_address>
         <size>0x4ec</size>
         <input_file_ref idref="fl-9"/>
      </object_component>
      <object_component id="oc-80">
         <name>.debug_info</name>
         <load_address>0xea01</load_address>
         <run_address>0xea01</run_address>
         <size>0x4b7</size>
         <input_file_ref idref="fl-a"/>
      </object_component>
      <object_component id="oc-85">
         <name>.debug_info</name>
         <load_address>0xeeb8</load_address>
         <run_address>0xeeb8</run_address>
         <size>0x4c7</size>
         <input_file_ref idref="fl-b"/>
      </object_component>
      <object_component id="oc-8a">
         <name>.debug_info</name>
         <load_address>0xf37f</load_address>
         <run_address>0xf37f</run_address>
         <size>0x3f4</size>
         <input_file_ref idref="fl-c"/>
      </object_component>
      <object_component id="oc-8f">
         <name>.debug_info</name>
         <load_address>0xf773</load_address>
         <run_address>0xf773</run_address>
         <size>0x408</size>
         <input_file_ref idref="fl-d"/>
      </object_component>
      <object_component id="oc-94">
         <name>.debug_info</name>
         <load_address>0xfb7b</load_address>
         <run_address>0xfb7b</run_address>
         <size>0x4ca</size>
         <input_file_ref idref="fl-e"/>
      </object_component>
      <object_component id="oc-99">
         <name>.debug_info</name>
         <load_address>0x10045</load_address>
         <run_address>0x10045</run_address>
         <size>0x4ee</size>
         <input_file_ref idref="fl-f"/>
      </object_component>
      <object_component id="oc-9e">
         <name>.debug_info</name>
         <load_address>0x10533</load_address>
         <run_address>0x10533</run_address>
         <size>0x4df</size>
         <input_file_ref idref="fl-10"/>
      </object_component>
      <object_component id="oc-a3">
         <name>.debug_info</name>
         <load_address>0x10a12</load_address>
         <run_address>0x10a12</run_address>
         <size>0x4e8</size>
         <input_file_ref idref="fl-11"/>
      </object_component>
      <object_component id="oc-a8">
         <name>.debug_info</name>
         <load_address>0x10efa</load_address>
         <run_address>0x10efa</run_address>
         <size>0x58f</size>
         <input_file_ref idref="fl-12"/>
      </object_component>
      <object_component id="oc-ad">
         <name>.debug_info</name>
         <load_address>0x11489</load_address>
         <run_address>0x11489</run_address>
         <size>0x527</size>
         <input_file_ref idref="fl-13"/>
      </object_component>
      <object_component id="oc-b2">
         <name>.debug_info</name>
         <load_address>0x119b0</load_address>
         <run_address>0x119b0</run_address>
         <size>0x474</size>
         <input_file_ref idref="fl-14"/>
      </object_component>
      <object_component id="oc-b7">
         <name>.debug_info</name>
         <load_address>0x11e24</load_address>
         <run_address>0x11e24</run_address>
         <size>0x1bc</size>
         <input_file_ref idref="fl-15"/>
      </object_component>
      <object_component id="oc-b9">
         <name>.debug_info</name>
         <load_address>0x11fe0</load_address>
         <run_address>0x11fe0</run_address>
         <size>0x444</size>
         <input_file_ref idref="fl-16"/>
      </object_component>
      <object_component id="oc-be">
         <name>.debug_info</name>
         <load_address>0x12424</load_address>
         <run_address>0x12424</run_address>
         <size>0x314a</size>
         <input_file_ref idref="fl-17"/>
      </object_component>
      <object_component id="oc-c3">
         <name>.debug_info</name>
         <load_address>0x1556e</load_address>
         <run_address>0x1556e</run_address>
         <size>0x2ce9</size>
         <input_file_ref idref="fl-18"/>
      </object_component>
      <object_component id="oc-c9">
         <name>.debug_info</name>
         <load_address>0x18257</load_address>
         <run_address>0x18257</run_address>
         <size>0x18c2</size>
         <input_file_ref idref="fl-19"/>
      </object_component>
      <object_component id="oc-cf">
         <name>.debug_info</name>
         <load_address>0x19b19</load_address>
         <run_address>0x19b19</run_address>
         <size>0x3c85</size>
         <input_file_ref idref="fl-1a"/>
      </object_component>
      <object_component id="oc-d6">
         <name>.debug_info</name>
         <load_address>0x1d79e</load_address>
         <run_address>0x1d79e</run_address>
         <size>0x497d</size>
         <input_file_ref idref="fl-1b"/>
      </object_component>
      <object_component id="oc-dd">
         <name>.debug_info</name>
         <load_address>0x2211b</load_address>
         <run_address>0x2211b</run_address>
         <size>0x18b4</size>
         <input_file_ref idref="fl-1d"/>
      </object_component>
      <object_component id="oc-e2">
         <name>.debug_info</name>
         <load_address>0x239cf</load_address>
         <run_address>0x239cf</run_address>
         <size>0x856</size>
         <input_file_ref idref="fl-1e"/>
      </object_component>
      <object_component id="oc-ea">
         <name>.debug_info</name>
         <load_address>0x24225</load_address>
         <run_address>0x24225</run_address>
         <size>0x12e</size>
         <input_file_ref idref="fl-1f"/>
      </object_component>
      <object_component id="oc-ed">
         <name>.debug_info</name>
         <load_address>0x24353</load_address>
         <run_address>0x24353</run_address>
         <size>0x2a3d</size>
         <input_file_ref idref="fl-20"/>
      </object_component>
      <object_component id="oc-f5">
         <name>.debug_info</name>
         <load_address>0x26d90</load_address>
         <run_address>0x26d90</run_address>
         <size>0x134</size>
         <input_file_ref idref="fl-21"/>
      </object_component>
      <object_component id="oc-f8">
         <name>.debug_info</name>
         <load_address>0x26ec4</load_address>
         <run_address>0x26ec4</run_address>
         <size>0x170f</size>
         <input_file_ref idref="fl-22"/>
      </object_component>
      <object_component id="oc-fd">
         <name>.debug_info</name>
         <load_address>0x285d3</load_address>
         <run_address>0x285d3</run_address>
         <size>0x5a6a</size>
         <input_file_ref idref="fl-23"/>
      </object_component>
      <object_component id="oc-102">
         <name>.debug_info</name>
         <load_address>0x2e03d</load_address>
         <run_address>0x2e03d</run_address>
         <size>0x18b4</size>
         <input_file_ref idref="fl-24"/>
      </object_component>
      <object_component id="oc-107">
         <name>.debug_info</name>
         <load_address>0x2f8f1</load_address>
         <run_address>0x2f8f1</run_address>
         <size>0x18b4</size>
         <input_file_ref idref="fl-25"/>
      </object_component>
      <object_component id="oc-10c">
         <name>.debug_info</name>
         <load_address>0x311a5</load_address>
         <run_address>0x311a5</run_address>
         <size>0x18b4</size>
         <input_file_ref idref="fl-26"/>
      </object_component>
      <object_component id="oc-111">
         <name>.debug_info</name>
         <load_address>0x32a59</load_address>
         <run_address>0x32a59</run_address>
         <size>0x15d13</size>
         <input_file_ref idref="fl-27"/>
      </object_component>
      <object_component id="oc-147">
         <name>.debug_info</name>
         <load_address>0x4876c</load_address>
         <run_address>0x4876c</run_address>
         <size>0x18b4</size>
         <input_file_ref idref="fl-28"/>
      </object_component>
      <object_component id="oc-14c">
         <name>.debug_info</name>
         <load_address>0x4a020</load_address>
         <run_address>0x4a020</run_address>
         <size>0x18b5</size>
         <input_file_ref idref="fl-29"/>
      </object_component>
      <object_component id="oc-151">
         <name>.debug_info</name>
         <load_address>0x4b8d5</load_address>
         <run_address>0x4b8d5</run_address>
         <size>0x18b3</size>
         <input_file_ref idref="fl-2a"/>
      </object_component>
      <object_component id="oc-156">
         <name>.debug_info</name>
         <load_address>0x4d188</load_address>
         <run_address>0x4d188</run_address>
         <size>0x465f</size>
         <input_file_ref idref="fl-2b"/>
      </object_component>
      <object_component id="oc-15b">
         <name>.debug_info</name>
         <load_address>0x517e7</load_address>
         <run_address>0x517e7</run_address>
         <size>0x1867</size>
         <input_file_ref idref="fl-2c"/>
      </object_component>
      <object_component id="oc-160">
         <name>.debug_info</name>
         <load_address>0x5304e</load_address>
         <run_address>0x5304e</run_address>
         <size>0xb80</size>
         <input_file_ref idref="fl-2d"/>
      </object_component>
      <object_component id="oc-165">
         <name>.debug_info</name>
         <load_address>0x53bce</load_address>
         <run_address>0x53bce</run_address>
         <size>0x24ae</size>
         <input_file_ref idref="fl-2e"/>
      </object_component>
      <object_component id="oc-16a">
         <name>.debug_info</name>
         <load_address>0x5607c</load_address>
         <run_address>0x5607c</run_address>
         <size>0x18b3</size>
         <input_file_ref idref="fl-2f"/>
      </object_component>
      <object_component id="oc-16f">
         <name>.debug_info</name>
         <load_address>0x5792f</load_address>
         <run_address>0x5792f</run_address>
         <size>0x2a02</size>
         <input_file_ref idref="fl-30"/>
      </object_component>
      <object_component id="oc-174">
         <name>.debug_info</name>
         <load_address>0x5a331</load_address>
         <run_address>0x5a331</run_address>
         <size>0x391</size>
         <input_file_ref idref="fl-31"/>
      </object_component>
      <object_component id="oc-17b">
         <name>.debug_info</name>
         <load_address>0x5a6c2</load_address>
         <run_address>0x5a6c2</run_address>
         <size>0x130</size>
         <input_file_ref idref="fl-32"/>
      </object_component>
      <object_component id="oc-17e">
         <name>.debug_info</name>
         <load_address>0x5a7f2</load_address>
         <run_address>0x5a7f2</run_address>
         <size>0x1c72</size>
         <input_file_ref idref="fl-33"/>
      </object_component>
      <object_component id="oc-183">
         <name>.debug_info</name>
         <load_address>0x5c464</load_address>
         <run_address>0x5c464</run_address>
         <size>0x273f</size>
         <input_file_ref idref="fl-34"/>
      </object_component>
      <object_component id="oc-189">
         <name>.debug_info</name>
         <load_address>0x5eba3</load_address>
         <run_address>0x5eba3</run_address>
         <size>0x47c3</size>
         <input_file_ref idref="fl-35"/>
      </object_component>
      <object_component id="oc-191">
         <name>.debug_info</name>
         <load_address>0x63366</load_address>
         <run_address>0x63366</run_address>
         <size>0x11a</size>
         <input_file_ref idref="fl-40"/>
      </object_component>
      <object_component id="oc-195">
         <name>.debug_info</name>
         <load_address>0x63480</load_address>
         <run_address>0x63480</run_address>
         <size>0x6d0</size>
         <input_file_ref idref="fl-41"/>
      </object_component>
      <object_component id="oc-19b">
         <name>.debug_info</name>
         <load_address>0x63b50</load_address>
         <run_address>0x63b50</run_address>
         <size>0xfc</size>
         <input_file_ref idref="fl-42"/>
      </object_component>
      <object_component id="oc-19f">
         <name>.debug_info</name>
         <load_address>0x63c4c</load_address>
         <run_address>0x63c4c</run_address>
         <size>0x539</size>
         <input_file_ref idref="fl-43"/>
      </object_component>
      <object_component id="oc-1a3">
         <name>.debug_info</name>
         <load_address>0x64185</load_address>
         <run_address>0x64185</run_address>
         <size>0x128</size>
         <input_file_ref idref="fl-44"/>
      </object_component>
      <object_component id="oc-1a7">
         <name>.debug_info</name>
         <load_address>0x642ad</load_address>
         <run_address>0x642ad</run_address>
         <size>0x522</size>
         <input_file_ref idref="fl-45"/>
      </object_component>
      <object_component id="oc-1ab">
         <name>.debug_info</name>
         <load_address>0x647cf</load_address>
         <run_address>0x647cf</run_address>
         <size>0x47a</size>
         <input_file_ref idref="fl-46"/>
      </object_component>
      <object_component id="oc-1af">
         <name>.debug_info</name>
         <load_address>0x64c49</load_address>
         <run_address>0x64c49</run_address>
         <size>0x47a</size>
         <input_file_ref idref="fl-47"/>
      </object_component>
      <object_component id="oc-1b3">
         <name>.debug_info</name>
         <load_address>0x650c3</load_address>
         <run_address>0x650c3</run_address>
         <size>0x46d</size>
         <input_file_ref idref="fl-48"/>
      </object_component>
      <object_component id="oc-1b7">
         <name>.debug_info</name>
         <load_address>0x65530</load_address>
         <run_address>0x65530</run_address>
         <size>0x596</size>
         <input_file_ref idref="fl-49"/>
      </object_component>
      <object_component id="oc-1bd">
         <name>.debug_info</name>
         <load_address>0x65ac6</load_address>
         <run_address>0x65ac6</run_address>
         <size>0x54c</size>
         <input_file_ref idref="fl-4a"/>
      </object_component>
      <object_component id="oc-1c0">
         <name>.debug_info</name>
         <load_address>0x66012</load_address>
         <run_address>0x66012</run_address>
         <size>0x426</size>
         <input_file_ref idref="fl-4b"/>
      </object_component>
      <object_component id="oc-1c6">
         <name>.debug_info</name>
         <load_address>0x66438</load_address>
         <run_address>0x66438</run_address>
         <size>0x890</size>
         <input_file_ref idref="fl-4c"/>
      </object_component>
      <object_component id="oc-1ca">
         <name>.debug_info</name>
         <load_address>0x66cc8</load_address>
         <run_address>0x66cc8</run_address>
         <size>0x47e</size>
         <input_file_ref idref="fl-4d"/>
      </object_component>
      <object_component id="oc-1ce">
         <name>.debug_info</name>
         <load_address>0x67146</load_address>
         <run_address>0x67146</run_address>
         <size>0x4b5</size>
         <input_file_ref idref="fl-4e"/>
      </object_component>
      <object_component id="oc-1d2">
         <name>.debug_info</name>
         <load_address>0x675fb</load_address>
         <run_address>0x675fb</run_address>
         <size>0x3047</size>
         <input_file_ref idref="fl-4f"/>
      </object_component>
      <object_component id="oc-1d8">
         <name>.debug_info</name>
         <load_address>0x6a642</load_address>
         <run_address>0x6a642</run_address>
         <size>0x6fe</size>
         <input_file_ref idref="fl-50"/>
      </object_component>
      <object_component id="oc-1db">
         <name>.debug_info</name>
         <load_address>0x6ad40</load_address>
         <run_address>0x6ad40</run_address>
         <size>0x443</size>
         <input_file_ref idref="fl-51"/>
      </object_component>
      <object_component id="oc-1df">
         <name>.debug_info</name>
         <load_address>0x6b183</load_address>
         <run_address>0x6b183</run_address>
         <size>0x5c5</size>
         <input_file_ref idref="fl-52"/>
      </object_component>
      <object_component id="oc-1e3">
         <name>.debug_info</name>
         <load_address>0x6b748</load_address>
         <run_address>0x6b748</run_address>
         <size>0x66d</size>
         <input_file_ref idref="fl-53"/>
      </object_component>
      <object_component id="oc-1e7">
         <name>.debug_info</name>
         <load_address>0x6bdb5</load_address>
         <run_address>0x6bdb5</run_address>
         <size>0x56b</size>
         <input_file_ref idref="fl-54"/>
      </object_component>
      <object_component id="oc-1eb">
         <name>.debug_info</name>
         <load_address>0x6c320</load_address>
         <run_address>0x6c320</run_address>
         <size>0x568</size>
         <input_file_ref idref="fl-55"/>
      </object_component>
      <object_component id="oc-1ef">
         <name>.debug_info</name>
         <load_address>0x6c888</load_address>
         <run_address>0x6c888</run_address>
         <size>0x556</size>
         <input_file_ref idref="fl-56"/>
      </object_component>
      <object_component id="oc-1f3">
         <name>.debug_info</name>
         <load_address>0x6cdde</load_address>
         <run_address>0x6cdde</run_address>
         <size>0x108</size>
         <input_file_ref idref="fl-57"/>
      </object_component>
      <object_component id="oc-1f7">
         <name>.debug_info</name>
         <load_address>0x6cee6</load_address>
         <run_address>0x6cee6</run_address>
         <size>0xfc</size>
         <input_file_ref idref="fl-58"/>
      </object_component>
      <object_component id="oc-1fb">
         <name>.debug_info</name>
         <load_address>0x6cfe2</load_address>
         <run_address>0x6cfe2</run_address>
         <size>0xfc</size>
         <input_file_ref idref="fl-59"/>
      </object_component>
      <object_component id="oc-1ff">
         <name>.debug_info</name>
         <load_address>0x6d0de</load_address>
         <run_address>0x6d0de</run_address>
         <size>0xfc</size>
         <input_file_ref idref="fl-5a"/>
      </object_component>
      <object_component id="oc-203">
         <name>.debug_info</name>
         <load_address>0x6d1da</load_address>
         <run_address>0x6d1da</run_address>
         <size>0x10a</size>
         <input_file_ref idref="fl-5b"/>
      </object_component>
      <object_component id="oc-207">
         <name>.debug_info</name>
         <load_address>0x6d2e4</load_address>
         <run_address>0x6d2e4</run_address>
         <size>0xfc</size>
         <input_file_ref idref="fl-5c"/>
      </object_component>
      <object_component id="oc-20b">
         <name>.debug_info</name>
         <load_address>0x6d3e0</load_address>
         <run_address>0x6d3e0</run_address>
         <size>0xfc</size>
         <input_file_ref idref="fl-5d"/>
      </object_component>
      <object_component id="oc-20f">
         <name>.debug_info</name>
         <load_address>0x6d4dc</load_address>
         <run_address>0x6d4dc</run_address>
         <size>0x102</size>
         <input_file_ref idref="fl-5e"/>
      </object_component>
      <object_component id="oc-213">
         <name>.debug_info</name>
         <load_address>0x6d5de</load_address>
         <run_address>0x6d5de</run_address>
         <size>0x18a</size>
         <input_file_ref idref="fl-5f"/>
      </object_component>
      <object_component id="oc-217">
         <name>.debug_info</name>
         <load_address>0x6d768</load_address>
         <run_address>0x6d768</run_address>
         <size>0xfc</size>
         <input_file_ref idref="fl-60"/>
      </object_component>
      <object_component id="oc-21b">
         <name>.debug_info</name>
[...]
      </symbol>
      <symbol id="sm-53f">
         <name>_EmuBMode</name>
         <value>0xd01</value>
         <object_component_ref idref="oc-114"/>
      </symbol>
      <symbol id="sm-540">
         <name>_CsmRegs</name>
         <value>0xae0</value>
         <object_component_ref idref="oc-11f"/>
      </symbol>
      <symbol id="sm-541">
         <name>_ECanaLAMRegs</name>
         <value>0x6040</value>
         <object_component_ref idref="oc-136"/>
      </symbol>
      <symbol id="sm-542">
         <name>_AdcResult</name>
         <value>0xb00</value>
         <object_component_ref idref="oc-11e"/>
      </symbol>
      <symbol id="sm-543">
         <name>_EPwm4Regs</name>
         <value>0x68c0</value>
         <object_component_ref idref="oc-13c"/>
      </symbol>
      <symbol id="sm-544">
         <name>_CpuTimer1Regs</name>
         <value>0xc08</value>
         <object_component_ref idref="oc-11a"/>
      </symbol>
      <symbol id="sm-545">
         <name>_SysCtrlRegs</name>
         <value>0x7010</value>
         <object_component_ref idref="oc-133"/>
      </symbol>
      <symbol id="sm-546">
         <name>_EPwm5Regs</name>
         <value>0x6900</value>
         <object_component_ref idref="oc-13d"/>
      </symbol>
      <symbol id="sm-547">
         <name>_SpiaRegs</name>
         <value>0x7040</value>
         <object_component_ref idref="oc-123"/>
      </symbol>
      <symbol id="sm-548">
         <name>_ECanaMOTSRegs</name>
         <value>0x6080</value>
         <object_component_ref idref="oc-137"/>
      </symbol>
      <symbol id="sm-549">
         <name>_DmaRegs</name>
         <value>0x1000</value>
         <object_component_ref idref="oc-143"/>
      </symbol>
      <symbol id="sm-54a">
         <name>_FlashRegs</name>
         <value>0xa80</value>
         <object_component_ref idref="oc-11d"/>
      </symbol>
      <symbol id="sm-54b">
         <name>_CpuTimer0Regs</name>
         <value>0xc00</value>
         <object_component_ref idref="oc-119"/>
      </symbol>
      <symbol id="sm-54c">
         <name>_DevEmuRegs</name>
         <value>0x880</value>
         <object_component_ref idref="oc-118"/>
      </symbol>
      <symbol id="sm-54d">
         <name>_EPwm6Regs</name>
         <value>0x6940</value>
         <object_component_ref idref="oc-13e"/>
      </symbol>
      <symbol id="sm-54e">
         <name>_Comp1Regs</name>
         <value>0x6400</value>
         <object_component_ref idref="oc-126"/>
      </symbol>
      <symbol id="sm-54f">
         <name>_SciaRegs</name>
         <value>0x7050</value>
         <object_component_ref idref="oc-121"/>
      </symbol>
      <symbol id="sm-550">
         <name>_GpioDataRegs</name>
         <value>0x6fc0</value>
         <object_component_ref idref="oc-12d"/>
      </symbol>
      <symbol id="sm-551">
         <name>_CsmPwl</name>
         <value>0x3f7ff8</value>
         <object_component_ref idref="oc-11c"/>
      </symbol>
      <symbol id="sm-552">
         <name>_AdcRegs</name>
         <value>0x7100</value>
         <object_component_ref idref="oc-142"/>
      </symbol>
      <symbol id="sm-553">
         <name>_EPwm7Regs</name>
         <value>0x6980</value>
         <object_component_ref idref="oc-13f"/>
      </symbol>
      <symbol id="sm-554">
         <name>_Comp2Regs</name>
         <value>0x6420</value>
         <object_component_ref idref="oc-127"/>
      </symbol>
      <symbol id="sm-555">
         <name>_XIntruptRegs</name>
         <value>0x7070</value>
         <object_component_ref idref="oc-125"/>
      </symbol>
      <symbol id="sm-556">
         <name>_CpuTimer2Regs</name>
         <value>0xc10</value>
         <object_component_ref idref="oc-11b"/>
      </symbol>
      <symbol id="sm-557">
         <name>_PieCtrlRegs</name>
         <value>0xce0</value>
         <object_component_ref idref="oc-129"/>
      </symbol>
      <symbol id="sm-558">
         <name>_SpibRegs</name>
         <value>0x7740</value>
         <object_component_ref idref="oc-124"/>
      </symbol>
      <symbol id="sm-559">
         <name>_ECanaRegs</name>
         <value>0x6000</value>
         <object_component_ref idref="oc-134"/>
      </symbol>
      <symbol id="sm-55a">
         <name>_Comp3Regs</name>
         <value>0x6440</value>
         <object_component_ref idref="oc-128"/>
      </symbol>
      <symbol id="sm-55b">
         <name>_ECap1Regs</name>
         <value>0x6a00</value>
         <object_component_ref idref="oc-12a"/>
      </symbol>
      <symbol id="sm-55c">
         <name>_EmuKey</name>
         <value>0xd00</value>
         <object_component_ref idref="oc-113"/>
      </symbol>
      <symbol id="sm-55d">
         <name>_Cla1Regs</name>
         <value>0x1400</value>
         <object_component_ref idref="oc-135"/>
      </symbol>
      <symbol id="sm-55e">
         <name>_EQep1Regs</name>
         <value>0x6b00</value>
         <object_component_ref idref="oc-12f"/>
      </symbol>
      <symbol id="sm-55f">
         <name>_McbspaRegs</name>
         <value>0x5000</value>
         <object_component_ref idref="oc-132"/>
      </symbol>
      <symbol id="sm-560">
         <name>_EPwm1Regs</name>
         <value>0x6800</value>
         <object_component_ref idref="oc-139"/>
      </symbol>
      <symbol id="sm-561">
         <name>_ScibRegs</name>
         <value>0x7750</value>
         <object_component_ref idref="oc-122"/>
      </symbol>
      <symbol id="sm-562">
         <name>_ECap2Regs</name>
         <value>0x6a20</value>
         <object_component_ref idref="oc-12b"/>
      </symbol>
      <symbol id="sm-563">
         <name>_GpioIntRegs</name>
         <value>0x6fe0</value>
         <object_component_ref idref="oc-12e"/>
      </symbol>
      <symbol id="sm-564">
         <name>_EQep2Regs</name>
         <value>0x6b40</value>
         <object_component_ref idref="oc-130"/>
      </symbol>
      <symbol id="sm-565">
         <name>_PartIdRegs</name>
         <value>0x3d7e80</value>
         <object_component_ref idref="oc-112"/>
      </symbol>
      <symbol id="sm-566">
         <name>_EPwm8Regs</name>
         <value>0x69c0</value>
         <object_component_ref idref="oc-140"/>
      </symbol>
      <symbol id="sm-567">
         <name>_Flash_CPUScaleFactor</name>
         <value>0xd04</value>
         <object_component_ref idref="oc-115"/>
      </symbol>
      <symbol id="sm-568">
         <name>_EPwm2Regs</name>
         <value>0x6840</value>
         <object_component_ref idref="oc-13a"/>
      </symbol>
      <symbol id="sm-569">
         <name>_ECanaMboxes</name>
         <value>0x6100</value>
         <object_component_ref idref="oc-144"/>
      </symbol>
      <symbol id="sm-56a">
         <name>_ECap3Regs</name>
         <value>0x6a40</value>
         <object_component_ref idref="oc-12c"/>
      </symbol>
      <symbol id="sm-56b">
         <name>_NmiIntruptRegs</name>
         <value>0x7060</value>
         <object_component_ref idref="oc-120"/>
      </symbol>
      <symbol id="sm-56c">
         <name>_ECanaMOTORegs</name>
         <value>0x60c0</value>
         <object_component_ref idref="oc-138"/>
      </symbol>
      <symbol id="sm-56d">
         <name>_Flash_CallbackPtr</name>
         <value>0xd02</value>
         <object_component_ref idref="oc-116"/>
      </symbol>
      <symbol id="sm-56e">
         <name>_EPwm3Regs</name>
         <value>0x6880</value>
         <object_component_ref idref="oc-13b"/>
      </symbol>
      <symbol id="sm-56f">
         <name>_I2caRegs</name>
         <value>0x7900</value>
         <object_component_ref idref="oc-131"/>
      </symbol>
      <symbol id="sm-5a8">
         <name>_InitPieCtrl</name>
         <value>0x3f54dc</value>
         <object_component_ref idref="oc-243"/>
      </symbol>
      <symbol id="sm-5aa">
         <name>_EnableInterrupts</name>
         <value>0x3f54fb</value>
         <object_component_ref idref="oc-243"/>
      </symbol>
      <symbol id="sm-5bb">
         <name>_PieVectTableInit</name>
         <value>0x3edcea</value>
         <object_component_ref idref="oc-252"/>
      </symbol>
      <symbol id="sm-5bc">
         <name>_InitPieVectTable</name>
         <value>0x3f5504</value>
         <object_component_ref idref="oc-244"/>
      </symbol>
      <symbol id="sm-5df">
         <name>_InitPll</name>
         <value>0x3f4b66</value>
         <object_component_ref idref="oc-24f"/>
      </symbol>
      <symbol id="sm-5e1">
         <name>_IntOsc1Sel</name>
         <value>0x3f4c6f</value>
         <object_component_ref idref="oc-24f"/>
      </symbol>
      <symbol id="sm-5e3">
         <name>_ExtOscSel</name>
         <value>0x3f4cae</value>
         <object_component_ref idref="oc-24f"/>
      </symbol>
      <symbol id="sm-5e5">
         <name>_DisableDog</name>
         <value>0x3f4b5e</value>
         <object_component_ref idref="oc-24f"/>
      </symbol>
      <symbol id="sm-5e7">
         <name>_InitPeripheralClocks</name>
         <value>0x3f4be8</value>
         <object_component_ref idref="oc-24f"/>
      </symbol>
      <symbol id="sm-5e9">
         <name>_IntOsc2Sel</name>
         <value>0x3f4c7f</value>
         <object_component_ref idref="oc-24f"/>
      </symbol>
      <symbol id="sm-5eb">
         <name>_InitFlash</name>
         <value>0x833f</value>
         <object_component_ref idref="oc-245"/>
      </symbol>
      <symbol id="sm-5ed">
         <name>_CsmUnlock</name>
         <value>0x3f4c3e</value>
         <object_component_ref idref="oc-24f"/>
      </symbol>
      <symbol id="sm-5ef">
         <name>_InitPll2</name>
         <value>0x3f4bba</value>
         <object_component_ref idref="oc-24f"/>
      </symbol>
      <symbol id="sm-5f1">
         <name>_ServiceDog</name>
         <value>0x3f4b54</value>
         <object_component_ref idref="oc-24f"/>
      </symbol>
      <symbol id="sm-5f3">
         <name>_XtalOscSel</name>
         <value>0x3f4c93</value>
         <object_component_ref idref="oc-24f"/>
      </symbol>
      <symbol id="sm-5f5">
         <name>_InitSysCtrl</name>
         <value>0x3f4b3a</value>
         <object_component_ref idref="oc-24f"/>
      </symbol>
      <symbol id="sm-60b">
         <name>_DSP28x_usDelay</name>
         <value>0x835a</value>
         <object_component_ref idref="oc-179"/>
      </symbol>
      <symbol id="sm-617">
         <name>_GPIOInit</name>
         <value>0x3f501d</value>
         <object_component_ref idref="oc-250"/>
      </symbol>
      <symbol id="sm-624">
         <name>_Scib_Handle</name>
         <value>0xa840</value>
         <object_component_ref idref="oc-184"/>
      </symbol>
      <symbol id="sm-625">
         <name>_Scia_Handle</name>
         <value>0xa7c0</value>
         <object_component_ref idref="oc-184"/>
      </symbol>
      <symbol id="sm-638">
         <name>_SysCtrl_Init</name>
         <value>0x3f5341</value>
         <object_component_ref idref="oc-242"/>
      </symbol>
      <symbol id="sm-63a">
         <name>_MemCopy</name>
         <value>0x3f53a6</value>
         <object_component_ref idref="oc-242"/>
      </symbol>
      <symbol id="sm-63c">
         <name>_Function_Module_Init</name>
         <value>0x3f535b</value>
         <object_component_ref idref="oc-242"/>
      </symbol>
      <symbol id="sm-649">
         <name>__stack</name>
         <value>0xa97e</value>
         <object_component_ref idref="oc-18f"/>
      </symbol>
      <symbol id="sm-64a">
         <name>_c_int00</name>
         <value>0x3f63e0</value>
         <object_component_ref idref="oc-52"/>
      </symbol>
      <symbol id="sm-658">
         <name>__dtors_ptr</name>
         <value>0xa8a0</value>
         <object_component_ref idref="oc-197"/>
      </symbol>
      <symbol id="sm-659">
         <name>C$$EXIT</name>
         <value>0x8800</value>
         <object_component_ref idref="oc-194"/>
      </symbol>
      <symbol id="sm-65a">
         <name>_abort</name>
         <value>0x8800</value>
         <object_component_ref idref="oc-194"/>
      </symbol>
      <symbol id="sm-65b">
         <name>_exit</name>
         <value>0x8802</value>
         <object_component_ref idref="oc-194"/>
      </symbol>
      <symbol id="sm-65c">
         <name>__cleanup_ptr</name>
         <value>0xa89e</value>
         <object_component_ref idref="oc-197"/>
      </symbol>
      <symbol id="sm-664">
         <name>FS$$DIV</name>
         <value>0x3f61bc</value>
         <object_component_ref idref="oc-19a"/>
      </symbol>
      <symbol id="sm-66e">
         <name>_sqrt</name>
         <value>0x3f652a</value>
         <object_component_ref idref="oc-19e"/>
      </symbol>
      <symbol id="sm-676">
         <name>U$$MOD</name>
         <value>0x3f6629</value>
         <object_component_ref idref="oc-1a2"/>
      </symbol>
      <symbol id="sm-677">
         <name>U$$DIV</name>
         <value>0x3f6624</value>
         <object_component_ref idref="oc-1a2"/>
      </symbol>
      <symbol id="sm-683">
         <name>_atan2</name>
         <value>0x3f5fd2</value>
         <object_component_ref idref="oc-1a6"/>
      </symbol>
      <symbol id="sm-68d">
         <name>_cos</name>
         <value>0x3f6326</value>
         <object_component_ref idref="oc-1aa"/>
      </symbol>
      <symbol id="sm-697">
         <name>_sin</name>
         <value>0x3f6384</value>
         <object_component_ref idref="oc-1ae"/>
      </symbol>
      <symbol id="sm-6a1">
         <name>_tan</name>
         <value>0x3f62c7</value>
         <object_component_ref idref="oc-1b2"/>
      </symbol>
      <symbol id="sm-6af">
         <name>__lock</name>
         <value>0xa89c</value>
         <object_component_ref idref="oc-1b9"/>
      </symbol>
      <symbol id="sm-6b0">
         <name>__register_unlock</name>
         <value>0x3f6639</value>
         <object_component_ref idref="oc-1b6"/>
      </symbol>
      <symbol id="sm-6b1">
         <name>__nop</name>
         <value>0x3f6641</value>
         <object_component_ref idref="oc-1b6"/>
      </symbol>
      <symbol id="sm-6b2">
         <name>__register_lock</name>
         <value>0x3f663d</value>
         <object_component_ref idref="oc-1b6"/>
      </symbol>
      <symbol id="sm-6b3">
         <name>__unlock</name>
         <value>0xa89a</value>
         <object_component_ref idref="oc-1b9"/>
      </symbol>
      <symbol id="sm-6bd">
         <name>__TI_args_main</name>
         <value>0x1</value>
      </symbol>
      <symbol id="sm-6be">
         <name>__args_main</name>
         <value>0x3f65bf</value>
         <object_component_ref idref="oc-1bc"/>
      </symbol>
      <symbol id="sm-6ca">
         <name>_errno</name>
         <value>0xa8a2</value>
         <object_component_ref idref="oc-1c2"/>
      </symbol>
      <symbol id="sm-6d4">
         <name>_sprintf</name>
         <value>0x3f6457</value>
         <object_component_ref idref="oc-1c5"/>
      </symbol>
      <symbol id="sm-6de">
         <name>_frexp</name>
         <value>0x3f65da</value>
         <object_component_ref idref="oc-1c9"/>
      </symbol>
      <symbol id="sm-6e8">
         <name>_memcpy</name>
         <value>0x3f665b</value>
         <object_component_ref idref="oc-1cd"/>
      </symbol>
      <symbol id="sm-6f6">
         <name>__printfi</name>
         <value>0x3f5dc5</value>
         <object_component_ref idref="oc-1d1"/>
      </symbol>
      <symbol id="sm-700">
         <name>_atoi</name>
         <value>0x3f6426</value>
         <object_component_ref idref="oc-1d7"/>
      </symbol>
      <symbol id="sm-70a">
         <name>__ctypes_</name>
         <value>0x3edbe8</value>
         <object_component_ref idref="oc-23f"/>
      </symbol>
      <symbol id="sm-714">
         <name>_ltoa</name>
         <value>0x3f6486</value>
         <object_component_ref idref="oc-1de"/>
      </symbol>
      <symbol id="sm-71e">
         <name>_memccpy</name>
         <value>0x3f6604</value>
         <object_component_ref idref="oc-1e2"/>
      </symbol>
      <symbol id="sm-728">
         <name>_memset</name>
         <value>0x3f6654</value>
         <object_component_ref idref="oc-1e6"/>
      </symbol>
      <symbol id="sm-732">
         <name>_strcpy</name>
         <value>0x3f664b</value>
         <object_component_ref idref="oc-1ea"/>
      </symbol>
      <symbol id="sm-73c">
         <name>_strlen</name>
         <value>0x3f662f</value>
         <object_component_ref idref="oc-1ee"/>
      </symbol>
      <symbol id="sm-744">
         <name>FD$$CMP</name>
         <value>0x3f64b4</value>
         <object_component_ref idref="oc-1f2"/>
      </symbol>
      <symbol id="sm-74c">
         <name>FD$$DIV</name>
         <value>0x3f6131</value>
         <object_component_ref idref="oc-1f6"/>
      </symbol>
      <symbol id="sm-754">
         <name>FD$$MPY</name>
         <value>0x3f6244</value>
         <object_component_ref idref="oc-1fa"/>
      </symbol>
      <symbol id="sm-75c">
         <name>FD$$NEG</name>
         <value>0x3f6642</value>
         <object_component_ref idref="oc-1fe"/>
      </symbol>
      <symbol id="sm-764">
         <name>FD$$SUB</name>
         <value>0x3f6616</value>
         <object_component_ref idref="oc-202"/>
      </symbol>
      <symbol id="sm-76c">
         <name>FD$$TOI</name>
         <value>0x3f6508</value>
         <object_component_ref idref="oc-206"/>
      </symbol>
      <symbol id="sm-774">
         <name>FD$$TOL</name>
         <value>0x3f654a</value>
         <object_component_ref idref="oc-20a"/>
      </symbol>
      <symbol id="sm-77c">
         <name>FS$$TOFD</name>
         <value>0x3f6587</value>
         <object_component_ref idref="oc-20e"/>
      </symbol>
      <symbol id="sm-784">
         <name>L$$DIV</name>
         <value>0x3f64de</value>
         <object_component_ref idref="oc-212"/>
      </symbol>
      <symbol id="sm-785">
         <name>UL$$MOD</name>
         <value>0x3f6502</value>
         <object_component_ref idref="oc-212"/>
      </symbol>
      <symbol id="sm-786">
         <name>UL$$DIV</name>
         <value>0x3f64fb</value>
         <object_component_ref idref="oc-212"/>
      </symbol>
      <symbol id="sm-787">
         <name>L$$MOD</name>
         <value>0x3f64ed</value>
         <object_component_ref idref="oc-212"/>
      </symbol>
      <symbol id="sm-78f">
         <name>L$$TOFD</name>
         <value>0x3f65a3</value>
         <object_component_ref idref="oc-216"/>
      </symbol>
      <symbol id="sm-797">
         <name>LL$$CMP</name>
         <value>0x3f6569</value>
         <object_component_ref idref="oc-21a"/>
      </symbol>
      <symbol id="sm-798">
         <name>ULL$$CMP</name>
         <value>0x3f657b</value>
         <object_component_ref idref="oc-21a"/>
      </symbol>
      <symbol id="sm-7a0">
         <name>LL$$DIV</name>
         <value>0x3f5ecb</value>
         <object_component_ref idref="oc-21e"/>
      </symbol>
      <symbol id="sm-7a1">
         <name>ULL$$MOD</name>
         <value>0x3f5f70</value>
         <object_component_ref idref="oc-21e"/>
      </symbol>
      <symbol id="sm-7a2">
         <name>ULL$$DIV</name>
         <value>0x3f5f41</value>
         <object_component_ref idref="oc-21e"/>
      </symbol>
      <symbol id="sm-7a3">
         <name>LL$$MOD</name>
         <value>0x3f5f07</value>
         <object_component_ref idref="oc-21e"/>
      </symbol>
      <symbol id="sm-7ab">
         <name>LL$$MPY</name>
         <value>0x3f65f0</value>
         <object_component_ref idref="oc-222"/>
      </symbol>
      <symbol id="sm-7b3">
         <name>FD$$ADD</name>
         <value>0x3f6095</value>
         <object_component_ref idref="oc-226"/>
      </symbol>
      <symbol id="sm-7bf">
         <name>_SOGI_calc</name>
         <value>0x3f50f6</value>
         <object_component_ref idref="oc-236"/>
      </symbol>
   </symbol_table>
   <title>Link successful</title>
</link_info>
